<?xml version="1.0" encoding="ISO-8859-1" ?>
<link_info>
   <banner>TI ARM Clang Linker PC v3.2.2.LTS</banner>
   <copyright>Copyright (c) 1996-2018 Texas Instruments Incorporated</copyright>
   <link_time>0x66bf7a4f</link_time>
   <link_errors>0x0</link_errors>
   <output_file>C:\Users\tanga\workspace_ccstheia\autodriving_gray_eularAng\Debug\autodriving_gray_eularAng.out</output_file>
   <entry_point>
      <name>_c_int00_noargs</name>
      <address>0x3c99</address>
   </entry_point>
   <input_file_list>
      <input_file id="fl-1">
         <path>C:\Users\tanga\workspace_ccstheia\autodriving_gray_eularAng\Debug\.\</path>
         <kind>object</kind>
         <file>main.o</file>
         <name>main.o</name>
      </input_file>
      <input_file id="fl-2">
         <path>C:\Users\tanga\workspace_ccstheia\autodriving_gray_eularAng\Debug\.\</path>
         <kind>object</kind>
         <file>ti_msp_dl_config.o</file>
         <name>ti_msp_dl_config.o</name>
      </input_file>
      <input_file id="fl-3">
         <path>C:\Users\tanga\workspace_ccstheia\autodriving_gray_eularAng\Debug\.\</path>
         <kind>object</kind>
         <file>startup_mspm0g350x_ticlang.o</file>
         <name>startup_mspm0g350x_ticlang.o</name>
      </input_file>
      <input_file id="fl-4">
         <path>C:\Users\tanga\workspace_ccstheia\autodriving_gray_eularAng\Debug\.\Module\</path>
         <kind>object</kind>
         <file>Motor.o</file>
         <name>Motor.o</name>
      </input_file>
      <input_file id="fl-5">
         <path>C:\Users\tanga\workspace_ccstheia\autodriving_gray_eularAng\Debug\.\Module\</path>
         <kind>object</kind>
         <file>Serial.o</file>
         <name>Serial.o</name>
      </input_file>
      <input_file id="fl-6">
         <path>C:\Users\tanga\workspace_ccstheia\autodriving_gray_eularAng\Debug\.\Module\</path>
         <kind>object</kind>
         <file>Track.o</file>
         <name>Track.o</name>
      </input_file>
      <input_file id="fl-7">
         <path>C:\Users\tanga\workspace_ccstheia\autodriving_gray_eularAng\Debug\.\OLED\</path>
         <kind>object</kind>
         <file>oled.o</file>
         <name>oled.o</name>
      </input_file>
      <input_file id="fl-14">
         <path>C:\Users\tanga\workspace_ccstheia\autodriving_gray_eularAng\Debug\</path>
         <kind>object</kind>
         <file>&lt;internal&gt;</file>
         <name>&lt;internal&gt;</name>
      </input_file>
      <input_file id="fl-15">
         <path>C:\ti\mspm0_sdk_2_01_00_03\source\ti\driverlib\lib\ticlang\m0p\mspm0g1x0x_g3x0x\</path>
         <kind>archive</kind>
         <file>driverlib.a</file>
         <name>dl_common.o</name>
      </input_file>
      <input_file id="fl-16">
         <path>C:\ti\mspm0_sdk_2_01_00_03\source\ti\driverlib\lib\ticlang\m0p\mspm0g1x0x_g3x0x\</path>
         <kind>archive</kind>
         <file>driverlib.a</file>
         <name>dl_timer.o</name>
      </input_file>
      <input_file id="fl-17">
         <path>C:\ti\mspm0_sdk_2_01_00_03\source\ti\driverlib\lib\ticlang\m0p\mspm0g1x0x_g3x0x\</path>
         <kind>archive</kind>
         <file>driverlib.a</file>
         <name>dl_uart.o</name>
      </input_file>
      <input_file id="fl-26">
         <path>C:\ti\ccstheia141\ccs\tools\compiler\ti-cgt-armllvm_3.2.2.LTS\lib\armv6m-ti-none-eabi\c\</path>
         <kind>archive</kind>
         <file>libc.a</file>
         <name>printf.c.obj</name>
      </input_file>
      <input_file id="fl-27">
         <path>C:\ti\ccstheia141\ccs\tools\compiler\ti-cgt-armllvm_3.2.2.LTS\lib\armv6m-ti-none-eabi\c\</path>
         <kind>archive</kind>
         <file>libc.a</file>
         <name>_printfi.c.obj</name>
      </input_file>
      <input_file id="fl-28">
         <path>C:\ti\ccstheia141\ccs\tools\compiler\ti-cgt-armllvm_3.2.2.LTS\lib\armv6m-ti-none-eabi\c\</path>
         <kind>archive</kind>
         <file>libc.a</file>
         <name>e_pow.c.obj</name>
      </input_file>
      <input_file id="fl-29">
         <path>C:\ti\ccstheia141\ccs\tools\compiler\ti-cgt-armllvm_3.2.2.LTS\lib\armv6m-ti-none-eabi\c\</path>
         <kind>archive</kind>
         <file>libc.a</file>
         <name>e_sqrt.c.obj</name>
      </input_file>
      <input_file id="fl-2a">
         <path>C:\ti\ccstheia141\ccs\tools\compiler\ti-cgt-armllvm_3.2.2.LTS\lib\armv6m-ti-none-eabi\c\</path>
         <kind>archive</kind>
         <file>libc.a</file>
         <name>s_frexp.c.obj</name>
      </input_file>
      <input_file id="fl-2b">
         <path>C:\ti\ccstheia141\ccs\tools\compiler\ti-cgt-armllvm_3.2.2.LTS\lib\armv6m-ti-none-eabi\c\</path>
         <kind>archive</kind>
         <file>libc.a</file>
         <name>s_scalbn.c.obj</name>
      </input_file>
      <input_file id="fl-2c">
         <path>C:\ti\ccstheia141\ccs\tools\compiler\ti-cgt-armllvm_3.2.2.LTS\lib\armv6m-ti-none-eabi\c\</path>
         <kind>archive</kind>
         <file>libc.a</file>
         <name>aeabi_portable.c.obj</name>
      </input_file>
      <input_file id="fl-2d">
         <path>C:\ti\ccstheia141\ccs\tools\compiler\ti-cgt-armllvm_3.2.2.LTS\lib\armv6m-ti-none-eabi\c\</path>
         <kind>archive</kind>
         <file>libc.a</file>
         <name>_lock.c.obj</name>
      </input_file>
      <input_file id="fl-2e">
         <path>C:\ti\ccstheia141\ccs\tools\compiler\ti-cgt-armllvm_3.2.2.LTS\lib\armv6m-ti-none-eabi\c\</path>
         <kind>archive</kind>
         <file>libc.a</file>
         <name>_ltoa.c.obj</name>
      </input_file>
      <input_file id="fl-2f">
         <path>C:\ti\ccstheia141\ccs\tools\compiler\ti-cgt-armllvm_3.2.2.LTS\lib\armv6m-ti-none-eabi\c\</path>
         <kind>archive</kind>
         <file>libc.a</file>
         <name>assert.c.obj</name>
      </input_file>
      <input_file id="fl-30">
         <path>C:\ti\ccstheia141\ccs\tools\compiler\ti-cgt-armllvm_3.2.2.LTS\lib\armv6m-ti-none-eabi\c\</path>
         <kind>archive</kind>
         <file>libc.a</file>
         <name>atoi.c.obj</name>
      </input_file>
      <input_file id="fl-31">
         <path>C:\ti\ccstheia141\ccs\tools\compiler\ti-cgt-armllvm_3.2.2.LTS\lib\armv6m-ti-none-eabi\c\</path>
         <kind>archive</kind>
         <file>libc.a</file>
         <name>defs.c.obj</name>
      </input_file>
      <input_file id="fl-32">
         <path>C:\ti\ccstheia141\ccs\tools\compiler\ti-cgt-armllvm_3.2.2.LTS\lib\armv6m-ti-none-eabi\c\</path>
         <kind>archive</kind>
         <file>libc.a</file>
         <name>memccpy.c.obj</name>
      </input_file>
      <input_file id="fl-33">
         <path>C:\ti\ccstheia141\ccs\tools\compiler\ti-cgt-armllvm_3.2.2.LTS\lib\armv6m-ti-none-eabi\c\</path>
         <kind>archive</kind>
         <file>libc.a</file>
         <name>memory.c.obj</name>
      </input_file>
      <input_file id="fl-34">
         <path>C:\ti\ccstheia141\ccs\tools\compiler\ti-cgt-armllvm_3.2.2.LTS\lib\armv6m-ti-none-eabi\c\</path>
         <kind>archive</kind>
         <file>libc.a</file>
         <name>strlen.c.obj</name>
      </input_file>
      <input_file id="fl-35">
         <path>C:\ti\ccstheia141\ccs\tools\compiler\ti-cgt-armllvm_3.2.2.LTS\lib\armv6m-ti-none-eabi\c\</path>
         <kind>archive</kind>
         <file>libc.a</file>
         <name>boot_cortex_m.c.obj</name>
      </input_file>
      <input_file id="fl-36">
         <path>C:\ti\ccstheia141\ccs\tools\compiler\ti-cgt-armllvm_3.2.2.LTS\lib\armv6m-ti-none-eabi\c\</path>
         <kind>archive</kind>
         <file>libc.a</file>
         <name>mathacl_init.c.obj</name>
      </input_file>
      <input_file id="fl-37">
         <path>C:\ti\ccstheia141\ccs\tools\compiler\ti-cgt-armllvm_3.2.2.LTS\lib\armv6m-ti-none-eabi\c\</path>
         <kind>archive</kind>
         <file>libc.a</file>
         <name>autoinit.c.obj</name>
      </input_file>
      <input_file id="fl-38">
         <path>C:\ti\ccstheia141\ccs\tools\compiler\ti-cgt-armllvm_3.2.2.LTS\lib\armv6m-ti-none-eabi\c\</path>
         <kind>archive</kind>
         <file>libc.a</file>
         <name>pre_init.c.obj</name>
      </input_file>
      <input_file id="fl-39">
         <path>C:\ti\ccstheia141\ccs\tools\compiler\ti-cgt-armllvm_3.2.2.LTS\lib\armv6m-ti-none-eabi\c\</path>
         <kind>archive</kind>
         <file>libc.a</file>
         <name>cpy_tbl.c.obj</name>
      </input_file>
      <input_file id="fl-3a">
         <path>C:\ti\ccstheia141\ccs\tools\compiler\ti-cgt-armllvm_3.2.2.LTS\lib\armv6m-ti-none-eabi\c\</path>
         <kind>archive</kind>
         <file>libc.a</file>
         <name>copy_zero_init.c.obj</name>
      </input_file>
      <input_file id="fl-3b">
         <path>C:\ti\ccstheia141\ccs\tools\compiler\ti-cgt-armllvm_3.2.2.LTS\lib\armv6m-ti-none-eabi\c\</path>
         <kind>archive</kind>
         <file>libc.a</file>
         <name>copy_decompress_none.c.obj</name>
      </input_file>
      <input_file id="fl-3c">
         <path>C:\ti\ccstheia141\ccs\tools\compiler\ti-cgt-armllvm_3.2.2.LTS\lib\armv6m-ti-none-eabi\c\</path>
         <kind>archive</kind>
         <file>libc.a</file>
         <name>copy_decompress_lzss.c.obj</name>
      </input_file>
      <input_file id="fl-3d">
         <path>C:\ti\ccstheia141\ccs\tools\compiler\ti-cgt-armllvm_3.2.2.LTS\lib\armv6m-ti-none-eabi\c\</path>
         <kind>archive</kind>
         <file>libc.a</file>
         <name>wcslen.c.obj</name>
      </input_file>
      <input_file id="fl-3e">
         <path>C:\ti\ccstheia141\ccs\tools\compiler\ti-cgt-armllvm_3.2.2.LTS\lib\armv6m-ti-none-eabi\c\</path>
         <kind>archive</kind>
         <file>libc.a</file>
         <name>sprintf.c.obj</name>
      </input_file>
      <input_file id="fl-3f">
         <path>C:\ti\ccstheia141\ccs\tools\compiler\ti-cgt-armllvm_3.2.2.LTS\lib\armv6m-ti-none-eabi\c\</path>
         <kind>archive</kind>
         <file>libc.a</file>
         <name>fflush.c.obj</name>
      </input_file>
      <input_file id="fl-40">
         <path>C:\ti\ccstheia141\ccs\tools\compiler\ti-cgt-armllvm_3.2.2.LTS\lib\armv6m-ti-none-eabi\c\</path>
         <kind>archive</kind>
         <file>libc.a</file>
         <name>aeabi_ctype.S.obj</name>
      </input_file>
      <input_file id="fl-41">
         <path>C:\ti\ccstheia141\ccs\tools\compiler\ti-cgt-armllvm_3.2.2.LTS\lib\armv6m-ti-none-eabi\c\</path>
         <kind>archive</kind>
         <file>libc.a</file>
         <name>exit.c.obj</name>
      </input_file>
      <input_file id="fl-42">
         <path>C:\ti\ccstheia141\ccs\tools\compiler\ti-cgt-armllvm_3.2.2.LTS\lib\armv6m-ti-none-eabi\c\</path>
         <kind>archive</kind>
         <file>libc.a</file>
         <name>args_main.c.obj</name>
      </input_file>
      <input_file id="fl-a8">
         <path>C:\ti\ccstheia141\ccs\tools\compiler\ti-cgt-armllvm_3.2.2.LTS\lib\armv6m-ti-none-eabi\c\</path>
         <kind>archive</kind>
         <file>libsysbm.a</file>
         <name>write.c.obj</name>
      </input_file>
      <input_file id="fl-a9">
         <path>C:\ti\ccstheia141\ccs\tools\compiler\ti-cgt-armllvm_3.2.2.LTS\lib\armv6m-ti-none-eabi\c\</path>
         <kind>archive</kind>
         <file>libsysbm.a</file>
         <name>host_device.c.obj</name>
      </input_file>
      <input_file id="fl-aa">
         <path>C:\ti\ccstheia141\ccs\tools\compiler\ti-cgt-armllvm_3.2.2.LTS\lib\armv6m-ti-none-eabi\c\</path>
         <kind>archive</kind>
         <file>libsysbm.a</file>
         <name>hostclose.c.obj</name>
      </input_file>
      <input_file id="fl-ab">
         <path>C:\ti\ccstheia141\ccs\tools\compiler\ti-cgt-armllvm_3.2.2.LTS\lib\armv6m-ti-none-eabi\c\</path>
         <kind>archive</kind>
         <file>libsysbm.a</file>
         <name>hostlseek.c.obj</name>
      </input_file>
      <input_file id="fl-ac">
         <path>C:\ti\ccstheia141\ccs\tools\compiler\ti-cgt-armllvm_3.2.2.LTS\lib\armv6m-ti-none-eabi\c\</path>
         <kind>archive</kind>
         <file>libsysbm.a</file>
         <name>hostopen.c.obj</name>
      </input_file>
      <input_file id="fl-ad">
         <path>C:\ti\ccstheia141\ccs\tools\compiler\ti-cgt-armllvm_3.2.2.LTS\lib\armv6m-ti-none-eabi\c\</path>
         <kind>archive</kind>
         <file>libsysbm.a</file>
         <name>hostread.c.obj</name>
      </input_file>
      <input_file id="fl-ae">
         <path>C:\ti\ccstheia141\ccs\tools\compiler\ti-cgt-armllvm_3.2.2.LTS\lib\armv6m-ti-none-eabi\c\</path>
         <kind>archive</kind>
         <file>libsysbm.a</file>
         <name>hostrename.c.obj</name>
      </input_file>
      <input_file id="fl-af">
         <path>C:\ti\ccstheia141\ccs\tools\compiler\ti-cgt-armllvm_3.2.2.LTS\lib\armv6m-ti-none-eabi\c\</path>
         <kind>archive</kind>
         <file>libsysbm.a</file>
         <name>hostunlink.c.obj</name>
      </input_file>
      <input_file id="fl-b0">
         <path>C:\ti\ccstheia141\ccs\tools\compiler\ti-cgt-armllvm_3.2.2.LTS\lib\armv6m-ti-none-eabi\c\</path>
         <kind>archive</kind>
         <file>libsysbm.a</file>
         <name>hostwrite.c.obj</name>
      </input_file>
      <input_file id="fl-b1">
         <path>C:\ti\ccstheia141\ccs\tools\compiler\ti-cgt-armllvm_3.2.2.LTS\lib\armv6m-ti-none-eabi\c\</path>
         <kind>archive</kind>
         <file>libsysbm.a</file>
         <name>trgmsg.c.obj</name>
      </input_file>
      <input_file id="fl-b2">
         <path>C:\ti\ccstheia141\ccs\tools\compiler\ti-cgt-armllvm_3.2.2.LTS\lib\clang\15.0.7\lib\armv6m-ti-none-eabi\</path>
         <kind>archive</kind>
         <file>libclang_rt.builtins.a</file>
         <name>addsf3.S.obj</name>
      </input_file>
      <input_file id="fl-b3">
         <path>C:\ti\ccstheia141\ccs\tools\compiler\ti-cgt-armllvm_3.2.2.LTS\lib\clang\15.0.7\lib\armv6m-ti-none-eabi\</path>
         <kind>archive</kind>
         <file>libclang_rt.builtins.a</file>
         <name>adddf3.S.obj</name>
      </input_file>
      <input_file id="fl-b4">
         <path>C:\ti\ccstheia141\ccs\tools\compiler\ti-cgt-armllvm_3.2.2.LTS\lib\clang\15.0.7\lib\armv6m-ti-none-eabi\</path>
         <kind>archive</kind>
         <file>libclang_rt.builtins.a</file>
         <name>muldf3.S.obj</name>
      </input_file>
      <input_file id="fl-b5">
         <path>C:\ti\ccstheia141\ccs\tools\compiler\ti-cgt-armllvm_3.2.2.LTS\lib\clang\15.0.7\lib\armv6m-ti-none-eabi\</path>
         <kind>archive</kind>
         <file>libclang_rt.builtins.a</file>
         <name>muldsi3.S.obj</name>
      </input_file>
      <input_file id="fl-b6">
         <path>C:\ti\ccstheia141\ccs\tools\compiler\ti-cgt-armllvm_3.2.2.LTS\lib\clang\15.0.7\lib\armv6m-ti-none-eabi\</path>
         <kind>archive</kind>
         <file>libclang_rt.builtins.a</file>
         <name>mulsf3.S.obj</name>
      </input_file>
      <input_file id="fl-b7">
         <path>C:\ti\ccstheia141\ccs\tools\compiler\ti-cgt-armllvm_3.2.2.LTS\lib\clang\15.0.7\lib\armv6m-ti-none-eabi\</path>
         <kind>archive</kind>
         <file>libclang_rt.builtins.a</file>
         <name>divsf3.S.obj</name>
      </input_file>
      <input_file id="fl-b8">
         <path>C:\ti\ccstheia141\ccs\tools\compiler\ti-cgt-armllvm_3.2.2.LTS\lib\clang\15.0.7\lib\armv6m-ti-none-eabi\</path>
         <kind>archive</kind>
         <file>libclang_rt.builtins.a</file>
         <name>divdf3.S.obj</name>
      </input_file>
      <input_file id="fl-b9">
         <path>C:\ti\ccstheia141\ccs\tools\compiler\ti-cgt-armllvm_3.2.2.LTS\lib\clang\15.0.7\lib\armv6m-ti-none-eabi\</path>
         <kind>archive</kind>
         <file>libclang_rt.builtins.a</file>
         <name>extendsfdf2.S.obj</name>
      </input_file>
      <input_file id="fl-ba">
         <path>C:\ti\ccstheia141\ccs\tools\compiler\ti-cgt-armllvm_3.2.2.LTS\lib\clang\15.0.7\lib\armv6m-ti-none-eabi\</path>
         <kind>archive</kind>
         <file>libclang_rt.builtins.a</file>
         <name>fixdfsi.S.obj</name>
      </input_file>
      <input_file id="fl-bb">
         <path>C:\ti\ccstheia141\ccs\tools\compiler\ti-cgt-armllvm_3.2.2.LTS\lib\clang\15.0.7\lib\armv6m-ti-none-eabi\</path>
         <kind>archive</kind>
         <file>libclang_rt.builtins.a</file>
         <name>fixsfsi.S.obj</name>
      </input_file>
      <input_file id="fl-bc">
         <path>C:\ti\ccstheia141\ccs\tools\compiler\ti-cgt-armllvm_3.2.2.LTS\lib\clang\15.0.7\lib\armv6m-ti-none-eabi\</path>
         <kind>archive</kind>
         <file>libclang_rt.builtins.a</file>
         <name>fixunsdfsi.S.obj</name>
      </input_file>
      <input_file id="fl-bd">
         <path>C:\ti\ccstheia141\ccs\tools\compiler\ti-cgt-armllvm_3.2.2.LTS\lib\clang\15.0.7\lib\armv6m-ti-none-eabi\</path>
         <kind>archive</kind>
         <file>libclang_rt.builtins.a</file>
         <name>fixunssfsi.S.obj</name>
      </input_file>
      <input_file id="fl-be">
         <path>C:\ti\ccstheia141\ccs\tools\compiler\ti-cgt-armllvm_3.2.2.LTS\lib\clang\15.0.7\lib\armv6m-ti-none-eabi\</path>
         <kind>archive</kind>
         <file>libclang_rt.builtins.a</file>
         <name>floatsidf.S.obj</name>
      </input_file>
      <input_file id="fl-bf">
         <path>C:\ti\ccstheia141\ccs\tools\compiler\ti-cgt-armllvm_3.2.2.LTS\lib\clang\15.0.7\lib\armv6m-ti-none-eabi\</path>
         <kind>archive</kind>
         <file>libclang_rt.builtins.a</file>
         <name>floatsisf.S.obj</name>
      </input_file>
      <input_file id="fl-c0">
         <path>C:\ti\ccstheia141\ccs\tools\compiler\ti-cgt-armllvm_3.2.2.LTS\lib\clang\15.0.7\lib\armv6m-ti-none-eabi\</path>
         <kind>archive</kind>
         <file>libclang_rt.builtins.a</file>
         <name>floatunsidf.S.obj</name>
      </input_file>
      <input_file id="fl-c1">
         <path>C:\ti\ccstheia141\ccs\tools\compiler\ti-cgt-armllvm_3.2.2.LTS\lib\clang\15.0.7\lib\armv6m-ti-none-eabi\</path>
         <kind>archive</kind>
         <file>libclang_rt.builtins.a</file>
         <name>floatunsisf.S.obj</name>
      </input_file>
      <input_file id="fl-c2">
         <path>C:\ti\ccstheia141\ccs\tools\compiler\ti-cgt-armllvm_3.2.2.LTS\lib\clang\15.0.7\lib\armv6m-ti-none-eabi\</path>
         <kind>archive</kind>
         <file>libclang_rt.builtins.a</file>
         <name>muldi3.S.obj</name>
      </input_file>
      <input_file id="fl-c3">
         <path>C:\ti\ccstheia141\ccs\tools\compiler\ti-cgt-armllvm_3.2.2.LTS\lib\clang\15.0.7\lib\armv6m-ti-none-eabi\</path>
         <kind>archive</kind>
         <file>libclang_rt.builtins.a</file>
         <name>truncdfsf2.S.obj</name>
      </input_file>
      <input_file id="fl-c4">
         <path>C:\ti\ccstheia141\ccs\tools\compiler\ti-cgt-armllvm_3.2.2.LTS\lib\clang\15.0.7\lib\armv6m-ti-none-eabi\</path>
         <kind>archive</kind>
         <file>libclang_rt.builtins.a</file>
         <name>aeabi_dcmp.S.obj</name>
      </input_file>
      <input_file id="fl-c5">
         <path>C:\ti\ccstheia141\ccs\tools\compiler\ti-cgt-armllvm_3.2.2.LTS\lib\clang\15.0.7\lib\armv6m-ti-none-eabi\</path>
         <kind>archive</kind>
         <file>libclang_rt.builtins.a</file>
         <name>aeabi_fcmp.S.obj</name>
      </input_file>
      <input_file id="fl-c6">
         <path>C:\ti\ccstheia141\ccs\tools\compiler\ti-cgt-armllvm_3.2.2.LTS\lib\clang\15.0.7\lib\armv6m-ti-none-eabi\</path>
         <kind>archive</kind>
         <file>libclang_rt.builtins.a</file>
         <name>aeabi_idivmod.S.obj</name>
      </input_file>
      <input_file id="fl-c7">
         <path>C:\ti\ccstheia141\ccs\tools\compiler\ti-cgt-armllvm_3.2.2.LTS\lib\clang\15.0.7\lib\armv6m-ti-none-eabi\</path>
         <kind>archive</kind>
         <file>libclang_rt.builtins.a</file>
         <name>aeabi_memcpy.S.obj</name>
      </input_file>
      <input_file id="fl-c8">
         <path>C:\ti\ccstheia141\ccs\tools\compiler\ti-cgt-armllvm_3.2.2.LTS\lib\clang\15.0.7\lib\armv6m-ti-none-eabi\</path>
         <kind>archive</kind>
         <file>libclang_rt.builtins.a</file>
         <name>aeabi_memset.S.obj</name>
      </input_file>
      <input_file id="fl-c9">
         <path>C:\ti\ccstheia141\ccs\tools\compiler\ti-cgt-armllvm_3.2.2.LTS\lib\clang\15.0.7\lib\armv6m-ti-none-eabi\</path>
         <kind>archive</kind>
         <file>libclang_rt.builtins.a</file>
         <name>aeabi_uidivmod.S.obj</name>
      </input_file>
      <input_file id="fl-ca">
         <path>C:\ti\ccstheia141\ccs\tools\compiler\ti-cgt-armllvm_3.2.2.LTS\lib\clang\15.0.7\lib\armv6m-ti-none-eabi\</path>
         <kind>archive</kind>
         <file>libclang_rt.builtins.a</file>
         <name>aeabi_uldivmod.S.obj</name>
      </input_file>
      <input_file id="fl-cb">
         <path>C:\ti\ccstheia141\ccs\tools\compiler\ti-cgt-armllvm_3.2.2.LTS\lib\clang\15.0.7\lib\armv6m-ti-none-eabi\</path>
         <kind>archive</kind>
         <file>libclang_rt.builtins.a</file>
         <name>comparesf2.S.obj</name>
      </input_file>
      <input_file id="fl-cc">
         <path>C:\ti\ccstheia141\ccs\tools\compiler\ti-cgt-armllvm_3.2.2.LTS\lib\clang\15.0.7\lib\armv6m-ti-none-eabi\</path>
         <kind>archive</kind>
         <file>libclang_rt.builtins.a</file>
         <name>udivmoddi4.S.obj</name>
      </input_file>
      <input_file id="fl-cd">
         <path>C:\ti\ccstheia141\ccs\tools\compiler\ti-cgt-armllvm_3.2.2.LTS\lib\clang\15.0.7\lib\armv6m-ti-none-eabi\</path>
         <kind>archive</kind>
         <file>libclang_rt.builtins.a</file>
         <name>ashldi3.S.obj</name>
      </input_file>
      <input_file id="fl-ce">
         <path>C:\ti\ccstheia141\ccs\tools\compiler\ti-cgt-armllvm_3.2.2.LTS\lib\clang\15.0.7\lib\armv6m-ti-none-eabi\</path>
         <kind>archive</kind>
         <file>libclang_rt.builtins.a</file>
         <name>comparedf2.c.obj</name>
      </input_file>
      <input_file id="fl-cf">
         <path>C:\ti\ccstheia141\ccs\tools\compiler\ti-cgt-armllvm_3.2.2.LTS\lib\clang\15.0.7\lib\armv6m-ti-none-eabi\</path>
         <kind>archive</kind>
         <file>libclang_rt.builtins.a</file>
         <name>aeabi_div0.c.obj</name>
      </input_file>
      <input_file id="fl-d0">
         <path>C:\ti\ccstheia141\ccs\tools\compiler\ti-cgt-armllvm_3.2.2.LTS\lib\armv6m-ti-none-eabi\c\</path>
         <kind>archive</kind>
         <file>libc.a</file>
         <name>memcpy16.S.obj</name>
      </input_file>
      <input_file id="fl-d1">
         <path>C:\ti\ccstheia141\ccs\tools\compiler\ti-cgt-armllvm_3.2.2.LTS\lib\armv6m-ti-none-eabi\c\</path>
         <kind>archive</kind>
         <file>libc.a</file>
         <name>memset16.S.obj</name>
      </input_file>
   </input_file_list>
   <object_component_list>
      <object_component id="oc-18">
         <name>.intvecs</name>
         <load_address>0x0</load_address>
         <readonly>true</readonly>
         <run_address>0x0</run_address>
         <size>0xc0</size>
         <alignment>0x4</alignment>
         <input_file_ref idref="fl-3"/>
      </object_component>
      <object_component id="oc-144">
         <name>.text:__TI_printfi</name>
         <load_address>0xc0</load_address>
         <readonly>true</readonly>
         <executable>true</executable>
         <run_address>0xc0</run_address>
         <size>0xa00</size>
         <alignment>0x4</alignment>
         <input_file_ref idref="fl-27"/>
      </object_component>
      <object_component id="oc-b3">
         <name>.text.main</name>
         <load_address>0xac0</load_address>
         <readonly>true</readonly>
         <executable>true</executable>
         <run_address>0xac0</run_address>
         <size>0x684</size>
         <alignment>0x4</alignment>
         <input_file_ref idref="fl-1"/>
      </object_component>
      <object_component id="oc-1b6">
         <name>.text._pconv_a</name>
         <load_address>0x1144</load_address>
         <readonly>true</readonly>
         <executable>true</executable>
         <run_address>0x1144</run_address>
         <size>0x220</size>
         <alignment>0x4</alignment>
         <input_file_ref idref="fl-27"/>
      </object_component>
      <object_component id="oc-1c5">
         <name>.text.SYSCFG_DL_GPIO_init</name>
         <load_address>0x1364</load_address>
         <readonly>true</readonly>
         <executable>true</executable>
         <run_address>0x1364</run_address>
         <size>0x218</size>
         <alignment>0x4</alignment>
         <input_file_ref idref="fl-2"/>
      </object_component>
      <object_component id="oc-87">
         <name>.text.computeAngPID</name>
         <load_address>0x157c</load_address>
         <readonly>true</readonly>
         <executable>true</executable>
         <run_address>0x157c</run_address>
         <size>0x210</size>
         <alignment>0x4</alignment>
         <input_file_ref idref="fl-1"/>
      </object_component>
      <object_component id="oc-1b9">
         <name>.text._pconv_g</name>
         <load_address>0x178c</load_address>
         <readonly>true</readonly>
         <executable>true</executable>
         <run_address>0x178c</run_address>
         <size>0x1dc</size>
         <alignment>0x4</alignment>
         <input_file_ref idref="fl-27"/>
      </object_component>
      <object_component id="oc-119">
         <name>.text.follow_blackline_multiChannel</name>
         <load_address>0x1968</load_address>
         <readonly>true</readonly>
         <executable>true</executable>
         <run_address>0x1968</run_address>
         <size>0x1d4</size>
         <alignment>0x4</alignment>
         <input_file_ref idref="fl-6"/>
      </object_component>
      <object_component id="oc-e2">
         <name>.text.adddf3_subdf3</name>
         <load_address>0x1b3c</load_address>
         <readonly>true</readonly>
         <executable>true</executable>
         <run_address>0x1b3c</run_address>
         <size>0x192</size>
         <alignment>0x4</alignment>
         <input_file_ref idref="fl-b3"/>
      </object_component>
      <object_component id="oc-1e7">
         <name>.text.__aeabi_idiv0</name>
         <load_address>0x1cce</load_address>
         <readonly>true</readonly>
         <executable>true</executable>
         <run_address>0x1cce</run_address>
         <size>0x2</size>
         <alignment>0x2</alignment>
         <input_file_ref idref="fl-cf"/>
      </object_component>
      <object_component id="oc-3e">
         <name>.text.UART0_IRQHandler</name>
         <load_address>0x1cd0</load_address>
         <readonly>true</readonly>
         <executable>true</executable>
         <run_address>0x1cd0</run_address>
         <size>0x174</size>
         <alignment>0x4</alignment>
         <input_file_ref idref="fl-5"/>
      </object_component>
      <object_component id="oc-40">
         <name>.text.TIMA1_IRQHandler</name>
         <load_address>0x1e44</load_address>
         <readonly>true</readonly>
         <executable>true</executable>
         <run_address>0x1e44</run_address>
         <size>0x160</size>
         <alignment>0x4</alignment>
         <input_file_ref idref="fl-1"/>
      </object_component>
      <object_component id="oc-21c">
         <name>.text.fcvt</name>
         <load_address>0x1fa4</load_address>
         <readonly>true</readonly>
         <executable>true</executable>
         <run_address>0x1fa4</run_address>
         <size>0x13c</size>
         <alignment>0x4</alignment>
         <input_file_ref idref="fl-27"/>
      </object_component>
      <object_component id="oc-1b7">
         <name>.text._pconv_e</name>
         <load_address>0x20e0</load_address>
         <readonly>true</readonly>
         <executable>true</executable>
         <run_address>0x20e0</run_address>
         <size>0x120</size>
         <alignment>0x4</alignment>
         <input_file_ref idref="fl-27"/>
      </object_component>
      <object_component id="oc-180">
         <name>.text.get_Info</name>
         <load_address>0x2200</load_address>
         <readonly>true</readonly>
         <executable>true</executable>
         <run_address>0x2200</run_address>
         <size>0x120</size>
         <alignment>0x4</alignment>
         <input_file_ref idref="fl-6"/>
      </object_component>
      <object_component id="oc-218">
         <name>.text.__divdf3</name>
         <load_address>0x2320</load_address>
         <readonly>true</readonly>
         <executable>true</executable>
         <run_address>0x2320</run_address>
         <size>0x10c</size>
         <alignment>0x4</alignment>
         <input_file_ref idref="fl-b8"/>
      </object_component>
      <object_component id="oc-249">
         <name>.text.DL_Timer_initTimerMode</name>
         <load_address>0x242c</load_address>
         <readonly>true</readonly>
         <executable>true</executable>
         <run_address>0x242c</run_address>
         <size>0xe8</size>
         <alignment>0x4</alignment>
         <input_file_ref idref="fl-16"/>
      </object_component>
      <object_component id="oc-d6">
         <name>.text.__muldf3</name>
         <load_address>0x2514</load_address>
         <readonly>true</readonly>
         <executable>true</executable>
         <run_address>0x2514</run_address>
         <size>0xe4</size>
         <alignment>0x4</alignment>
         <input_file_ref idref="fl-b4"/>
      </object_component>
      <object_component id="oc-34">
         <name>.text.GROUP1_IRQHandler</name>
         <load_address>0x25f8</load_address>
         <readonly>true</readonly>
         <executable>true</executable>
         <run_address>0x25f8</run_address>
         <size>0xe0</size>
         <alignment>0x4</alignment>
         <input_file_ref idref="fl-1"/>
      </object_component>
      <object_component id="oc-202">
         <name>.text.scalbn</name>
         <load_address>0x26d8</load_address>
         <readonly>true</readonly>
         <executable>true</executable>
         <run_address>0x26d8</run_address>
         <size>0xd8</size>
         <alignment>0x4</alignment>
         <input_file_ref idref="fl-2b"/>
      </object_component>
      <object_component id="oc-ce">
         <name>.text</name>
         <load_address>0x27b0</load_address>
         <readonly>true</readonly>
         <executable>true</executable>
         <run_address>0x27b0</run_address>
         <size>0xd8</size>
         <alignment>0x4</alignment>
         <input_file_ref idref="fl-b2"/>
      </object_component>
      <object_component id="oc-241">
         <name>.text.DL_Timer_initPWMMode</name>
         <load_address>0x2888</load_address>
         <readonly>true</readonly>
         <executable>true</executable>
         <run_address>0x2888</run_address>
         <size>0xc4</size>
         <alignment>0x4</alignment>
         <input_file_ref idref="fl-16"/>
      </object_component>
      <object_component id="oc-39">
         <name>.text.UART1_IRQHandler</name>
         <load_address>0x294c</load_address>
         <readonly>true</readonly>
         <executable>true</executable>
         <run_address>0x294c</run_address>
         <size>0xac</size>
         <alignment>0x4</alignment>
         <input_file_ref idref="fl-5"/>
      </object_component>
      <object_component id="oc-1d1">
         <name>.text.M1_Wheel_Direction</name>
         <load_address>0x29f8</load_address>
         <readonly>true</readonly>
         <executable>true</executable>
         <run_address>0x29f8</run_address>
         <size>0xa4</size>
         <alignment>0x4</alignment>
         <input_file_ref idref="fl-4"/>
      </object_component>
      <object_component id="oc-1f9">
         <name>.text</name>
         <load_address>0x2a9c</load_address>
         <readonly>true</readonly>
         <executable>true</executable>
         <run_address>0x2a9c</run_address>
         <size>0xa2</size>
         <alignment>0x4</alignment>
         <input_file_ref idref="fl-cc"/>
      </object_component>
      <object_component id="oc-264">
         <name>.text.__aeabi_ldiv0</name>
         <load_address>0x2b3e</load_address>
         <readonly>true</readonly>
         <executable>true</executable>
         <run_address>0x2b3e</run_address>
         <size>0x2</size>
         <alignment>0x2</alignment>
         <input_file_ref idref="fl-cf"/>
      </object_component>
      <object_component id="oc-1d2">
         <name>.text.M2_Wheel_Direction</name>
         <load_address>0x2b40</load_address>
         <readonly>true</readonly>
         <executable>true</executable>
         <run_address>0x2b40</run_address>
         <size>0x9c</size>
         <alignment>0x4</alignment>
         <input_file_ref idref="fl-4"/>
      </object_component>
      <object_component id="oc-1c4">
         <name>.text.SYSCFG_DL_initPower</name>
         <load_address>0x2bdc</load_address>
         <readonly>true</readonly>
         <executable>true</executable>
         <run_address>0x2bdc</run_address>
         <size>0x8c</size>
         <alignment>0x4</alignment>
         <input_file_ref idref="fl-2"/>
      </object_component>
      <object_component id="oc-de">
         <name>.text.__mulsf3</name>
         <load_address>0x2c68</load_address>
         <readonly>true</readonly>
         <executable>true</executable>
         <run_address>0x2c68</run_address>
         <size>0x8c</size>
         <alignment>0x4</alignment>
         <input_file_ref idref="fl-b6"/>
      </object_component>
      <object_component id="oc-1c7">
         <name>.text.SYSCFG_DL_PWM_Motor_init</name>
         <load_address>0x2cf4</load_address>
         <readonly>true</readonly>
         <executable>true</executable>
         <run_address>0x2cf4</run_address>
         <size>0x84</size>
         <alignment>0x4</alignment>
         <input_file_ref idref="fl-2"/>
      </object_component>
      <object_component id="oc-e6">
         <name>.text.__divsf3</name>
         <load_address>0x2d78</load_address>
         <readonly>true</readonly>
         <executable>true</executable>
         <run_address>0x2d78</run_address>
         <size>0x82</size>
         <alignment>0x4</alignment>
         <input_file_ref idref="fl-b7"/>
      </object_component>
      <object_component id="oc-145">
         <name>.text._nop</name>
         <load_address>0x2dfa</load_address>
         <readonly>true</readonly>
         <executable>true</executable>
         <run_address>0x2dfa</run_address>
         <size>0x2</size>
         <alignment>0x2</alignment>
         <input_file_ref idref="fl-2d"/>
      </object_component>
      <object_component id="oc-1c">
         <name>.text:decompress:lzss</name>
         <load_address>0x2dfc</load_address>
         <readonly>true</readonly>
         <executable>true</executable>
         <run_address>0x2dfc</run_address>
         <size>0x78</size>
         <alignment>0x4</alignment>
         <input_file_ref idref="fl-3c"/>
      </object_component>
      <object_component id="oc-178">
         <name>.text.L_Wheel_MoveForward</name>
         <load_address>0x2e74</load_address>
         <readonly>true</readonly>
         <executable>true</executable>
         <run_address>0x2e74</run_address>
         <size>0xc</size>
         <alignment>0x2</alignment>
         <input_file_ref idref="fl-4"/>
      </object_component>
      <object_component id="oc-ea">
         <name>.text.__truncdfsf2</name>
         <load_address>0x2e80</load_address>
         <readonly>true</readonly>
         <executable>true</executable>
         <run_address>0x2e80</run_address>
         <size>0x74</size>
         <alignment>0x10</alignment>
         <input_file_ref idref="fl-c3"/>
      </object_component>
      <object_component id="oc-163">
         <name>.text.__gedf2</name>
         <load_address>0x2ef4</load_address>
         <readonly>true</readonly>
         <executable>true</executable>
         <run_address>0x2ef4</run_address>
         <size>0x70</size>
         <alignment>0x4</alignment>
         <input_file_ref idref="fl-ce"/>
      </object_component>
      <object_component id="oc-15d">
         <name>.text.__ledf2</name>
         <load_address>0x2f64</load_address>
         <readonly>true</readonly>
         <executable>true</executable>
         <run_address>0x2f64</run_address>
         <size>0x6c</size>
         <alignment>0x4</alignment>
         <input_file_ref idref="fl-ce"/>
      </object_component>
      <object_component id="oc-106">
         <name>.text.sys_init</name>
         <load_address>0x2fd0</load_address>
         <readonly>true</readonly>
         <executable>true</executable>
         <run_address>0x2fd0</run_address>
         <size>0x68</size>
         <alignment>0x4</alignment>
         <input_file_ref idref="fl-1"/>
      </object_component>
      <object_component id="oc-216">
         <name>.text._mcpy</name>
         <load_address>0x3038</load_address>
         <readonly>true</readonly>
         <executable>true</executable>
         <run_address>0x3038</run_address>
         <size>0x66</size>
         <alignment>0x2</alignment>
         <input_file_ref idref="fl-27"/>
      </object_component>
      <object_component id="oc-107">
         <name>.text.reset_PID</name>
         <load_address>0x30a0</load_address>
         <readonly>true</readonly>
         <executable>true</executable>
         <run_address>0x30a0</run_address>
         <size>0x64</size>
         <alignment>0x4</alignment>
         <input_file_ref idref="fl-1"/>
      </object_component>
      <object_component id="oc-da">
         <name>.text.__aeabi_dcmp</name>
         <load_address>0x3104</load_address>
         <readonly>true</readonly>
         <executable>true</executable>
         <run_address>0x3104</run_address>
         <size>0x62</size>
         <alignment>0x4</alignment>
         <input_file_ref idref="fl-c4"/>
      </object_component>
      <object_component id="oc-d2">
         <name>.text.__aeabi_fcmp</name>
         <load_address>0x3168</load_address>
         <readonly>true</readonly>
         <executable>true</executable>
         <run_address>0x3168</run_address>
         <size>0x62</size>
         <alignment>0x4</alignment>
         <input_file_ref idref="fl-c5"/>
      </object_component>
      <object_component id="oc-11d">
         <name>.text.RxFunc</name>
         <load_address>0x31cc</load_address>
         <readonly>true</readonly>
         <executable>true</executable>
         <run_address>0x31cc</run_address>
         <size>0x60</size>
         <alignment>0x4</alignment>
         <input_file_ref idref="fl-5"/>
      </object_component>
      <object_component id="oc-1fe">
         <name>.text.frexp</name>
         <load_address>0x322c</load_address>
         <readonly>true</readonly>
         <executable>true</executable>
         <run_address>0x322c</run_address>
         <size>0x5c</size>
         <alignment>0x4</alignment>
         <input_file_ref idref="fl-2a"/>
      </object_component>
      <object_component id="oc-65">
         <name>.text.printf</name>
         <load_address>0x3288</load_address>
         <readonly>true</readonly>
         <executable>true</executable>
         <run_address>0x3288</run_address>
         <size>0x5c</size>
         <alignment>0x4</alignment>
         <input_file_ref idref="fl-26"/>
      </object_component>
      <object_component id="oc-20a">
         <name>.text.__TI_ltoa</name>
         <load_address>0x32e4</load_address>
         <readonly>true</readonly>
         <executable>true</executable>
         <run_address>0x32e4</run_address>
         <size>0x58</size>
         <alignment>0x2</alignment>
         <input_file_ref idref="fl-2e"/>
      </object_component>
      <object_component id="oc-1b8">
         <name>.text._pconv_f</name>
         <load_address>0x333c</load_address>
         <readonly>true</readonly>
         <executable>true</executable>
         <run_address>0x333c</run_address>
         <size>0x58</size>
         <alignment>0x2</alignment>
         <input_file_ref idref="fl-27"/>
      </object_component>
      <object_component id="oc-271">
         <name>.text.__aeabi_idivmod</name>
         <load_address>0x3394</load_address>
         <readonly>true</readonly>
         <executable>true</executable>
         <run_address>0x3394</run_address>
         <size>0x56</size>
         <alignment>0x4</alignment>
         <input_file_ref idref="fl-c6"/>
      </object_component>
      <object_component id="oc-10a">
         <name>.text.meet_black</name>
         <load_address>0x33ec</load_address>
         <readonly>true</readonly>
         <executable>true</executable>
         <run_address>0x33ec</run_address>
         <size>0x54</size>
         <alignment>0x4</alignment>
         <input_file_ref idref="fl-6"/>
      </object_component>
      <object_component id="oc-214">
         <name>.text._ecpy</name>
         <load_address>0x3440</load_address>
         <readonly>true</readonly>
         <executable>true</executable>
         <run_address>0x3440</run_address>
         <size>0x52</size>
         <alignment>0x2</alignment>
         <input_file_ref idref="fl-27"/>
      </object_component>
      <object_component id="oc-14e">
         <name>.text.fputs</name>
         <load_address>0x3494</load_address>
         <readonly>true</readonly>
         <executable>true</executable>
         <run_address>0x3494</run_address>
         <size>0x50</size>
         <alignment>0x4</alignment>
         <input_file_ref idref="fl-5"/>
      </object_component>
      <object_component id="oc-252">
         <name>.text.DL_UART_setBaudRateDivisor</name>
         <load_address>0x34e4</load_address>
         <readonly>true</readonly>
         <executable>true</executable>
         <run_address>0x34e4</run_address>
         <size>0x4c</size>
         <alignment>0x4</alignment>
         <input_file_ref idref="fl-2"/>
      </object_component>
      <object_component id="oc-1dc">
         <name>.text.PWM_0_SetPWM</name>
         <load_address>0x3530</load_address>
         <readonly>true</readonly>
         <executable>true</executable>
         <run_address>0x3530</run_address>
         <size>0x4c</size>
         <alignment>0x4</alignment>
         <input_file_ref idref="fl-4"/>
      </object_component>
      <object_component id="oc-1db">
         <name>.text.PWM_1_SetPWM</name>
         <load_address>0x357c</load_address>
         <readonly>true</readonly>
         <executable>true</executable>
         <run_address>0x357c</run_address>
         <size>0x4c</size>
         <alignment>0x4</alignment>
         <input_file_ref idref="fl-4"/>
      </object_component>
      <object_component id="oc-206">
         <name>.text.__fixdfsi</name>
         <load_address>0x35c8</load_address>
         <readonly>true</readonly>
         <executable>true</executable>
         <run_address>0x35c8</run_address>
         <size>0x4a</size>
         <alignment>0x4</alignment>
         <input_file_ref idref="fl-ba"/>
      </object_component>
      <object_component id="oc-250">
         <name>.text.DL_UART_init</name>
         <load_address>0x3614</load_address>
         <readonly>true</readonly>
         <executable>true</executable>
         <run_address>0x3614</run_address>
         <size>0x48</size>
         <alignment>0x4</alignment>
         <input_file_ref idref="fl-17"/>
      </object_component>
      <object_component id="oc-1ca">
         <name>.text.SYSCFG_DL_UART_0_init</name>
         <load_address>0x365c</load_address>
         <readonly>true</readonly>
         <executable>true</executable>
         <run_address>0x365c</run_address>
         <size>0x48</size>
         <alignment>0x4</alignment>
         <input_file_ref idref="fl-2"/>
      </object_component>
      <object_component id="oc-1cb">
         <name>.text.SYSCFG_DL_UART_JY60_init</name>
         <load_address>0x36a4</load_address>
         <readonly>true</readonly>
         <executable>true</executable>
         <run_address>0x36a4</run_address>
         <size>0x48</size>
         <alignment>0x4</alignment>
         <input_file_ref idref="fl-2"/>
      </object_component>
      <object_component id="oc-171">
         <name>.text.SYSCFG_DL_init</name>
         <load_address>0x36ec</load_address>
         <readonly>true</readonly>
         <executable>true</executable>
         <run_address>0x36ec</run_address>
         <size>0x44</size>
         <alignment>0x4</alignment>
         <input_file_ref idref="fl-2"/>
      </object_component>
      <object_component id="oc-17d">
         <name>.text.UART_transmitArray</name>
         <load_address>0x3730</load_address>
         <readonly>true</readonly>
         <executable>true</executable>
         <run_address>0x3730</run_address>
         <size>0x40</size>
         <alignment>0x2</alignment>
         <input_file_ref idref="fl-5"/>
      </object_component>
      <object_component id="oc-19a">
         <name>.text.__aeabi_uidivmod</name>
         <load_address>0x3770</load_address>
         <readonly>true</readonly>
         <executable>true</executable>
         <run_address>0x3770</run_address>
         <size>0x40</size>
         <alignment>0x4</alignment>
         <input_file_ref idref="fl-c9"/>
      </object_component>
      <object_component id="oc-88">
         <name>.text.__extendsfdf2</name>
         <load_address>0x37b0</load_address>
         <readonly>true</readonly>
         <executable>true</executable>
         <run_address>0x37b0</run_address>
         <size>0x40</size>
         <alignment>0x4</alignment>
         <input_file_ref idref="fl-b9"/>
      </object_component>
      <object_component id="oc-1a0">
         <name>.text.atoi</name>
         <load_address>0x37f0</load_address>
         <readonly>true</readonly>
         <executable>true</executable>
         <run_address>0x37f0</run_address>
         <size>0x40</size>
         <alignment>0x4</alignment>
         <input_file_ref idref="fl-30"/>
      </object_component>
      <object_component id="oc-10f">
         <name>.text.follow_straight_line</name>
         <load_address>0x3830</load_address>
         <readonly>true</readonly>
         <executable>true</executable>
         <run_address>0x3830</run_address>
         <size>0x40</size>
         <alignment>0x4</alignment>
         <input_file_ref idref="fl-1"/>
      </object_component>
      <object_component id="oc-105">
         <name>.text.UART_transmitString</name>
         <load_address>0x3870</load_address>
         <readonly>true</readonly>
         <executable>true</executable>
         <run_address>0x3870</run_address>
         <size>0x3c</size>
         <alignment>0x2</alignment>
         <input_file_ref idref="fl-5"/>
      </object_component>
      <object_component id="oc-11e">
         <name>.text.__floatsisf</name>
         <load_address>0x38ac</load_address>
         <readonly>true</readonly>
         <executable>true</executable>
         <run_address>0x38ac</run_address>
         <size>0x3c</size>
         <alignment>0x4</alignment>
         <input_file_ref idref="fl-bf"/>
      </object_component>
      <object_component id="oc-156">
         <name>.text.__gtsf2</name>
         <load_address>0x38e8</load_address>
         <readonly>true</readonly>
         <executable>true</executable>
         <run_address>0x38e8</run_address>
         <size>0x3c</size>
         <alignment>0x4</alignment>
         <input_file_ref idref="fl-cb"/>
      </object_component>
      <object_component id="oc-12b">
         <name>.text:__TI_auto_init_nobinit_nopinit</name>
         <load_address>0x3924</load_address>
         <readonly>true</readonly>
         <executable>true</executable>
         <run_address>0x3924</run_address>
         <size>0x3c</size>
         <alignment>0x4</alignment>
         <input_file_ref idref="fl-37"/>
      </object_component>
      <object_component id="oc-151">
         <name>.text.__eqsf2</name>
         <load_address>0x3960</load_address>
         <readonly>true</readonly>
         <executable>true</executable>
         <run_address>0x3960</run_address>
         <size>0x3a</size>
         <alignment>0x4</alignment>
         <input_file_ref idref="fl-cb"/>
      </object_component>
      <object_component id="oc-158">
         <name>.text.__muldsi3</name>
         <load_address>0x399c</load_address>
         <readonly>true</readonly>
         <executable>true</executable>
         <run_address>0x399c</run_address>
         <size>0x3a</size>
         <alignment>0x4</alignment>
         <input_file_ref idref="fl-b5"/>
      </object_component>
      <object_component id="oc-1d3">
         <name>.text.__fixsfsi</name>
         <load_address>0x39d8</load_address>
         <readonly>true</readonly>
         <executable>true</executable>
         <run_address>0x39d8</run_address>
         <size>0x38</size>
         <alignment>0x4</alignment>
         <input_file_ref idref="fl-bb"/>
      </object_component>
      <object_component id="oc-22c">
         <name>.text.DL_GPIO_initDigitalInputFeatures</name>
         <load_address>0x3a10</load_address>
         <readonly>true</readonly>
         <executable>true</executable>
         <run_address>0x3a10</run_address>
         <size>0x34</size>
         <alignment>0x4</alignment>
         <input_file_ref idref="fl-2"/>
      </object_component>
      <object_component id="oc-1c9">
         <name>.text.SYSCFG_DL_TIMER_Debug_init</name>
         <load_address>0x3a44</load_address>
         <readonly>true</readonly>
         <executable>true</executable>
         <run_address>0x3a44</run_address>
         <size>0x34</size>
         <alignment>0x4</alignment>
         <input_file_ref idref="fl-2"/>
      </object_component>
      <object_component id="oc-1c8">
         <name>.text.SYSCFG_DL_TIMER_computePID_init</name>
         <load_address>0x3a78</load_address>
         <readonly>true</readonly>
         <executable>true</executable>
         <run_address>0x3a78</run_address>
         <size>0x34</size>
         <alignment>0x4</alignment>
         <input_file_ref idref="fl-2"/>
      </object_component>
      <object_component id="oc-118">
         <name>.text.__NVIC_DisableIRQ</name>
         <load_address>0x3aac</load_address>
         <readonly>true</readonly>
         <executable>true</executable>
         <run_address>0x3aac</run_address>
         <size>0x34</size>
         <alignment>0x4</alignment>
         <input_file_ref idref="fl-1"/>
      </object_component>
      <object_component id="oc-25d">
         <name>.text.__fixunssfsi</name>
         <load_address>0x3ae0</load_address>
         <readonly>true</readonly>
         <executable>true</executable>
         <run_address>0x3ae0</run_address>
         <size>0x32</size>
         <alignment>0x4</alignment>
         <input_file_ref idref="fl-bd"/>
      </object_component>
      <object_component id="oc-22b">
         <name>.text.DL_GPIO_initDigitalOutputFeatures</name>
         <load_address>0x3b14</load_address>
         <readonly>true</readonly>
         <executable>true</executable>
         <run_address>0x3b14</run_address>
         <size>0x30</size>
         <alignment>0x4</alignment>
         <input_file_ref idref="fl-2"/>
      </object_component>
      <object_component id="oc-215">
         <name>.text._fcpy</name>
         <load_address>0x3b44</load_address>
         <readonly>true</readonly>
         <executable>true</executable>
         <run_address>0x3b44</run_address>
         <size>0x30</size>
         <alignment>0x2</alignment>
         <input_file_ref idref="fl-27"/>
      </object_component>
      <object_component id="oc-176">
         <name>.text.__NVIC_ClearPendingIRQ</name>
         <load_address>0x3b74</load_address>
         <readonly>true</readonly>
         <executable>true</executable>
         <run_address>0x3b74</run_address>
         <size>0x2c</size>
         <alignment>0x4</alignment>
         <input_file_ref idref="fl-1"/>
      </object_component>
      <object_component id="oc-11a">
         <name>.text.__NVIC_EnableIRQ</name>
         <load_address>0x3ba0</load_address>
         <readonly>true</readonly>
         <executable>true</executable>
         <run_address>0x3ba0</run_address>
         <size>0x2c</size>
         <alignment>0x4</alignment>
         <input_file_ref idref="fl-1"/>
      </object_component>
      <object_component id="oc-20e">
         <name>.text.__floatsidf</name>
         <load_address>0x3bcc</load_address>
         <readonly>true</readonly>
         <executable>true</executable>
         <run_address>0x3bcc</run_address>
         <size>0x2c</size>
         <alignment>0x4</alignment>
         <input_file_ref idref="fl-be"/>
      </object_component>
      <object_component id="oc-27a">
         <name>.text.DL_Common_updateReg</name>
         <load_address>0x3bf8</load_address>
         <readonly>true</readonly>
         <executable>true</executable>
         <run_address>0x3bf8</run_address>
         <size>0x28</size>
         <alignment>0x2</alignment>
         <input_file_ref idref="fl-2"/>
      </object_component>
      <object_component id="oc-236">
         <name>.text.DL_SYSCTL_setPowerPolicySTANDBY0</name>
         <load_address>0x3c20</load_address>
         <readonly>true</readonly>
         <executable>true</executable>
         <run_address>0x3c20</run_address>
         <size>0x28</size>
         <alignment>0x4</alignment>
         <input_file_ref idref="fl-2"/>
      </object_component>
      <object_component id="oc-1d7">
         <name>.text.__floatunsisf</name>
         <load_address>0x3c48</load_address>
         <readonly>true</readonly>
         <executable>true</executable>
         <run_address>0x3c48</run_address>
         <size>0x28</size>
         <alignment>0x4</alignment>
         <input_file_ref idref="fl-c1"/>
      </object_component>
      <object_component id="oc-108">
         <name>.text.reset_yaw</name>
         <load_address>0x3c70</load_address>
         <readonly>true</readonly>
         <executable>true</executable>
         <run_address>0x3c70</run_address>
         <size>0x28</size>
         <alignment>0x4</alignment>
         <input_file_ref idref="fl-1"/>
      </object_component>
      <object_component id="oc-5c">
         <name>.text:_c_int00_noargs</name>
         <load_address>0x3c98</load_address>
         <readonly>true</readonly>
         <executable>true</executable>
         <run_address>0x3c98</run_address>
         <size>0x28</size>
         <alignment>0x4</alignment>
         <input_file_ref idref="fl-35"/>
      </object_component>
      <object_component id="oc-17a">
         <name>.text.L_Wheel_SetSpeed</name>
         <load_address>0x3cc0</load_address>
         <readonly>true</readonly>
         <executable>true</executable>
         <run_address>0x3cc0</run_address>
         <size>0x24</size>
         <alignment>0x4</alignment>
         <input_file_ref idref="fl-4"/>
      </object_component>
      <object_component id="oc-17b">
         <name>.text.R_Wheel_SetSpeed</name>
         <load_address>0x3ce4</load_address>
         <readonly>true</readonly>
         <executable>true</executable>
         <run_address>0x3ce4</run_address>
         <size>0x24</size>
         <alignment>0x4</alignment>
         <input_file_ref idref="fl-4"/>
      </object_component>
      <object_component id="oc-1ad">
         <name>.text.__muldi3</name>
         <load_address>0x3d08</load_address>
         <readonly>true</readonly>
         <executable>true</executable>
         <run_address>0x3d08</run_address>
         <size>0x24</size>
         <alignment>0x4</alignment>
         <input_file_ref idref="fl-c2"/>
      </object_component>
      <object_component id="oc-1c6">
         <name>.text.SYSCFG_DL_SYSCTL_init</name>
         <load_address>0x3d2c</load_address>
         <readonly>true</readonly>
         <executable>true</executable>
         <run_address>0x3d2c</run_address>
         <size>0x22</size>
         <alignment>0x2</alignment>
         <input_file_ref idref="fl-2"/>
      </object_component>
      <object_component id="oc-113">
         <name>.text.delay_ms</name>
         <load_address>0x3d4e</load_address>
         <readonly>true</readonly>
         <executable>true</executable>
         <run_address>0x3d4e</run_address>
         <size>0x22</size>
         <alignment>0x2</alignment>
         <input_file_ref idref="fl-7"/>
      </object_component>
      <object_component id="oc-195">
         <name>.text.memccpy</name>
         <load_address>0x3d70</load_address>
         <readonly>true</readonly>
         <executable>true</executable>
         <run_address>0x3d70</run_address>
         <size>0x22</size>
         <alignment>0x2</alignment>
         <input_file_ref idref="fl-32"/>
      </object_component>
      <object_component id="oc-22a">
         <name>.text.DL_GPIO_initPeripheralInputFunction</name>
         <load_address>0x3d94</load_address>
         <readonly>true</readonly>
         <executable>true</executable>
         <run_address>0x3d94</run_address>
         <size>0x20</size>
         <alignment>0x4</alignment>
         <input_file_ref idref="fl-2"/>
      </object_component>
      <object_component id="oc-73">
         <name>.text.DL_UART_receiveDataBlocking</name>
         <load_address>0x3db4</load_address>
         <readonly>true</readonly>
         <executable>true</executable>
         <run_address>0x3db4</run_address>
         <size>0x20</size>
         <alignment>0x4</alignment>
         <input_file_ref idref="fl-17"/>
      </object_component>
      <object_component id="oc-1be">
         <name>.text.DL_UART_transmitDataBlocking</name>
         <load_address>0x3dd4</load_address>
         <readonly>true</readonly>
         <executable>true</executable>
         <run_address>0x3dd4</run_address>
         <size>0x20</size>
         <alignment>0x4</alignment>
         <input_file_ref idref="fl-17"/>
      </object_component>
      <object_component id="oc-251">
         <name>.text.DL_UART_setOversampling</name>
         <load_address>0x3df4</load_address>
         <readonly>true</readonly>
         <executable>true</executable>
         <run_address>0x3df4</run_address>
         <size>0x1e</size>
         <alignment>0x2</alignment>
         <input_file_ref idref="fl-2"/>
      </object_component>
      <object_component id="oc-265">
         <name>.text.__ashldi3</name>
         <load_address>0x3e14</load_address>
         <readonly>true</readonly>
         <executable>true</executable>
         <run_address>0x3e14</run_address>
         <size>0x1e</size>
         <alignment>0x4</alignment>
         <input_file_ref idref="fl-cd"/>
      </object_component>
      <object_component id="oc-64">
         <name>.text.DL_GPIO_clearInterruptStatus</name>
         <load_address>0x3e34</load_address>
         <readonly>true</readonly>
         <executable>true</executable>
         <run_address>0x3e34</run_address>
         <size>0x1c</size>
         <alignment>0x4</alignment>
         <input_file_ref idref="fl-1"/>
      </object_component>
      <object_component id="oc-230">
         <name>.text.DL_GPIO_clearInterruptStatus</name>
         <load_address>0x3e50</load_address>
         <readonly>true</readonly>
         <executable>true</executable>
         <run_address>0x3e50</run_address>
         <size>0x1c</size>
         <alignment>0x4</alignment>
         <input_file_ref idref="fl-2"/>
      </object_component>
      <object_component id="oc-231">
         <name>.text.DL_GPIO_enableInterrupt</name>
         <load_address>0x3e6c</load_address>
         <readonly>true</readonly>
         <executable>true</executable>
         <run_address>0x3e6c</run_address>
         <size>0x1c</size>
         <alignment>0x4</alignment>
         <input_file_ref idref="fl-2"/>
      </object_component>
      <object_component id="oc-22d">
         <name>.text.DL_GPIO_initDigitalInput</name>
         <load_address>0x3e88</load_address>
         <readonly>true</readonly>
         <executable>true</executable>
         <run_address>0x3e88</run_address>
         <size>0x1c</size>
         <alignment>0x4</alignment>
         <input_file_ref idref="fl-2"/>
      </object_component>
      <object_component id="oc-229">
         <name>.text.DL_GPIO_initPeripheralOutputFunction</name>
         <load_address>0x3ea4</load_address>
         <readonly>true</readonly>
         <executable>true</executable>
         <run_address>0x3ea4</run_address>
         <size>0x1c</size>
         <alignment>0x4</alignment>
         <input_file_ref idref="fl-2"/>
      </object_component>
      <object_component id="oc-233">
         <name>.text.DL_GPIO_setLowerPinsInputFilter</name>
         <load_address>0x3ec0</load_address>
         <readonly>true</readonly>
         <executable>true</executable>
         <run_address>0x3ec0</run_address>
         <size>0x1c</size>
         <alignment>0x4</alignment>
         <input_file_ref idref="fl-2"/>
      </object_component>
      <object_component id="oc-232">
         <name>.text.DL_GPIO_setLowerPinsPolarity</name>
         <load_address>0x3edc</load_address>
         <readonly>true</readonly>
         <executable>true</executable>
         <run_address>0x3edc</run_address>
         <size>0x1c</size>
         <alignment>0x4</alignment>
         <input_file_ref idref="fl-2"/>
      </object_component>
      <object_component id="oc-234">
         <name>.text.DL_GPIO_setUpperPinsInputFilter</name>
         <load_address>0x3ef8</load_address>
         <readonly>true</readonly>
         <executable>true</executable>
         <run_address>0x3ef8</run_address>
         <size>0x1c</size>
         <alignment>0x4</alignment>
         <input_file_ref idref="fl-2"/>
      </object_component>
      <object_component id="oc-238">
         <name>.text.DL_SYSCTL_setSYSOSCFreq</name>
         <load_address>0x3f14</load_address>
         <readonly>true</readonly>
         <executable>true</executable>
         <run_address>0x3f14</run_address>
         <size>0x1c</size>
         <alignment>0x4</alignment>
         <input_file_ref idref="fl-2"/>
      </object_component>
      <object_component id="oc-24a">
         <name>.text.DL_Timer_enableInterrupt</name>
         <load_address>0x3f30</load_address>
         <readonly>true</readonly>
         <executable>true</executable>
         <run_address>0x3f30</run_address>
         <size>0x1c</size>
         <alignment>0x4</alignment>
         <input_file_ref idref="fl-2"/>
      </object_component>
      <object_component id="oc-243">
         <name>.text.DL_Timer_setCaptCompUpdateMethod</name>
         <load_address>0x3f4c</load_address>
         <readonly>true</readonly>
         <executable>true</executable>
         <run_address>0x3f4c</run_address>
         <size>0x1c</size>
         <alignment>0x4</alignment>
         <input_file_ref idref="fl-16"/>
      </object_component>
      <object_component id="oc-23b">
         <name>.text.DL_Timer_setClockConfig</name>
         <load_address>0x3f68</load_address>
         <readonly>true</readonly>
         <executable>true</executable>
         <run_address>0x3f68</run_address>
         <size>0x1c</size>
         <alignment>0x4</alignment>
         <input_file_ref idref="fl-16"/>
      </object_component>
      <object_component id="oc-253">
         <name>.text.DL_UART_enableInterrupt</name>
         <load_address>0x3f84</load_address>
         <readonly>true</readonly>
         <executable>true</executable>
         <run_address>0x3f84</run_address>
         <size>0x1c</size>
         <alignment>0x4</alignment>
         <input_file_ref idref="fl-2"/>
      </object_component>
      <object_component id="oc-3f">
         <name>.text.TIMA0_IRQHandler</name>
         <load_address>0x3fa0</load_address>
         <readonly>true</readonly>
         <executable>true</executable>
         <run_address>0x3fa0</run_address>
         <size>0x1c</size>
         <alignment>0x4</alignment>
         <input_file_ref idref="fl-1"/>
      </object_component>
      <object_component id="oc-170">
         <name>.text.UART_transmitByte</name>
         <load_address>0x3fbc</load_address>
         <readonly>true</readonly>
         <executable>true</executable>
         <run_address>0x3fbc</run_address>
         <size>0x1c</size>
         <alignment>0x2</alignment>
         <input_file_ref idref="fl-5"/>
      </object_component>
      <object_component id="oc-14f">
         <name>.text.fputc</name>
         <load_address>0x3fd8</load_address>
         <readonly>true</readonly>
         <executable>true</executable>
         <run_address>0x3fd8</run_address>
         <size>0x1c</size>
         <alignment>0x4</alignment>
         <input_file_ref idref="fl-5"/>
      </object_component>
      <object_component id="oc-228">
         <name>.text.DL_GPIO_enableOutput</name>
         <load_address>0x3ff4</load_address>
         <readonly>true</readonly>
         <executable>true</executable>
         <run_address>0x3ff4</run_address>
         <size>0x18</size>
         <alignment>0x4</alignment>
         <input_file_ref idref="fl-2"/>
      </object_component>
      <object_component id="oc-223">
         <name>.text.DL_GPIO_enablePower</name>
         <load_address>0x400c</load_address>
         <readonly>true</readonly>
         <executable>true</executable>
         <run_address>0x400c</run_address>
         <size>0x18</size>
         <alignment>0x4</alignment>
         <input_file_ref idref="fl-2"/>
      </object_component>
      <object_component id="oc-63">
         <name>.text.DL_GPIO_getEnabledInterruptStatus</name>
         <load_address>0x4024</load_address>
         <readonly>true</readonly>
         <executable>true</executable>
         <run_address>0x4024</run_address>
         <size>0x18</size>
         <alignment>0x4</alignment>
         <input_file_ref idref="fl-1"/>
      </object_component>
      <object_component id="oc-226">
         <name>.text.DL_GPIO_initDigitalOutput</name>
         <load_address>0x403c</load_address>
         <readonly>true</readonly>
         <executable>true</executable>
         <run_address>0x403c</run_address>
         <size>0x18</size>
         <alignment>0x4</alignment>
         <input_file_ref idref="fl-2"/>
      </object_component>
      <object_component id="oc-220">
         <name>.text.DL_GPIO_reset</name>
         <load_address>0x4054</load_address>
         <readonly>true</readonly>
         <executable>true</executable>
         <run_address>0x4054</run_address>
         <size>0x18</size>
         <alignment>0x4</alignment>
         <input_file_ref idref="fl-2"/>
      </object_component>
      <object_component id="oc-25a">
         <name>.text.DL_GPIO_setPins</name>
         <load_address>0x406c</load_address>
         <readonly>true</readonly>
         <executable>true</executable>
         <run_address>0x406c</run_address>
         <size>0x18</size>
         <alignment>0x4</alignment>
         <input_file_ref idref="fl-4"/>
      </object_component>
      <object_component id="oc-22e">
         <name>.text.DL_GPIO_setPins</name>
         <load_address>0x4084</load_address>
         <readonly>true</readonly>
         <executable>true</executable>
         <run_address>0x4084</run_address>
         <size>0x18</size>
         <alignment>0x4</alignment>
         <input_file_ref idref="fl-2"/>
      </object_component>
      <object_component id="oc-22f">
         <name>.text.DL_GPIO_setUpperPinsPolarity</name>
         <load_address>0x409c</load_address>
         <readonly>true</readonly>
         <executable>true</executable>
         <run_address>0x409c</run_address>
         <size>0x18</size>
         <alignment>0x2</alignment>
         <input_file_ref idref="fl-2"/>
      </object_component>
      <object_component id="oc-182">
         <name>.text.DL_GPIO_togglePins</name>
         <load_address>0x40b4</load_address>
         <readonly>true</readonly>
         <executable>true</executable>
         <run_address>0x40b4</run_address>
         <size>0x18</size>
         <alignment>0x4</alignment>
         <input_file_ref idref="fl-1"/>
      </object_component>
      <object_component id="oc-237">
         <name>.text.DL_SYSCTL_setBORThreshold</name>
         <load_address>0x40cc</load_address>
         <readonly>true</readonly>
         <executable>true</executable>
         <run_address>0x40cc</run_address>
         <size>0x18</size>
         <alignment>0x4</alignment>
         <input_file_ref idref="fl-2"/>
      </object_component>
      <object_component id="oc-224">
         <name>.text.DL_Timer_enablePower</name>
         <load_address>0x40e4</load_address>
         <readonly>true</readonly>
         <executable>true</executable>
         <run_address>0x40e4</run_address>
         <size>0x18</size>
         <alignment>0x4</alignment>
         <input_file_ref idref="fl-2"/>
      </object_component>
      <object_component id="oc-221">
         <name>.text.DL_Timer_reset</name>
         <load_address>0x40fc</load_address>
         <readonly>true</readonly>
         <executable>true</executable>
         <run_address>0x40fc</run_address>
         <size>0x18</size>
         <alignment>0x4</alignment>
         <input_file_ref idref="fl-2"/>
      </object_component>
      <object_component id="oc-242">
         <name>.text.DL_Timer_setCaptureCompareOutCtl</name>
         <load_address>0x4114</load_address>
         <readonly>true</readonly>
         <executable>true</executable>
         <run_address>0x4114</run_address>
         <size>0x18</size>
         <alignment>0x4</alignment>
         <input_file_ref idref="fl-16"/>
      </object_component>
      <object_component id="oc-177">
         <name>.text.DL_Timer_startCounter</name>
         <load_address>0x412c</load_address>
         <readonly>true</readonly>
         <executable>true</executable>
         <run_address>0x412c</run_address>
         <size>0x18</size>
         <alignment>0x4</alignment>
         <input_file_ref idref="fl-1"/>
      </object_component>
      <object_component id="oc-225">
         <name>.text.DL_UART_enablePower</name>
         <load_address>0x4144</load_address>
         <readonly>true</readonly>
         <executable>true</executable>
         <run_address>0x4144</run_address>
         <size>0x18</size>
         <alignment>0x4</alignment>
         <input_file_ref idref="fl-2"/>
      </object_component>
      <object_component id="oc-222">
         <name>.text.DL_UART_reset</name>
         <load_address>0x415c</load_address>
         <readonly>true</readonly>
         <executable>true</executable>
         <run_address>0x415c</run_address>
         <size>0x18</size>
         <alignment>0x4</alignment>
         <input_file_ref idref="fl-2"/>
      </object_component>
      <object_component id="oc-1dd">
         <name>.text.DL_GPIO_readPins</name>
         <load_address>0x4174</load_address>
         <readonly>true</readonly>
         <executable>true</executable>
         <run_address>0x4174</run_address>
         <size>0x16</size>
         <alignment>0x2</alignment>
         <input_file_ref idref="fl-6"/>
      </object_component>
      <object_component id="oc-109">
         <name>.text.DL_GPIO_readPins</name>
         <load_address>0x418a</load_address>
         <readonly>true</readonly>
         <executable>true</executable>
         <run_address>0x418a</run_address>
         <size>0x16</size>
         <alignment>0x2</alignment>
         <input_file_ref idref="fl-1"/>
      </object_component>
      <object_component id="oc-254">
         <name>.text.DL_UART_enable</name>
         <load_address>0x41a0</load_address>
         <readonly>true</readonly>
         <executable>true</executable>
         <run_address>0x41a0</run_address>
         <size>0x16</size>
         <alignment>0x2</alignment>
         <input_file_ref idref="fl-2"/>
      </object_component>
      <object_component id="oc-110">
         <name>.text.Wheel_Halt</name>
         <load_address>0x41b6</load_address>
         <readonly>true</readonly>
         <executable>true</executable>
         <run_address>0x41b6</run_address>
         <size>0x16</size>
         <alignment>0x2</alignment>
         <input_file_ref idref="fl-4"/>
      </object_component>
      <object_component id="oc-53">
         <name>.text:decompress:ZI:__TI_zero_init_nomemset</name>
         <load_address>0x41cc</load_address>
         <readonly>true</readonly>
         <executable>true</executable>
         <run_address>0x41cc</run_address>
         <size>0x16</size>
         <alignment>0x2</alignment>
         <input_file_ref idref="fl-3a"/>
      </object_component>
      <object_component id="oc-259">
         <name>.text.DL_GPIO_clearPins</name>
         <load_address>0x41e2</load_address>
         <readonly>true</readonly>
         <executable>true</executable>
         <run_address>0x41e2</run_address>
         <size>0x14</size>
         <alignment>0x2</alignment>
         <input_file_ref idref="fl-4"/>
      </object_component>
      <object_component id="oc-227">
         <name>.text.DL_GPIO_clearPins</name>
         <load_address>0x41f6</load_address>
         <readonly>true</readonly>
         <executable>true</executable>
         <run_address>0x41f6</run_address>
         <size>0x14</size>
         <alignment>0x2</alignment>
         <input_file_ref idref="fl-2"/>
      </object_component>
      <object_component id="oc-23a">
         <name>.text.DL_SYSCTL_disableSYSPLL</name>
         <load_address>0x420c</load_address>
         <readonly>true</readonly>
         <executable>true</executable>
         <run_address>0x420c</run_address>
         <size>0x14</size>
         <alignment>0x4</alignment>
         <input_file_ref idref="fl-2"/>
      </object_component>
      <object_component id="oc-245">
         <name>.text.DL_Timer_enableClock</name>
         <load_address>0x4220</load_address>
         <readonly>true</readonly>
         <executable>true</executable>
         <run_address>0x4220</run_address>
         <size>0x14</size>
         <alignment>0x4</alignment>
         <input_file_ref idref="fl-2"/>
      </object_component>
      <object_component id="oc-246">
         <name>.text.DL_Timer_setCCPDirection</name>
         <load_address>0x4234</load_address>
         <readonly>true</readonly>
         <executable>true</executable>
         <run_address>0x4234</run_address>
         <size>0x14</size>
         <alignment>0x2</alignment>
         <input_file_ref idref="fl-2"/>
      </object_component>
      <object_component id="oc-1b2">
         <name>.text.__aeabi_uldivmod</name>
         <load_address>0x4248</load_address>
         <readonly>true</readonly>
         <executable>true</executable>
         <run_address>0x4248</run_address>
         <size>0x14</size>
         <alignment>0x4</alignment>
         <input_file_ref idref="fl-ca"/>
      </object_component>
      <object_component id="oc-112">
         <name>.text.prompt_toggle</name>
         <load_address>0x425c</load_address>
         <readonly>true</readonly>
         <executable>true</executable>
         <run_address>0x425c</run_address>
         <size>0x14</size>
         <alignment>0x4</alignment>
         <input_file_ref idref="fl-1"/>
      </object_component>
      <object_component id="oc-213">
         <name>.text.strchr</name>
         <load_address>0x4270</load_address>
         <readonly>true</readonly>
         <executable>true</executable>
         <run_address>0x4270</run_address>
         <size>0x14</size>
         <alignment>0x2</alignment>
         <input_file_ref idref="fl-27"/>
      </object_component>
      <object_component id="oc-86">
         <name>.text.DL_Timer_getPendingInterrupt</name>
         <load_address>0x4284</load_address>
         <readonly>true</readonly>
         <executable>true</executable>
         <run_address>0x4284</run_address>
         <size>0x12</size>
         <alignment>0x2</alignment>
         <input_file_ref idref="fl-1"/>
      </object_component>
      <object_component id="oc-72">
         <name>.text.DL_UART_getPendingInterrupt</name>
         <load_address>0x4296</load_address>
         <readonly>true</readonly>
         <executable>true</executable>
         <run_address>0x4296</run_address>
         <size>0x12</size>
         <alignment>0x2</alignment>
         <input_file_ref idref="fl-5"/>
      </object_component>
      <object_component id="oc-24f">
         <name>.text.DL_UART_setClockConfig</name>
         <load_address>0x42a8</load_address>
         <readonly>true</readonly>
         <executable>true</executable>
         <run_address>0x42a8</run_address>
         <size>0x12</size>
         <alignment>0x2</alignment>
         <input_file_ref idref="fl-17"/>
      </object_component>
      <object_component id="oc-fb">
         <name>.text:TI_memcpy_small</name>
         <load_address>0x42ba</load_address>
         <readonly>true</readonly>
         <executable>true</executable>
         <run_address>0x42ba</run_address>
         <size>0x12</size>
         <alignment>0x1</alignment>
         <input_file_ref idref="fl-d0"/>
      </object_component>
      <object_component id="oc-20">
         <name>.text:decompress:none</name>
         <load_address>0x42cc</load_address>
         <readonly>true</readonly>
         <executable>true</executable>
         <run_address>0x42cc</run_address>
         <size>0x12</size>
         <alignment>0x2</alignment>
         <input_file_ref idref="fl-3b"/>
      </object_component>
      <object_component id="oc-239">
         <name>.text.DL_SYSCTL_disableHFXT</name>
         <load_address>0x42e0</load_address>
         <readonly>true</readonly>
         <executable>true</executable>
         <run_address>0x42e0</run_address>
         <size>0x10</size>
         <alignment>0x4</alignment>
         <input_file_ref idref="fl-2"/>
      </object_component>
      <object_component id="oc-244">
         <name>.text.DL_Timer_setCaptureCompareValue</name>
         <load_address>0x42f0</load_address>
         <readonly>true</readonly>
         <executable>true</executable>
         <run_address>0x42f0</run_address>
         <size>0x10</size>
         <alignment>0x4</alignment>
         <input_file_ref idref="fl-16"/>
      </object_component>
      <object_component id="oc-1a4">
         <name>.text.wcslen</name>
         <load_address>0x4300</load_address>
         <readonly>true</readonly>
         <executable>true</executable>
         <run_address>0x4300</run_address>
         <size>0x10</size>
         <alignment>0x2</alignment>
         <input_file_ref idref="fl-3d"/>
      </object_component>
      <object_component id="oc-194">
         <name>.text.__aeabi_memset</name>
         <load_address>0x4310</load_address>
         <readonly>true</readonly>
         <executable>true</executable>
         <run_address>0x4310</run_address>
         <size>0xe</size>
         <alignment>0x4</alignment>
         <input_file_ref idref="fl-c8"/>
      </object_component>
      <object_component id="oc-193">
         <name>.text.strlen</name>
         <load_address>0x431e</load_address>
         <readonly>true</readonly>
         <executable>true</executable>
         <run_address>0x431e</run_address>
         <size>0xe</size>
         <alignment>0x2</alignment>
         <input_file_ref idref="fl-27"/>
      </object_component>
      <object_component id="oc-1ba">
         <name>.text.strlen</name>
         <load_address>0x432c</load_address>
         <readonly>true</readonly>
         <executable>true</executable>
         <run_address>0x432c</run_address>
         <size>0xe</size>
         <alignment>0x2</alignment>
         <input_file_ref idref="fl-34"/>
      </object_component>
      <object_component id="oc-16a">
         <name>.text:TI_memset_small</name>
         <load_address>0x433a</load_address>
         <readonly>true</readonly>
         <executable>true</executable>
         <run_address>0x433a</run_address>
         <size>0xe</size>
         <alignment>0x1</alignment>
         <input_file_ref idref="fl-d1"/>
      </object_component>
[...]
      <symbol id="sm-222">
         <name>__TI_ATRegion0_src_addr</name>
         <value>0x0</value>
      </symbol>
      <symbol id="sm-223">
         <name>__TI_ATRegion0_trg_addr</name>
         <value>0x0</value>
      </symbol>
      <symbol id="sm-224">
         <name>__TI_ATRegion0_region_sz</name>
         <value>0x0</value>
      </symbol>
      <symbol id="sm-225">
         <name>__TI_ATRegion1_src_addr</name>
         <value>0x0</value>
      </symbol>
      <symbol id="sm-226">
         <name>__TI_ATRegion1_trg_addr</name>
         <value>0x0</value>
      </symbol>
      <symbol id="sm-227">
         <name>__TI_ATRegion1_region_sz</name>
         <value>0x0</value>
      </symbol>
      <symbol id="sm-228">
         <name>__TI_ATRegion2_src_addr</name>
         <value>0x0</value>
      </symbol>
      <symbol id="sm-229">
         <name>__TI_ATRegion2_trg_addr</name>
         <value>0x0</value>
      </symbol>
      <symbol id="sm-22a">
         <name>__TI_ATRegion2_region_sz</name>
         <value>0x0</value>
      </symbol>
      <symbol id="sm-233">
         <name>DL_Common_delayCycles</name>
         <value>0x4355</value>
         <object_component_ref idref="oc-183"/>
      </symbol>
      <symbol id="sm-24f">
         <name>DL_Timer_setClockConfig</name>
         <value>0x3f69</value>
         <object_component_ref idref="oc-23b"/>
      </symbol>
      <symbol id="sm-250">
         <name>DL_Timer_initTimerMode</name>
         <value>0x242d</value>
         <object_component_ref idref="oc-249"/>
      </symbol>
      <symbol id="sm-251">
         <name>DL_Timer_setCaptureCompareValue</name>
         <value>0x42f1</value>
         <object_component_ref idref="oc-244"/>
      </symbol>
      <symbol id="sm-252">
         <name>DL_Timer_initPWMMode</name>
         <value>0x2889</value>
         <object_component_ref idref="oc-241"/>
      </symbol>
      <symbol id="sm-253">
         <name>DL_Timer_setCaptureCompareOutCtl</name>
         <value>0x4115</value>
         <object_component_ref idref="oc-242"/>
      </symbol>
      <symbol id="sm-254">
         <name>DL_Timer_setCaptCompUpdateMethod</name>
         <value>0x3f4d</value>
         <object_component_ref idref="oc-243"/>
      </symbol>
      <symbol id="sm-267">
         <name>DL_UART_init</name>
         <value>0x3615</value>
         <object_component_ref idref="oc-250"/>
      </symbol>
      <symbol id="sm-268">
         <name>DL_UART_setClockConfig</name>
         <value>0x42a9</value>
         <object_component_ref idref="oc-24f"/>
      </symbol>
      <symbol id="sm-269">
         <name>DL_UART_receiveDataBlocking</name>
         <value>0x3db5</value>
         <object_component_ref idref="oc-73"/>
      </symbol>
      <symbol id="sm-26a">
         <name>DL_UART_transmitDataBlocking</name>
         <value>0x3dd5</value>
         <object_component_ref idref="oc-1be"/>
      </symbol>
      <symbol id="sm-27b">
         <name>printf</name>
         <value>0x3289</value>
         <object_component_ref idref="oc-65"/>
      </symbol>
      <symbol id="sm-2c4">
         <name>__TI_printfi</name>
         <value>0xc1</value>
         <object_component_ref idref="oc-144"/>
      </symbol>
      <symbol id="sm-2d0">
         <name>frexp</name>
         <value>0x322d</value>
         <object_component_ref idref="oc-1fe"/>
      </symbol>
      <symbol id="sm-2d1">
         <name>frexpl</name>
         <value>0x322d</value>
         <object_component_ref idref="oc-1fe"/>
      </symbol>
      <symbol id="sm-2db">
         <name>scalbn</name>
         <value>0x26d9</value>
         <object_component_ref idref="oc-202"/>
      </symbol>
      <symbol id="sm-2dc">
         <name>ldexp</name>
         <value>0x26d9</value>
         <object_component_ref idref="oc-202"/>
      </symbol>
      <symbol id="sm-2dd">
         <name>scalbnl</name>
         <value>0x26d9</value>
         <object_component_ref idref="oc-202"/>
      </symbol>
      <symbol id="sm-2de">
         <name>ldexpl</name>
         <value>0x26d9</value>
         <object_component_ref idref="oc-202"/>
      </symbol>
      <symbol id="sm-2e9">
         <name>__aeabi_errno_addr</name>
         <value>0x4385</value>
         <object_component_ref idref="oc-1a8"/>
      </symbol>
      <symbol id="sm-2ea">
         <name>__aeabi_errno</name>
         <value>0x20200444</value>
         <object_component_ref idref="oc-1f4"/>
      </symbol>
      <symbol id="sm-2f3">
         <name>_nop</name>
         <value>0x2dfb</value>
         <object_component_ref idref="oc-145"/>
      </symbol>
      <symbol id="sm-2f4">
         <name>_lock</name>
         <value>0x20200448</value>
         <object_component_ref idref="oc-bf"/>
      </symbol>
      <symbol id="sm-2f5">
         <name>_unlock</name>
         <value>0x2020044c</value>
         <object_component_ref idref="oc-c5"/>
      </symbol>
      <symbol id="sm-2fe">
         <name>__TI_ltoa</name>
         <value>0x32e5</value>
         <object_component_ref idref="oc-20a"/>
      </symbol>
      <symbol id="sm-309">
         <name>atoi</name>
         <value>0x37f1</value>
         <object_component_ref idref="oc-1a0"/>
      </symbol>
      <symbol id="sm-30e">
         <name>_ftable</name>
         <value>0x20200338</value>
         <object_component_ref idref="oc-c1"/>
      </symbol>
      <symbol id="sm-317">
         <name>memccpy</name>
         <value>0x3d71</value>
         <object_component_ref idref="oc-195"/>
      </symbol>
      <symbol id="sm-321">
         <name>strlen</name>
         <value>0x432d</value>
         <object_component_ref idref="oc-1ba"/>
      </symbol>
      <symbol id="sm-32c">
         <name>_c_int00_noargs</name>
         <value>0x3c99</value>
         <object_component_ref idref="oc-5c"/>
      </symbol>
      <symbol id="sm-32d">
         <name>__stack</name>
         <value>0x20207e00</value>
         <object_component_ref idref="oc-1a"/>
      </symbol>
      <symbol id="sm-339">
         <name>__TI_auto_init_nobinit_nopinit</name>
         <value>0x3925</value>
         <object_component_ref idref="oc-12b"/>
      </symbol>
      <symbol id="sm-341">
         <name>_system_pre_init</name>
         <value>0x43ad</value>
         <object_component_ref idref="oc-af"/>
      </symbol>
      <symbol id="sm-34c">
         <name>__TI_zero_init_nomemset</name>
         <value>0x41cd</value>
         <object_component_ref idref="oc-53"/>
      </symbol>
      <symbol id="sm-355">
         <name>__TI_decompress_none</name>
         <value>0x42cd</value>
         <object_component_ref idref="oc-20"/>
      </symbol>
      <symbol id="sm-360">
         <name>__TI_decompress_lzss</name>
         <value>0x2dfd</value>
         <object_component_ref idref="oc-1c"/>
      </symbol>
      <symbol id="sm-369">
         <name>wcslen</name>
         <value>0x4301</value>
         <object_component_ref idref="oc-1a4"/>
      </symbol>
      <symbol id="sm-36c">
         <name>__aeabi_ctype_table_</name>
         <value>0x43c0</value>
         <object_component_ref idref="oc-1ed"/>
      </symbol>
      <symbol id="sm-36d">
         <name>__aeabi_ctype_table_C</name>
         <value>0x43c0</value>
         <object_component_ref idref="oc-1ed"/>
      </symbol>
      <symbol id="sm-377">
         <name>abort</name>
         <value>0x43b1</value>
         <object_component_ref idref="oc-124"/>
      </symbol>
      <symbol id="sm-378">
         <name>C$$EXIT</name>
         <value>0x43b0</value>
         <object_component_ref idref="oc-124"/>
      </symbol>
      <symbol id="sm-389">
         <name>__aeabi_fadd</name>
         <value>0x27bb</value>
         <object_component_ref idref="oc-ce"/>
      </symbol>
      <symbol id="sm-38a">
         <name>__addsf3</name>
         <value>0x27bb</value>
         <object_component_ref idref="oc-ce"/>
      </symbol>
      <symbol id="sm-38b">
         <name>__aeabi_fsub</name>
         <value>0x27b1</value>
         <object_component_ref idref="oc-ce"/>
      </symbol>
      <symbol id="sm-38c">
         <name>__subsf3</name>
         <value>0x27b1</value>
         <object_component_ref idref="oc-ce"/>
      </symbol>
      <symbol id="sm-392">
         <name>__aeabi_dadd</name>
         <value>0x1b47</value>
         <object_component_ref idref="oc-e2"/>
      </symbol>
      <symbol id="sm-393">
         <name>__adddf3</name>
         <value>0x1b47</value>
         <object_component_ref idref="oc-e2"/>
      </symbol>
      <symbol id="sm-394">
         <name>__aeabi_dsub</name>
         <value>0x1b3d</value>
         <object_component_ref idref="oc-e2"/>
      </symbol>
      <symbol id="sm-395">
         <name>__subdf3</name>
         <value>0x1b3d</value>
         <object_component_ref idref="oc-e2"/>
      </symbol>
      <symbol id="sm-39e">
         <name>__aeabi_dmul</name>
         <value>0x2515</value>
         <object_component_ref idref="oc-d6"/>
      </symbol>
      <symbol id="sm-39f">
         <name>__muldf3</name>
         <value>0x2515</value>
         <object_component_ref idref="oc-d6"/>
      </symbol>
      <symbol id="sm-3a5">
         <name>__muldsi3</name>
         <value>0x399d</value>
         <object_component_ref idref="oc-158"/>
      </symbol>
      <symbol id="sm-3ab">
         <name>__aeabi_fmul</name>
         <value>0x2c69</value>
         <object_component_ref idref="oc-de"/>
      </symbol>
      <symbol id="sm-3ac">
         <name>__mulsf3</name>
         <value>0x2c69</value>
         <object_component_ref idref="oc-de"/>
      </symbol>
      <symbol id="sm-3b2">
         <name>__aeabi_fdiv</name>
         <value>0x2d79</value>
         <object_component_ref idref="oc-e6"/>
      </symbol>
      <symbol id="sm-3b3">
         <name>__divsf3</name>
         <value>0x2d79</value>
         <object_component_ref idref="oc-e6"/>
      </symbol>
      <symbol id="sm-3b9">
         <name>__aeabi_ddiv</name>
         <value>0x2321</value>
         <object_component_ref idref="oc-218"/>
      </symbol>
      <symbol id="sm-3ba">
         <name>__divdf3</name>
         <value>0x2321</value>
         <object_component_ref idref="oc-218"/>
      </symbol>
      <symbol id="sm-3c0">
         <name>__aeabi_f2d</name>
         <value>0x37b1</value>
         <object_component_ref idref="oc-88"/>
      </symbol>
      <symbol id="sm-3c1">
         <name>__extendsfdf2</name>
         <value>0x37b1</value>
         <object_component_ref idref="oc-88"/>
      </symbol>
      <symbol id="sm-3c7">
         <name>__aeabi_d2iz</name>
         <value>0x35c9</value>
         <object_component_ref idref="oc-206"/>
      </symbol>
      <symbol id="sm-3c8">
         <name>__fixdfsi</name>
         <value>0x35c9</value>
         <object_component_ref idref="oc-206"/>
      </symbol>
      <symbol id="sm-3ce">
         <name>__aeabi_f2iz</name>
         <value>0x39d9</value>
         <object_component_ref idref="oc-1d3"/>
      </symbol>
      <symbol id="sm-3cf">
         <name>__fixsfsi</name>
         <value>0x39d9</value>
         <object_component_ref idref="oc-1d3"/>
      </symbol>
      <symbol id="sm-3d5">
         <name>__aeabi_f2uiz</name>
         <value>0x3ae1</value>
         <object_component_ref idref="oc-25d"/>
      </symbol>
      <symbol id="sm-3d6">
         <name>__fixunssfsi</name>
         <value>0x3ae1</value>
         <object_component_ref idref="oc-25d"/>
      </symbol>
      <symbol id="sm-3dc">
         <name>__aeabi_i2d</name>
         <value>0x3bcd</value>
         <object_component_ref idref="oc-20e"/>
      </symbol>
      <symbol id="sm-3dd">
         <name>__floatsidf</name>
         <value>0x3bcd</value>
         <object_component_ref idref="oc-20e"/>
      </symbol>
      <symbol id="sm-3e3">
         <name>__aeabi_i2f</name>
         <value>0x38ad</value>
         <object_component_ref idref="oc-11e"/>
      </symbol>
      <symbol id="sm-3e4">
         <name>__floatsisf</name>
         <value>0x38ad</value>
         <object_component_ref idref="oc-11e"/>
      </symbol>
      <symbol id="sm-3ea">
         <name>__aeabi_ui2f</name>
         <value>0x3c49</value>
         <object_component_ref idref="oc-1d7"/>
      </symbol>
      <symbol id="sm-3eb">
         <name>__floatunsisf</name>
         <value>0x3c49</value>
         <object_component_ref idref="oc-1d7"/>
      </symbol>
      <symbol id="sm-3f1">
         <name>__aeabi_lmul</name>
         <value>0x3d09</value>
         <object_component_ref idref="oc-1ad"/>
      </symbol>
      <symbol id="sm-3f2">
         <name>__muldi3</name>
         <value>0x3d09</value>
         <object_component_ref idref="oc-1ad"/>
      </symbol>
      <symbol id="sm-3f9">
         <name>__aeabi_d2f</name>
         <value>0x2e81</value>
         <object_component_ref idref="oc-ea"/>
      </symbol>
      <symbol id="sm-3fa">
         <name>__truncdfsf2</name>
         <value>0x2e81</value>
         <object_component_ref idref="oc-ea"/>
      </symbol>
      <symbol id="sm-400">
         <name>__aeabi_dcmpeq</name>
         <value>0x3105</value>
         <object_component_ref idref="oc-da"/>
      </symbol>
      <symbol id="sm-401">
         <name>__aeabi_dcmplt</name>
         <value>0x3119</value>
         <object_component_ref idref="oc-da"/>
      </symbol>
      <symbol id="sm-402">
         <name>__aeabi_dcmple</name>
         <value>0x312d</value>
         <object_component_ref idref="oc-da"/>
      </symbol>
      <symbol id="sm-403">
         <name>__aeabi_dcmpge</name>
         <value>0x3141</value>
         <object_component_ref idref="oc-da"/>
      </symbol>
      <symbol id="sm-404">
         <name>__aeabi_dcmpgt</name>
         <value>0x3155</value>
         <object_component_ref idref="oc-da"/>
      </symbol>
      <symbol id="sm-40a">
         <name>__aeabi_fcmpeq</name>
         <value>0x3169</value>
         <object_component_ref idref="oc-d2"/>
      </symbol>
      <symbol id="sm-40b">
         <name>__aeabi_fcmplt</name>
         <value>0x317d</value>
         <object_component_ref idref="oc-d2"/>
      </symbol>
      <symbol id="sm-40c">
         <name>__aeabi_fcmple</name>
         <value>0x3191</value>
         <object_component_ref idref="oc-d2"/>
      </symbol>
      <symbol id="sm-40d">
         <name>__aeabi_fcmpge</name>
         <value>0x31a5</value>
         <object_component_ref idref="oc-d2"/>
      </symbol>
      <symbol id="sm-40e">
         <name>__aeabi_fcmpgt</name>
         <value>0x31b9</value>
         <object_component_ref idref="oc-d2"/>
      </symbol>
      <symbol id="sm-414">
         <name>__aeabi_idiv</name>
         <value>0x3395</value>
         <object_component_ref idref="oc-271"/>
      </symbol>
      <symbol id="sm-415">
         <name>__aeabi_idivmod</name>
         <value>0x3395</value>
         <object_component_ref idref="oc-271"/>
      </symbol>
      <symbol id="sm-41b">
         <name>__aeabi_memcpy</name>
         <value>0x438d</value>
         <object_component_ref idref="oc-4c"/>
      </symbol>
      <symbol id="sm-41c">
         <name>__aeabi_memcpy4</name>
         <value>0x438d</value>
         <object_component_ref idref="oc-4c"/>
      </symbol>
      <symbol id="sm-41d">
         <name>__aeabi_memcpy8</name>
         <value>0x438d</value>
         <object_component_ref idref="oc-4c"/>
      </symbol>
      <symbol id="sm-424">
         <name>__aeabi_memset</name>
         <value>0x4311</value>
         <object_component_ref idref="oc-194"/>
      </symbol>
      <symbol id="sm-425">
         <name>__aeabi_memset4</name>
         <value>0x4311</value>
         <object_component_ref idref="oc-194"/>
      </symbol>
      <symbol id="sm-426">
         <name>__aeabi_memset8</name>
         <value>0x4311</value>
         <object_component_ref idref="oc-194"/>
      </symbol>
      <symbol id="sm-42c">
         <name>__aeabi_uidiv</name>
         <value>0x3771</value>
         <object_component_ref idref="oc-19a"/>
      </symbol>
      <symbol id="sm-42d">
         <name>__aeabi_uidivmod</name>
         <value>0x3771</value>
         <object_component_ref idref="oc-19a"/>
      </symbol>
      <symbol id="sm-433">
         <name>__aeabi_uldivmod</name>
         <value>0x4249</value>
         <object_component_ref idref="oc-1b2"/>
      </symbol>
      <symbol id="sm-43c">
         <name>__eqsf2</name>
         <value>0x3961</value>
         <object_component_ref idref="oc-151"/>
      </symbol>
      <symbol id="sm-43d">
         <name>__lesf2</name>
         <value>0x3961</value>
         <object_component_ref idref="oc-151"/>
      </symbol>
      <symbol id="sm-43e">
         <name>__ltsf2</name>
         <value>0x3961</value>
         <object_component_ref idref="oc-151"/>
      </symbol>
      <symbol id="sm-43f">
         <name>__nesf2</name>
         <value>0x3961</value>
         <object_component_ref idref="oc-151"/>
      </symbol>
      <symbol id="sm-440">
         <name>__cmpsf2</name>
         <value>0x3961</value>
         <object_component_ref idref="oc-151"/>
      </symbol>
      <symbol id="sm-441">
         <name>__gtsf2</name>
         <value>0x38e9</value>
         <object_component_ref idref="oc-156"/>
      </symbol>
      <symbol id="sm-442">
         <name>__gesf2</name>
         <value>0x38e9</value>
         <object_component_ref idref="oc-156"/>
      </symbol>
      <symbol id="sm-448">
         <name>__udivmoddi4</name>
         <value>0x2a9d</value>
         <object_component_ref idref="oc-1f9"/>
      </symbol>
      <symbol id="sm-44e">
         <name>__aeabi_llsl</name>
         <value>0x3e15</value>
         <object_component_ref idref="oc-265"/>
      </symbol>
      <symbol id="sm-44f">
         <name>__ashldi3</name>
         <value>0x3e15</value>
         <object_component_ref idref="oc-265"/>
      </symbol>
      <symbol id="sm-45d">
         <name>__ledf2</name>
         <value>0x2f65</value>
         <object_component_ref idref="oc-15d"/>
      </symbol>
      <symbol id="sm-45e">
         <name>__gedf2</name>
         <value>0x2ef5</value>
         <object_component_ref idref="oc-163"/>
      </symbol>
      <symbol id="sm-45f">
         <name>__cmpdf2</name>
         <value>0x2f65</value>
         <object_component_ref idref="oc-15d"/>
      </symbol>
      <symbol id="sm-460">
         <name>__eqdf2</name>
         <value>0x2f65</value>
         <object_component_ref idref="oc-15d"/>
      </symbol>
      <symbol id="sm-461">
         <name>__ltdf2</name>
         <value>0x2f65</value>
         <object_component_ref idref="oc-15d"/>
      </symbol>
      <symbol id="sm-462">
         <name>__nedf2</name>
         <value>0x2f65</value>
         <object_component_ref idref="oc-15d"/>
      </symbol>
      <symbol id="sm-463">
         <name>__gtdf2</name>
         <value>0x2ef5</value>
         <object_component_ref idref="oc-163"/>
      </symbol>
      <symbol id="sm-46f">
         <name>__aeabi_idiv0</name>
         <value>0x1ccf</value>
         <object_component_ref idref="oc-1e7"/>
      </symbol>
      <symbol id="sm-470">
         <name>__aeabi_ldiv0</name>
         <value>0x2b3f</value>
         <object_component_ref idref="oc-264"/>
      </symbol>
      <symbol id="sm-479">
         <name>TI_memcpy_small</name>
         <value>0x42bb</value>
         <object_component_ref idref="oc-fb"/>
      </symbol>
      <symbol id="sm-482">
         <name>TI_memset_small</name>
         <value>0x433b</value>
         <object_component_ref idref="oc-16a"/>
      </symbol>
      <symbol id="sm-483">
         <name>__TI_static_base__</name>
         <value>0x0</value>
      </symbol>
      <symbol id="sm-487">
         <name>__mpu_init</name>
         <value>0x0</value>
      </symbol>
      <symbol id="sm-488">
         <name>_system_post_cinit</name>
         <value>0x0</value>
      </symbol>
   </symbol_table>
   <title>Link successful</title>
</link_info>
