<?xml version="1.0" encoding="ISO-8859-1" ?>
<link_info>
   <banner>TI ARM Clang Linker PC v3.2.2.LTS</banner>
   <copyright>Copyright (c) 1996-2018 Texas Instruments Incorporated</copyright>
   <link_time>0x66a64912</link_time>
   <link_errors>0x0</link_errors>
   <output_file>C:\Users\tanga\workspace_ccstheia\uart_echo_interrupts_standby_LP_MSPM0G3507_nortos_ticlang\Debug\uart_echo_interrupts_standby_LP_MSPM0G3507_nortos_ticlang.out</output_file>
   <entry_point>
      <name>_c_int00_noargs</name>
      <address>0x4cb5</address>
   </entry_point>
   <input_file_list>
      <input_file id="fl-1">
         <path>C:\Users\tanga\workspace_ccstheia\uart_echo_interrupts_standby_LP_MSPM0G3507_nortos_ticlang\Debug\.\</path>
         <kind>object</kind>
         <file>uart_echo_interrupts.o</file>
         <name>uart_echo_interrupts.o</name>
      </input_file>
      <input_file id="fl-2">
         <path>C:\Users\tanga\workspace_ccstheia\uart_echo_interrupts_standby_LP_MSPM0G3507_nortos_ticlang\Debug\.\</path>
         <kind>object</kind>
         <file>ti_msp_dl_config.o</file>
         <name>ti_msp_dl_config.o</name>
      </input_file>
      <input_file id="fl-3">
         <path>C:\Users\tanga\workspace_ccstheia\uart_echo_interrupts_standby_LP_MSPM0G3507_nortos_ticlang\Debug\.\</path>
         <kind>object</kind>
         <file>startup_mspm0g350x_ticlang.o</file>
         <name>startup_mspm0g350x_ticlang.o</name>
      </input_file>
      <input_file id="fl-4">
         <path>C:\Users\tanga\workspace_ccstheia\uart_echo_interrupts_standby_LP_MSPM0G3507_nortos_ticlang\Debug\.\MPU6050\</path>
         <kind>object</kind>
         <file>board.o</file>
         <name>board.o</name>
      </input_file>
      <input_file id="fl-5">
         <path>C:\Users\tanga\workspace_ccstheia\uart_echo_interrupts_standby_LP_MSPM0G3507_nortos_ticlang\Debug\.\MPU6050\</path>
         <kind>object</kind>
         <file>bsp_mpu6050.o</file>
         <name>bsp_mpu6050.o</name>
      </input_file>
      <input_file id="fl-6">
         <path>C:\Users\tanga\workspace_ccstheia\uart_echo_interrupts_standby_LP_MSPM0G3507_nortos_ticlang\Debug\.\MPU6050\</path>
         <kind>object</kind>
         <file>inv_mpu.o</file>
         <name>inv_mpu.o</name>
      </input_file>
      <input_file id="fl-7">
         <path>C:\Users\tanga\workspace_ccstheia\uart_echo_interrupts_standby_LP_MSPM0G3507_nortos_ticlang\Debug\.\MPU6050\</path>
         <kind>object</kind>
         <file>inv_mpu_dmp_motion_driver.o</file>
         <name>inv_mpu_dmp_motion_driver.o</name>
      </input_file>
      <input_file id="fl-14">
         <path>C:\Users\tanga\workspace_ccstheia\uart_echo_interrupts_standby_LP_MSPM0G3507_nortos_ticlang\Debug\</path>
         <kind>object</kind>
         <file>&lt;internal&gt;</file>
         <name>&lt;internal&gt;</name>
      </input_file>
      <input_file id="fl-15">
         <path>C:\ti\mspm0_sdk_2_01_00_03\source\ti\driverlib\lib\ticlang\m0p\mspm0g1x0x_g3x0x\</path>
         <kind>archive</kind>
         <file>driverlib.a</file>
         <name>dl_common.o</name>
      </input_file>
      <input_file id="fl-16">
         <path>C:\ti\mspm0_sdk_2_01_00_03\source\ti\driverlib\lib\ticlang\m0p\mspm0g1x0x_g3x0x\</path>
         <kind>archive</kind>
         <file>driverlib.a</file>
         <name>dl_i2c.o</name>
      </input_file>
      <input_file id="fl-17">
         <path>C:\ti\mspm0_sdk_2_01_00_03\source\ti\driverlib\lib\ticlang\m0p\mspm0g1x0x_g3x0x\</path>
         <kind>archive</kind>
         <file>driverlib.a</file>
         <name>dl_uart.o</name>
      </input_file>
      <input_file id="fl-26">
         <path>C:\ti\ccstheia141\ccs\tools\compiler\ti-cgt-armllvm_3.2.2.LTS\lib\armv6m-ti-none-eabi\c\</path>
         <kind>archive</kind>
         <file>libc.a</file>
         <name>printf.c.obj</name>
      </input_file>
      <input_file id="fl-27">
         <path>C:\ti\ccstheia141\ccs\tools\compiler\ti-cgt-armllvm_3.2.2.LTS\lib\armv6m-ti-none-eabi\c\</path>
         <kind>archive</kind>
         <file>libc.a</file>
         <name>_printfi.c.obj</name>
      </input_file>
      <input_file id="fl-28">
         <path>C:\ti\ccstheia141\ccs\tools\compiler\ti-cgt-armllvm_3.2.2.LTS\lib\armv6m-ti-none-eabi\c\</path>
         <kind>archive</kind>
         <file>libc.a</file>
         <name>e_asin.c.obj</name>
      </input_file>
      <input_file id="fl-29">
         <path>C:\ti\ccstheia141\ccs\tools\compiler\ti-cgt-armllvm_3.2.2.LTS\lib\armv6m-ti-none-eabi\c\</path>
         <kind>archive</kind>
         <file>libc.a</file>
         <name>e_atan2.c.obj</name>
      </input_file>
      <input_file id="fl-2a">
         <path>C:\ti\ccstheia141\ccs\tools\compiler\ti-cgt-armllvm_3.2.2.LTS\lib\armv6m-ti-none-eabi\c\</path>
         <kind>archive</kind>
         <file>libc.a</file>
         <name>e_sqrt.c.obj</name>
      </input_file>
      <input_file id="fl-2b">
         <path>C:\ti\ccstheia141\ccs\tools\compiler\ti-cgt-armllvm_3.2.2.LTS\lib\armv6m-ti-none-eabi\c\</path>
         <kind>archive</kind>
         <file>libc.a</file>
         <name>s_atan.c.obj</name>
      </input_file>
      <input_file id="fl-2c">
         <path>C:\ti\ccstheia141\ccs\tools\compiler\ti-cgt-armllvm_3.2.2.LTS\lib\armv6m-ti-none-eabi\c\</path>
         <kind>archive</kind>
         <file>libc.a</file>
         <name>s_frexp.c.obj</name>
      </input_file>
      <input_file id="fl-2d">
         <path>C:\ti\ccstheia141\ccs\tools\compiler\ti-cgt-armllvm_3.2.2.LTS\lib\armv6m-ti-none-eabi\c\</path>
         <kind>archive</kind>
         <file>libc.a</file>
         <name>s_scalbn.c.obj</name>
      </input_file>
      <input_file id="fl-2e">
         <path>C:\ti\ccstheia141\ccs\tools\compiler\ti-cgt-armllvm_3.2.2.LTS\lib\armv6m-ti-none-eabi\c\</path>
         <kind>archive</kind>
         <file>libc.a</file>
         <name>aeabi_portable.c.obj</name>
      </input_file>
      <input_file id="fl-2f">
         <path>C:\ti\ccstheia141\ccs\tools\compiler\ti-cgt-armllvm_3.2.2.LTS\lib\armv6m-ti-none-eabi\c\</path>
         <kind>archive</kind>
         <file>libc.a</file>
         <name>_lock.c.obj</name>
      </input_file>
      <input_file id="fl-30">
         <path>C:\ti\ccstheia141\ccs\tools\compiler\ti-cgt-armllvm_3.2.2.LTS\lib\armv6m-ti-none-eabi\c\</path>
         <kind>archive</kind>
         <file>libc.a</file>
         <name>_ltoa.c.obj</name>
      </input_file>
      <input_file id="fl-31">
         <path>C:\ti\ccstheia141\ccs\tools\compiler\ti-cgt-armllvm_3.2.2.LTS\lib\armv6m-ti-none-eabi\c\</path>
         <kind>archive</kind>
         <file>libc.a</file>
         <name>assert.c.obj</name>
      </input_file>
      <input_file id="fl-32">
         <path>C:\ti\ccstheia141\ccs\tools\compiler\ti-cgt-armllvm_3.2.2.LTS\lib\armv6m-ti-none-eabi\c\</path>
         <kind>archive</kind>
         <file>libc.a</file>
         <name>atoi.c.obj</name>
      </input_file>
      <input_file id="fl-33">
         <path>C:\ti\ccstheia141\ccs\tools\compiler\ti-cgt-armllvm_3.2.2.LTS\lib\armv6m-ti-none-eabi\c\</path>
         <kind>archive</kind>
         <file>libc.a</file>
         <name>defs.c.obj</name>
      </input_file>
      <input_file id="fl-34">
         <path>C:\ti\ccstheia141\ccs\tools\compiler\ti-cgt-armllvm_3.2.2.LTS\lib\armv6m-ti-none-eabi\c\</path>
         <kind>archive</kind>
         <file>libc.a</file>
         <name>memccpy.c.obj</name>
      </input_file>
      <input_file id="fl-35">
         <path>C:\ti\ccstheia141\ccs\tools\compiler\ti-cgt-armllvm_3.2.2.LTS\lib\armv6m-ti-none-eabi\c\</path>
         <kind>archive</kind>
         <file>libc.a</file>
         <name>memcmp.c.obj</name>
      </input_file>
      <input_file id="fl-36">
         <path>C:\ti\ccstheia141\ccs\tools\compiler\ti-cgt-armllvm_3.2.2.LTS\lib\armv6m-ti-none-eabi\c\</path>
         <kind>archive</kind>
         <file>libc.a</file>
         <name>memory.c.obj</name>
      </input_file>
      <input_file id="fl-37">
         <path>C:\ti\ccstheia141\ccs\tools\compiler\ti-cgt-armllvm_3.2.2.LTS\lib\armv6m-ti-none-eabi\c\</path>
         <kind>archive</kind>
         <file>libc.a</file>
         <name>strlen.c.obj</name>
      </input_file>
      <input_file id="fl-38">
         <path>C:\ti\ccstheia141\ccs\tools\compiler\ti-cgt-armllvm_3.2.2.LTS\lib\armv6m-ti-none-eabi\c\</path>
         <kind>archive</kind>
         <file>libc.a</file>
         <name>labs.c.obj</name>
      </input_file>
      <input_file id="fl-39">
         <path>C:\ti\ccstheia141\ccs\tools\compiler\ti-cgt-armllvm_3.2.2.LTS\lib\armv6m-ti-none-eabi\c\</path>
         <kind>archive</kind>
         <file>libc.a</file>
         <name>boot_cortex_m.c.obj</name>
      </input_file>
      <input_file id="fl-3a">
         <path>C:\ti\ccstheia141\ccs\tools\compiler\ti-cgt-armllvm_3.2.2.LTS\lib\armv6m-ti-none-eabi\c\</path>
         <kind>archive</kind>
         <file>libc.a</file>
         <name>mathacl_init.c.obj</name>
      </input_file>
      <input_file id="fl-3b">
         <path>C:\ti\ccstheia141\ccs\tools\compiler\ti-cgt-armllvm_3.2.2.LTS\lib\armv6m-ti-none-eabi\c\</path>
         <kind>archive</kind>
         <file>libc.a</file>
         <name>autoinit.c.obj</name>
      </input_file>
      <input_file id="fl-3c">
         <path>C:\ti\ccstheia141\ccs\tools\compiler\ti-cgt-armllvm_3.2.2.LTS\lib\armv6m-ti-none-eabi\c\</path>
         <kind>archive</kind>
         <file>libc.a</file>
         <name>pre_init.c.obj</name>
      </input_file>
      <input_file id="fl-3d">
         <path>C:\ti\ccstheia141\ccs\tools\compiler\ti-cgt-armllvm_3.2.2.LTS\lib\armv6m-ti-none-eabi\c\</path>
         <kind>archive</kind>
         <file>libc.a</file>
         <name>cpy_tbl.c.obj</name>
      </input_file>
      <input_file id="fl-3e">
         <path>C:\ti\ccstheia141\ccs\tools\compiler\ti-cgt-armllvm_3.2.2.LTS\lib\armv6m-ti-none-eabi\c\</path>
         <kind>archive</kind>
         <file>libc.a</file>
         <name>copy_zero_init.c.obj</name>
      </input_file>
      <input_file id="fl-3f">
         <path>C:\ti\ccstheia141\ccs\tools\compiler\ti-cgt-armllvm_3.2.2.LTS\lib\armv6m-ti-none-eabi\c\</path>
         <kind>archive</kind>
         <file>libc.a</file>
         <name>copy_decompress_none.c.obj</name>
      </input_file>
      <input_file id="fl-40">
         <path>C:\ti\ccstheia141\ccs\tools\compiler\ti-cgt-armllvm_3.2.2.LTS\lib\armv6m-ti-none-eabi\c\</path>
         <kind>archive</kind>
         <file>libc.a</file>
         <name>copy_decompress_lzss.c.obj</name>
      </input_file>
      <input_file id="fl-41">
         <path>C:\ti\ccstheia141\ccs\tools\compiler\ti-cgt-armllvm_3.2.2.LTS\lib\armv6m-ti-none-eabi\c\</path>
         <kind>archive</kind>
         <file>libc.a</file>
         <name>wcslen.c.obj</name>
      </input_file>
      <input_file id="fl-42">
         <path>C:\ti\ccstheia141\ccs\tools\compiler\ti-cgt-armllvm_3.2.2.LTS\lib\armv6m-ti-none-eabi\c\</path>
         <kind>archive</kind>
         <file>libc.a</file>
         <name>sprintf.c.obj</name>
      </input_file>
      <input_file id="fl-43">
         <path>C:\ti\ccstheia141\ccs\tools\compiler\ti-cgt-armllvm_3.2.2.LTS\lib\armv6m-ti-none-eabi\c\</path>
         <kind>archive</kind>
         <file>libc.a</file>
         <name>fflush.c.obj</name>
      </input_file>
      <input_file id="fl-44">
         <path>C:\ti\ccstheia141\ccs\tools\compiler\ti-cgt-armllvm_3.2.2.LTS\lib\armv6m-ti-none-eabi\c\</path>
         <kind>archive</kind>
         <file>libc.a</file>
         <name>aeabi_ctype.S.obj</name>
      </input_file>
      <input_file id="fl-45">
         <path>C:\ti\ccstheia141\ccs\tools\compiler\ti-cgt-armllvm_3.2.2.LTS\lib\armv6m-ti-none-eabi\c\</path>
         <kind>archive</kind>
         <file>libc.a</file>
         <name>exit.c.obj</name>
      </input_file>
      <input_file id="fl-46">
         <path>C:\ti\ccstheia141\ccs\tools\compiler\ti-cgt-armllvm_3.2.2.LTS\lib\armv6m-ti-none-eabi\c\</path>
         <kind>archive</kind>
         <file>libc.a</file>
         <name>args_main.c.obj</name>
      </input_file>
      <input_file id="fl-ac">
         <path>C:\ti\ccstheia141\ccs\tools\compiler\ti-cgt-armllvm_3.2.2.LTS\lib\armv6m-ti-none-eabi\c\</path>
         <kind>archive</kind>
         <file>libsysbm.a</file>
         <name>write.c.obj</name>
      </input_file>
      <input_file id="fl-ad">
         <path>C:\ti\ccstheia141\ccs\tools\compiler\ti-cgt-armllvm_3.2.2.LTS\lib\armv6m-ti-none-eabi\c\</path>
         <kind>archive</kind>
         <file>libsysbm.a</file>
         <name>host_device.c.obj</name>
      </input_file>
      <input_file id="fl-ae">
         <path>C:\ti\ccstheia141\ccs\tools\compiler\ti-cgt-armllvm_3.2.2.LTS\lib\armv6m-ti-none-eabi\c\</path>
         <kind>archive</kind>
         <file>libsysbm.a</file>
         <name>hostclose.c.obj</name>
      </input_file>
      <input_file id="fl-af">
         <path>C:\ti\ccstheia141\ccs\tools\compiler\ti-cgt-armllvm_3.2.2.LTS\lib\armv6m-ti-none-eabi\c\</path>
         <kind>archive</kind>
         <file>libsysbm.a</file>
         <name>hostlseek.c.obj</name>
      </input_file>
      <input_file id="fl-b0">
         <path>C:\ti\ccstheia141\ccs\tools\compiler\ti-cgt-armllvm_3.2.2.LTS\lib\armv6m-ti-none-eabi\c\</path>
         <kind>archive</kind>
         <file>libsysbm.a</file>
         <name>hostopen.c.obj</name>
      </input_file>
      <input_file id="fl-b1">
         <path>C:\ti\ccstheia141\ccs\tools\compiler\ti-cgt-armllvm_3.2.2.LTS\lib\armv6m-ti-none-eabi\c\</path>
         <kind>archive</kind>
         <file>libsysbm.a</file>
         <name>hostread.c.obj</name>
      </input_file>
      <input_file id="fl-b2">
         <path>C:\ti\ccstheia141\ccs\tools\compiler\ti-cgt-armllvm_3.2.2.LTS\lib\armv6m-ti-none-eabi\c\</path>
         <kind>archive</kind>
         <file>libsysbm.a</file>
         <name>hostrename.c.obj</name>
      </input_file>
      <input_file id="fl-b3">
         <path>C:\ti\ccstheia141\ccs\tools\compiler\ti-cgt-armllvm_3.2.2.LTS\lib\armv6m-ti-none-eabi\c\</path>
         <kind>archive</kind>
         <file>libsysbm.a</file>
         <name>hostunlink.c.obj</name>
      </input_file>
      <input_file id="fl-b4">
         <path>C:\ti\ccstheia141\ccs\tools\compiler\ti-cgt-armllvm_3.2.2.LTS\lib\armv6m-ti-none-eabi\c\</path>
         <kind>archive</kind>
         <file>libsysbm.a</file>
         <name>hostwrite.c.obj</name>
      </input_file>
      <input_file id="fl-b5">
         <path>C:\ti\ccstheia141\ccs\tools\compiler\ti-cgt-armllvm_3.2.2.LTS\lib\armv6m-ti-none-eabi\c\</path>
         <kind>archive</kind>
         <file>libsysbm.a</file>
         <name>trgmsg.c.obj</name>
      </input_file>
      <input_file id="fl-b6">
         <path>C:\ti\ccstheia141\ccs\tools\compiler\ti-cgt-armllvm_3.2.2.LTS\lib\clang\15.0.7\lib\armv6m-ti-none-eabi\</path>
         <kind>archive</kind>
         <file>libclang_rt.builtins.a</file>
         <name>addsf3.S.obj</name>
      </input_file>
      <input_file id="fl-b7">
         <path>C:\ti\ccstheia141\ccs\tools\compiler\ti-cgt-armllvm_3.2.2.LTS\lib\clang\15.0.7\lib\armv6m-ti-none-eabi\</path>
         <kind>archive</kind>
         <file>libclang_rt.builtins.a</file>
         <name>adddf3.S.obj</name>
      </input_file>
      <input_file id="fl-b8">
         <path>C:\ti\ccstheia141\ccs\tools\compiler\ti-cgt-armllvm_3.2.2.LTS\lib\clang\15.0.7\lib\armv6m-ti-none-eabi\</path>
         <kind>archive</kind>
         <file>libclang_rt.builtins.a</file>
         <name>muldf3.S.obj</name>
      </input_file>
      <input_file id="fl-b9">
         <path>C:\ti\ccstheia141\ccs\tools\compiler\ti-cgt-armllvm_3.2.2.LTS\lib\clang\15.0.7\lib\armv6m-ti-none-eabi\</path>
         <kind>archive</kind>
         <file>libclang_rt.builtins.a</file>
         <name>muldsi3.S.obj</name>
      </input_file>
      <input_file id="fl-ba">
         <path>C:\ti\ccstheia141\ccs\tools\compiler\ti-cgt-armllvm_3.2.2.LTS\lib\clang\15.0.7\lib\armv6m-ti-none-eabi\</path>
         <kind>archive</kind>
         <file>libclang_rt.builtins.a</file>
         <name>mulsf3.S.obj</name>
      </input_file>
      <input_file id="fl-bb">
         <path>C:\ti\ccstheia141\ccs\tools\compiler\ti-cgt-armllvm_3.2.2.LTS\lib\clang\15.0.7\lib\armv6m-ti-none-eabi\</path>
         <kind>archive</kind>
         <file>libclang_rt.builtins.a</file>
         <name>divsf3.S.obj</name>
      </input_file>
      <input_file id="fl-bc">
         <path>C:\ti\ccstheia141\ccs\tools\compiler\ti-cgt-armllvm_3.2.2.LTS\lib\clang\15.0.7\lib\armv6m-ti-none-eabi\</path>
         <kind>archive</kind>
         <file>libclang_rt.builtins.a</file>
         <name>divdf3.S.obj</name>
      </input_file>
      <input_file id="fl-bd">
         <path>C:\ti\ccstheia141\ccs\tools\compiler\ti-cgt-armllvm_3.2.2.LTS\lib\clang\15.0.7\lib\armv6m-ti-none-eabi\</path>
         <kind>archive</kind>
         <file>libclang_rt.builtins.a</file>
         <name>extendsfdf2.S.obj</name>
      </input_file>
      <input_file id="fl-be">
         <path>C:\ti\ccstheia141\ccs\tools\compiler\ti-cgt-armllvm_3.2.2.LTS\lib\clang\15.0.7\lib\armv6m-ti-none-eabi\</path>
         <kind>archive</kind>
         <file>libclang_rt.builtins.a</file>
         <name>fixdfsi.S.obj</name>
      </input_file>
      <input_file id="fl-bf">
         <path>C:\ti\ccstheia141\ccs\tools\compiler\ti-cgt-armllvm_3.2.2.LTS\lib\clang\15.0.7\lib\armv6m-ti-none-eabi\</path>
         <kind>archive</kind>
         <file>libclang_rt.builtins.a</file>
         <name>fixsfsi.S.obj</name>
      </input_file>
      <input_file id="fl-c0">
         <path>C:\ti\ccstheia141\ccs\tools\compiler\ti-cgt-armllvm_3.2.2.LTS\lib\clang\15.0.7\lib\armv6m-ti-none-eabi\</path>
         <kind>archive</kind>
         <file>libclang_rt.builtins.a</file>
         <name>floatsidf.S.obj</name>
      </input_file>
      <input_file id="fl-c1">
         <path>C:\ti\ccstheia141\ccs\tools\compiler\ti-cgt-armllvm_3.2.2.LTS\lib\clang\15.0.7\lib\armv6m-ti-none-eabi\</path>
         <kind>archive</kind>
         <file>libclang_rt.builtins.a</file>
         <name>floatsisf.S.obj</name>
      </input_file>
      <input_file id="fl-c2">
         <path>C:\ti\ccstheia141\ccs\tools\compiler\ti-cgt-armllvm_3.2.2.LTS\lib\clang\15.0.7\lib\armv6m-ti-none-eabi\</path>
         <kind>archive</kind>
         <file>libclang_rt.builtins.a</file>
         <name>floatunsisf.S.obj</name>
      </input_file>
      <input_file id="fl-c3">
         <path>C:\ti\ccstheia141\ccs\tools\compiler\ti-cgt-armllvm_3.2.2.LTS\lib\clang\15.0.7\lib\armv6m-ti-none-eabi\</path>
         <kind>archive</kind>
         <file>libclang_rt.builtins.a</file>
         <name>muldi3.S.obj</name>
      </input_file>
      <input_file id="fl-c4">
         <path>C:\ti\ccstheia141\ccs\tools\compiler\ti-cgt-armllvm_3.2.2.LTS\lib\clang\15.0.7\lib\armv6m-ti-none-eabi\</path>
         <kind>archive</kind>
         <file>libclang_rt.builtins.a</file>
         <name>truncdfsf2.S.obj</name>
      </input_file>
      <input_file id="fl-c5">
         <path>C:\ti\ccstheia141\ccs\tools\compiler\ti-cgt-armllvm_3.2.2.LTS\lib\clang\15.0.7\lib\armv6m-ti-none-eabi\</path>
         <kind>archive</kind>
         <file>libclang_rt.builtins.a</file>
         <name>aeabi_dcmp.S.obj</name>
      </input_file>
      <input_file id="fl-c6">
         <path>C:\ti\ccstheia141\ccs\tools\compiler\ti-cgt-armllvm_3.2.2.LTS\lib\clang\15.0.7\lib\armv6m-ti-none-eabi\</path>
         <kind>archive</kind>
         <file>libclang_rt.builtins.a</file>
         <name>aeabi_fcmp.S.obj</name>
      </input_file>
      <input_file id="fl-c7">
         <path>C:\ti\ccstheia141\ccs\tools\compiler\ti-cgt-armllvm_3.2.2.LTS\lib\clang\15.0.7\lib\armv6m-ti-none-eabi\</path>
         <kind>archive</kind>
         <file>libclang_rt.builtins.a</file>
         <name>aeabi_idivmod.S.obj</name>
      </input_file>
      <input_file id="fl-c8">
         <path>C:\ti\ccstheia141\ccs\tools\compiler\ti-cgt-armllvm_3.2.2.LTS\lib\clang\15.0.7\lib\armv6m-ti-none-eabi\</path>
         <kind>archive</kind>
         <file>libclang_rt.builtins.a</file>
         <name>aeabi_ldivmod.S.obj</name>
      </input_file>
      <input_file id="fl-c9">
         <path>C:\ti\ccstheia141\ccs\tools\compiler\ti-cgt-armllvm_3.2.2.LTS\lib\clang\15.0.7\lib\armv6m-ti-none-eabi\</path>
         <kind>archive</kind>
         <file>libclang_rt.builtins.a</file>
         <name>aeabi_memcpy.S.obj</name>
      </input_file>
      <input_file id="fl-ca">
         <path>C:\ti\ccstheia141\ccs\tools\compiler\ti-cgt-armllvm_3.2.2.LTS\lib\clang\15.0.7\lib\armv6m-ti-none-eabi\</path>
         <kind>archive</kind>
         <file>libclang_rt.builtins.a</file>
         <name>aeabi_memset.S.obj</name>
      </input_file>
      <input_file id="fl-cb">
         <path>C:\ti\ccstheia141\ccs\tools\compiler\ti-cgt-armllvm_3.2.2.LTS\lib\clang\15.0.7\lib\armv6m-ti-none-eabi\</path>
         <kind>archive</kind>
         <file>libclang_rt.builtins.a</file>
         <name>aeabi_uidivmod.S.obj</name>
      </input_file>
      <input_file id="fl-cc">
         <path>C:\ti\ccstheia141\ccs\tools\compiler\ti-cgt-armllvm_3.2.2.LTS\lib\clang\15.0.7\lib\armv6m-ti-none-eabi\</path>
         <kind>archive</kind>
         <file>libclang_rt.builtins.a</file>
         <name>aeabi_uldivmod.S.obj</name>
      </input_file>
      <input_file id="fl-cd">
         <path>C:\ti\ccstheia141\ccs\tools\compiler\ti-cgt-armllvm_3.2.2.LTS\lib\clang\15.0.7\lib\armv6m-ti-none-eabi\</path>
         <kind>archive</kind>
         <file>libclang_rt.builtins.a</file>
         <name>comparesf2.S.obj</name>
      </input_file>
      <input_file id="fl-ce">
         <path>C:\ti\ccstheia141\ccs\tools\compiler\ti-cgt-armllvm_3.2.2.LTS\lib\clang\15.0.7\lib\armv6m-ti-none-eabi\</path>
         <kind>archive</kind>
         <file>libclang_rt.builtins.a</file>
         <name>udivmoddi4.S.obj</name>
      </input_file>
      <input_file id="fl-cf">
         <path>C:\ti\ccstheia141\ccs\tools\compiler\ti-cgt-armllvm_3.2.2.LTS\lib\clang\15.0.7\lib\armv6m-ti-none-eabi\</path>
         <kind>archive</kind>
         <file>libclang_rt.builtins.a</file>
         <name>ashldi3.S.obj</name>
      </input_file>
      <input_file id="fl-d0">
         <path>C:\ti\ccstheia141\ccs\tools\compiler\ti-cgt-armllvm_3.2.2.LTS\lib\clang\15.0.7\lib\armv6m-ti-none-eabi\</path>
         <kind>archive</kind>
         <file>libclang_rt.builtins.a</file>
         <name>comparedf2.c.obj</name>
      </input_file>
      <input_file id="fl-d1">
         <path>C:\ti\ccstheia141\ccs\tools\compiler\ti-cgt-armllvm_3.2.2.LTS\lib\clang\15.0.7\lib\armv6m-ti-none-eabi\</path>
         <kind>archive</kind>
         <file>libclang_rt.builtins.a</file>
         <name>divmoddi4.c.obj</name>
      </input_file>
      <input_file id="fl-d2">
         <path>C:\ti\ccstheia141\ccs\tools\compiler\ti-cgt-armllvm_3.2.2.LTS\lib\clang\15.0.7\lib\armv6m-ti-none-eabi\</path>
         <kind>archive</kind>
         <file>libclang_rt.builtins.a</file>
         <name>aeabi_div0.c.obj</name>
      </input_file>
      <input_file id="fl-d3">
         <path>C:\ti\ccstheia141\ccs\tools\compiler\ti-cgt-armllvm_3.2.2.LTS\lib\armv6m-ti-none-eabi\c\</path>
         <kind>archive</kind>
         <file>libc.a</file>
         <name>memcpy16.S.obj</name>
      </input_file>
      <input_file id="fl-d4">
         <path>C:\ti\ccstheia141\ccs\tools\compiler\ti-cgt-armllvm_3.2.2.LTS\lib\armv6m-ti-none-eabi\c\</path>
         <kind>archive</kind>
         <file>libc.a</file>
         <name>memset16.S.obj</name>
      </input_file>
   </input_file_list>
   <object_component_list>
      <object_component id="oc-18">
         <name>.intvecs</name>
         <load_address>0x0</load_address>
         <readonly>true</readonly>
         <run_address>0x0</run_address>
         <size>0xc0</size>
         <alignment>0x4</alignment>
         <input_file_ref idref="fl-3"/>
      </object_component>
      <object_component id="oc-188">
         <name>.text:__TI_printfi_nofloat</name>
         <load_address>0xc0</load_address>
         <readonly>true</readonly>
         <executable>true</executable>
         <run_address>0xc0</run_address>
         <size>0x888</size>
         <alignment>0x4</alignment>
         <input_file_ref idref="fl-27"/>
      </object_component>
      <object_component id="oc-131">
         <name>.text.asin</name>
         <load_address>0x948</load_address>
         <readonly>true</readonly>
         <executable>true</executable>
         <run_address>0x948</run_address>
         <size>0x370</size>
         <alignment>0x4</alignment>
         <input_file_ref idref="fl-28"/>
      </object_component>
      <object_component id="oc-1df">
         <name>.text.atan</name>
         <load_address>0xcb8</load_address>
         <readonly>true</readonly>
         <executable>true</executable>
         <run_address>0xcb8</run_address>
         <size>0x2f8</size>
         <alignment>0x4</alignment>
         <input_file_ref idref="fl-2b"/>
      </object_component>
      <object_component id="oc-112">
         <name>.text.dmp_enable_feature</name>
         <load_address>0xfb0</load_address>
         <readonly>true</readonly>
         <executable>true</executable>
         <run_address>0xfb0</run_address>
         <size>0x278</size>
         <alignment>0x4</alignment>
         <input_file_ref idref="fl-7"/>
      </object_component>
      <object_component id="oc-1a9">
         <name>.text.dmp_set_tap_thresh</name>
         <load_address>0x1228</load_address>
         <readonly>true</readonly>
         <executable>true</executable>
         <run_address>0x1228</run_address>
         <size>0x238</size>
         <alignment>0x4</alignment>
         <input_file_ref idref="fl-7"/>
      </object_component>
      <object_component id="oc-19f">
         <name>.text.mpu_reset_fifo</name>
         <load_address>0x1460</load_address>
         <readonly>true</readonly>
         <executable>true</executable>
         <run_address>0x1460</run_address>
         <size>0x220</size>
         <alignment>0x4</alignment>
         <input_file_ref idref="fl-6"/>
      </object_component>
      <object_component id="oc-c0">
         <name>.text.mpu_dmp_get_data</name>
         <load_address>0x1680</load_address>
         <readonly>true</readonly>
         <executable>true</executable>
         <run_address>0x1680</run_address>
         <size>0x214</size>
         <alignment>0x4</alignment>
         <input_file_ref idref="fl-6"/>
      </object_component>
      <object_component id="oc-107">
         <name>.text.mpu_init</name>
         <load_address>0x1894</load_address>
         <readonly>true</readonly>
         <executable>true</executable>
         <run_address>0x1894</run_address>
         <size>0x214</size>
         <alignment>0x4</alignment>
         <input_file_ref idref="fl-6"/>
      </object_component>
      <object_component id="oc-11c">
         <name>.text.dmp_read_fifo</name>
         <load_address>0x1aa8</load_address>
         <readonly>true</readonly>
         <executable>true</executable>
         <run_address>0x1aa8</run_address>
         <size>0x1f4</size>
         <alignment>0x4</alignment>
         <input_file_ref idref="fl-7"/>
      </object_component>
      <object_component id="oc-198">
         <name>.text.mpu_set_bypass</name>
         <load_address>0x1c9c</load_address>
         <readonly>true</readonly>
         <executable>true</executable>
         <run_address>0x1c9c</run_address>
         <size>0x1a0</size>
         <alignment>0x4</alignment>
         <input_file_ref idref="fl-6"/>
      </object_component>
      <object_component id="oc-13f">
         <name>.text.atan2</name>
         <load_address>0x1e3c</load_address>
         <readonly>true</readonly>
         <executable>true</executable>
         <run_address>0x1e3c</run_address>
         <size>0x198</size>
         <alignment>0x4</alignment>
         <input_file_ref idref="fl-29"/>
      </object_component>
      <object_component id="oc-1c7">
         <name>.text.adddf3_subdf3</name>
         <load_address>0x1fd4</load_address>
         <readonly>true</readonly>
         <executable>true</executable>
         <run_address>0x1fd4</run_address>
         <size>0x192</size>
         <alignment>0x4</alignment>
         <input_file_ref idref="fl-b7"/>
      </object_component>
      <object_component id="oc-1ed">
         <name>.text.__aeabi_idiv0</name>
         <load_address>0x2166</load_address>
         <readonly>true</readonly>
         <executable>true</executable>
         <run_address>0x2166</run_address>
         <size>0x2</size>
         <alignment>0x2</alignment>
         <input_file_ref idref="fl-d2"/>
      </object_component>
      <object_component id="oc-1d1">
         <name>.text.sqrt</name>
         <load_address>0x2168</load_address>
         <readonly>true</readonly>
         <executable>true</executable>
         <run_address>0x2168</run_address>
         <size>0x184</size>
         <alignment>0x4</alignment>
         <input_file_ref idref="fl-2a"/>
      </object_component>
      <object_component id="oc-111">
         <name>.text.dmp_set_orientation</name>
         <load_address>0x22ec</load_address>
         <readonly>true</readonly>
         <executable>true</executable>
         <run_address>0x22ec</run_address>
         <size>0x178</size>
         <alignment>0x4</alignment>
         <input_file_ref idref="fl-7"/>
      </object_component>
      <object_component id="oc-17e">
         <name>.text.MPU6050_ReadData</name>
         <load_address>0x2464</load_address>
         <readonly>true</readonly>
         <executable>true</executable>
         <run_address>0x2464</run_address>
         <size>0x134</size>
         <alignment>0x4</alignment>
         <input_file_ref idref="fl-5"/>
      </object_component>
      <object_component id="oc-108">
         <name>.text.mpu_set_sensors</name>
         <load_address>0x2598</load_address>
         <readonly>true</readonly>
         <executable>true</executable>
         <run_address>0x2598</run_address>
         <size>0x130</size>
         <alignment>0x4</alignment>
         <input_file_ref idref="fl-6"/>
      </object_component>
      <object_component id="oc-39">
         <name>.text.I2C1_IRQHandler</name>
         <load_address>0x26c8</load_address>
         <readonly>true</readonly>
         <executable>true</executable>
         <run_address>0x26c8</run_address>
         <size>0x12c</size>
         <alignment>0x4</alignment>
         <input_file_ref idref="fl-5"/>
      </object_component>
      <object_component id="oc-f8">
         <name>.text.MPU6050_WriteReg</name>
         <load_address>0x27f4</load_address>
         <readonly>true</readonly>
         <executable>true</executable>
         <run_address>0x27f4</run_address>
         <size>0x124</size>
         <alignment>0x4</alignment>
         <input_file_ref idref="fl-5"/>
      </object_component>
      <object_component id="oc-1a1">
         <name>.text.mpu_load_firmware</name>
         <load_address>0x2918</load_address>
         <readonly>true</readonly>
         <executable>true</executable>
         <run_address>0x2918</run_address>
         <size>0x124</size>
         <alignment>0x4</alignment>
         <input_file_ref idref="fl-6"/>
      </object_component>
      <object_component id="oc-ba">
         <name>.text.mpu_dmp_init</name>
         <load_address>0x2a3c</load_address>
         <readonly>true</readonly>
         <executable>true</executable>
         <run_address>0x2a3c</run_address>
         <size>0x118</size>
         <alignment>0x4</alignment>
         <input_file_ref idref="fl-6"/>
      </object_component>
      <object_component id="oc-1a0">
         <name>.text.mpu_lp_accel_mode</name>
         <load_address>0x2b54</load_address>
         <readonly>true</readonly>
         <executable>true</executable>
         <run_address>0x2b54</run_address>
         <size>0x110</size>
         <alignment>0x4</alignment>
         <input_file_ref idref="fl-6"/>
      </object_component>
      <object_component id="oc-1d5">
         <name>.text.__divdf3</name>
         <load_address>0x2c64</load_address>
         <readonly>true</readonly>
         <executable>true</executable>
         <run_address>0x2c64</run_address>
         <size>0x10c</size>
         <alignment>0x4</alignment>
         <input_file_ref idref="fl-bc"/>
      </object_component>
      <object_component id="oc-1b6">
         <name>.text.mpu_read_fifo_stream</name>
         <load_address>0x2d70</load_address>
         <readonly>true</readonly>
         <executable>true</executable>
         <run_address>0x2d70</run_address>
         <size>0x108</size>
         <alignment>0x4</alignment>
         <input_file_ref idref="fl-6"/>
      </object_component>
      <object_component id="oc-10a">
         <name>.text.mpu_set_sample_rate</name>
         <load_address>0x2e78</load_address>
         <readonly>true</readonly>
         <executable>true</executable>
         <run_address>0x2e78</run_address>
         <size>0xec</size>
         <alignment>0x4</alignment>
         <input_file_ref idref="fl-6"/>
      </object_component>
      <object_component id="oc-8e">
         <name>.text.main</name>
         <load_address>0x2f64</load_address>
         <readonly>true</readonly>
         <executable>true</executable>
         <run_address>0x2f64</run_address>
         <size>0xe8</size>
         <alignment>0x4</alignment>
         <input_file_ref idref="fl-1"/>
      </object_component>
      <object_component id="oc-137">
         <name>.text.__muldf3</name>
         <load_address>0x304c</load_address>
         <readonly>true</readonly>
         <executable>true</executable>
         <run_address>0x304c</run_address>
         <size>0xe4</size>
         <alignment>0x4</alignment>
         <input_file_ref idref="fl-b8"/>
      </object_component>
      <object_component id="oc-196">
         <name>.text.mpu_set_accel_fsr</name>
         <load_address>0x3130</load_address>
         <readonly>true</readonly>
         <executable>true</executable>
         <run_address>0x3130</run_address>
         <size>0xe4</size>
         <alignment>0x4</alignment>
         <input_file_ref idref="fl-6"/>
      </object_component>
      <object_component id="oc-34">
         <name>.text.UART0_IRQHandler</name>
         <load_address>0x3214</load_address>
         <readonly>true</readonly>
         <executable>true</executable>
         <run_address>0x3214</run_address>
         <size>0xdc</size>
         <alignment>0x4</alignment>
         <input_file_ref idref="fl-1"/>
      </object_component>
      <object_component id="oc-ee">
         <name>.text.SYSCFG_DL_GPIO_init</name>
         <load_address>0x32f0</load_address>
         <readonly>true</readonly>
         <executable>true</executable>
         <run_address>0x32f0</run_address>
         <size>0xd8</size>
         <alignment>0x4</alignment>
         <input_file_ref idref="fl-2"/>
      </object_component>
      <object_component id="oc-129">
         <name>.text</name>
         <load_address>0x33c8</load_address>
         <readonly>true</readonly>
         <executable>true</executable>
         <run_address>0x33c8</run_address>
         <size>0xd8</size>
         <alignment>0x4</alignment>
         <input_file_ref idref="fl-b6"/>
      </object_component>
      <object_component id="oc-19e">
         <name>.text.set_int_enable</name>
         <load_address>0x34a0</load_address>
         <readonly>true</readonly>
         <executable>true</executable>
         <run_address>0x34a0</run_address>
         <size>0xd4</size>
         <alignment>0x4</alignment>
         <input_file_ref idref="fl-6"/>
      </object_component>
      <object_component id="oc-197">
         <name>.text.mpu_set_lpf</name>
         <load_address>0x3574</load_address>
         <readonly>true</readonly>
         <executable>true</executable>
         <run_address>0x3574</run_address>
         <size>0xd0</size>
         <alignment>0x4</alignment>
         <input_file_ref idref="fl-6"/>
      </object_component>
      <object_component id="oc-b3">
         <name>.text.MPU6050_Init</name>
         <load_address>0x3644</load_address>
         <readonly>true</readonly>
         <executable>true</executable>
         <run_address>0x3644</run_address>
         <size>0xce</size>
         <alignment>0x2</alignment>
         <input_file_ref idref="fl-5"/>
      </object_component>
      <object_component id="oc-276">
         <name>.text.__aeabi_ldiv0</name>
         <load_address>0x3712</load_address>
         <readonly>true</readonly>
         <executable>true</executable>
         <run_address>0x3712</run_address>
         <size>0x2</size>
         <alignment>0x2</alignment>
         <input_file_ref idref="fl-d2"/>
      </object_component>
      <object_component id="oc-195">
         <name>.text.mpu_set_gyro_fsr</name>
         <load_address>0x3714</load_address>
         <readonly>true</readonly>
         <executable>true</executable>
         <run_address>0x3714</run_address>
         <size>0xc4</size>
         <alignment>0x4</alignment>
         <input_file_ref idref="fl-6"/>
      </object_component>
      <object_component id="oc-109">
         <name>.text.mpu_configure_fifo</name>
         <load_address>0x37d8</load_address>
         <readonly>true</readonly>
         <executable>true</executable>
         <run_address>0x37d8</run_address>
         <size>0xbc</size>
         <alignment>0x4</alignment>
         <input_file_ref idref="fl-6"/>
      </object_component>
      <object_component id="oc-114">
         <name>.text.mpu_set_dmp_state</name>
         <load_address>0x3894</load_address>
         <readonly>true</readonly>
         <executable>true</executable>
         <run_address>0x3894</run_address>
         <size>0xb8</size>
         <alignment>0x4</alignment>
         <input_file_ref idref="fl-6"/>
      </object_component>
      <object_component id="oc-218">
         <name>.text.mpu_read_mem</name>
         <load_address>0x394c</load_address>
         <readonly>true</readonly>
         <executable>true</executable>
         <run_address>0x394c</run_address>
         <size>0xac</size>
         <alignment>0x4</alignment>
         <input_file_ref idref="fl-6"/>
      </object_component>
      <object_component id="oc-1a6">
         <name>.text.mpu_write_mem</name>
         <load_address>0x39f8</load_address>
         <readonly>true</readonly>
         <executable>true</executable>
         <run_address>0x39f8</run_address>
         <size>0xac</size>
         <alignment>0x4</alignment>
         <input_file_ref idref="fl-6"/>
      </object_component>
      <object_component id="oc-24c">
         <name>.text</name>
         <load_address>0x3aa4</load_address>
         <readonly>true</readonly>
         <executable>true</executable>
         <run_address>0x3aa4</run_address>
         <size>0xa2</size>
         <alignment>0x4</alignment>
         <input_file_ref idref="fl-ce"/>
      </object_component>
      <object_component id="oc-18a">
         <name>.text._nop</name>
         <load_address>0x3b46</load_address>
         <readonly>true</readonly>
         <executable>true</executable>
         <run_address>0x3b46</run_address>
         <size>0x2</size>
         <alignment>0x2</alignment>
         <input_file_ref idref="fl-2f"/>
      </object_component>
      <object_component id="oc-19d">
         <name>.text.mpu_set_int_latched</name>
         <load_address>0x3b48</load_address>
         <readonly>true</readonly>
         <executable>true</executable>
         <run_address>0x3b48</run_address>
         <size>0x9c</size>
         <alignment>0x4</alignment>
         <input_file_ref idref="fl-6"/>
      </object_component>
      <object_component id="oc-113">
         <name>.text.dmp_set_fifo_rate</name>
         <load_address>0x3be4</load_address>
         <readonly>true</readonly>
         <executable>true</executable>
         <run_address>0x3be4</run_address>
         <size>0x98</size>
         <alignment>0x4</alignment>
         <input_file_ref idref="fl-7"/>
      </object_component>
      <object_component id="oc-1a5">
         <name>.text.inv_row_2_scale</name>
         <load_address>0x3c7c</load_address>
         <readonly>true</readonly>
         <executable>true</executable>
         <run_address>0x3c7c</run_address>
         <size>0x96</size>
         <alignment>0x2</alignment>
         <input_file_ref idref="fl-6"/>
      </object_component>
      <object_component id="oc-17d">
         <name>.text.MPU_Set_LPF</name>
         <load_address>0x3d12</load_address>
         <readonly>true</readonly>
         <executable>true</executable>
         <run_address>0x3d12</run_address>
         <size>0x90</size>
         <alignment>0x2</alignment>
         <input_file_ref idref="fl-5"/>
      </object_component>
      <object_component id="oc-125">
         <name>.text.__mulsf3</name>
         <load_address>0x3da4</load_address>
         <readonly>true</readonly>
         <executable>true</executable>
         <run_address>0x3da4</run_address>
         <size>0x8c</size>
         <alignment>0x4</alignment>
         <input_file_ref idref="fl-ba"/>
      </object_component>
      <object_component id="oc-1b7">
         <name>.text.decode_gesture</name>
         <load_address>0x3e30</load_address>
         <readonly>true</readonly>
         <executable>true</executable>
         <run_address>0x3e30</run_address>
         <size>0x8c</size>
         <alignment>0x4</alignment>
         <input_file_ref idref="fl-7"/>
      </object_component>
      <object_component id="oc-121">
         <name>.text.__divsf3</name>
         <load_address>0x3ebc</load_address>
         <readonly>true</readonly>
         <executable>true</executable>
         <run_address>0x3ebc</run_address>
         <size>0x82</size>
         <alignment>0x4</alignment>
         <input_file_ref idref="fl-bb"/>
      </object_component>
      <object_component id="oc-1c">
         <name>.text:decompress:lzss</name>
         <load_address>0x3f40</load_address>
         <readonly>true</readonly>
         <executable>true</executable>
         <run_address>0x3f40</run_address>
         <size>0x78</size>
         <alignment>0x4</alignment>
         <input_file_ref idref="fl-40"/>
      </object_component>
      <object_component id="oc-1c2">
         <name>.text.__aeabi_errno_addr</name>
         <load_address>0x3fb8</load_address>
         <readonly>true</readonly>
         <executable>true</executable>
         <run_address>0x3fb8</run_address>
         <size>0x8</size>
         <alignment>0x4</alignment>
         <input_file_ref idref="fl-2e"/>
      </object_component>
      <object_component id="oc-13b">
         <name>.text.__truncdfsf2</name>
         <load_address>0x3fc0</load_address>
         <readonly>true</readonly>
         <executable>true</executable>
         <run_address>0x3fc0</run_address>
         <size>0x74</size>
         <alignment>0x10</alignment>
         <input_file_ref idref="fl-c4"/>
      </object_component>
      <object_component id="oc-221">
         <name>.text.mpu_get_accel_fsr</name>
         <load_address>0x4034</load_address>
         <readonly>true</readonly>
         <executable>true</executable>
         <run_address>0x4034</run_address>
         <size>0x74</size>
         <alignment>0x4</alignment>
         <input_file_ref idref="fl-6"/>
      </object_component>
      <object_component id="oc-fb">
         <name>.text.MPU_Set_Rate</name>
         <load_address>0x40a8</load_address>
         <readonly>true</readonly>
         <executable>true</executable>
         <run_address>0x40a8</run_address>
         <size>0x70</size>
         <alignment>0x4</alignment>
         <input_file_ref idref="fl-5"/>
      </object_component>
      <object_component id="oc-232">
         <name>.text.__gedf2</name>
         <load_address>0x4118</load_address>
         <readonly>true</readonly>
         <executable>true</executable>
         <run_address>0x4118</run_address>
         <size>0x70</size>
         <alignment>0x4</alignment>
         <input_file_ref idref="fl-d0"/>
      </object_component>
      <object_component id="oc-22c">
         <name>.text.__ledf2</name>
         <load_address>0x4188</load_address>
         <readonly>true</readonly>
         <executable>true</executable>
         <run_address>0x4188</run_address>
         <size>0x6c</size>
         <alignment>0x4</alignment>
         <input_file_ref idref="fl-d0"/>
      </object_component>
      <object_component id="oc-1aa">
         <name>.text.dmp_set_tap_axes</name>
         <load_address>0x41f4</load_address>
         <readonly>true</readonly>
         <executable>true</executable>
         <run_address>0x41f4</run_address>
         <size>0x66</size>
         <alignment>0x2</alignment>
         <input_file_ref idref="fl-7"/>
      </object_component>
      <object_component id="oc-f0">
         <name>.text.SYSCFG_DL_I2C_MPU6050_init</name>
         <load_address>0x425c</load_address>
         <readonly>true</readonly>
         <executable>true</executable>
         <run_address>0x425c</run_address>
         <size>0x64</size>
         <alignment>0x4</alignment>
         <input_file_ref idref="fl-2"/>
      </object_component>
      <object_component id="oc-1cb">
         <name>.text.__aeabi_dcmp</name>
         <load_address>0x42c0</load_address>
         <readonly>true</readonly>
         <executable>true</executable>
         <run_address>0x42c0</run_address>
         <size>0x62</size>
         <alignment>0x4</alignment>
         <input_file_ref idref="fl-c5"/>
      </object_component>
      <object_component id="oc-1a8">
         <name>.text.dmp_enable_gyro_cal</name>
         <load_address>0x4324</load_address>
         <readonly>true</readonly>
         <executable>true</executable>
         <run_address>0x4324</run_address>
         <size>0x60</size>
         <alignment>0x4</alignment>
         <input_file_ref idref="fl-7"/>
      </object_component>
      <object_component id="oc-72">
         <name>.text.DL_I2C_fillControllerTXFIFO</name>
         <load_address>0x4384</load_address>
         <readonly>true</readonly>
         <executable>true</executable>
         <run_address>0x4384</run_address>
         <size>0x5e</size>
         <alignment>0x2</alignment>
         <input_file_ref idref="fl-16"/>
      </object_component>
      <object_component id="oc-fc">
         <name>.text.MPU6050ReadID</name>
         <load_address>0x43e4</load_address>
         <readonly>true</readonly>
         <executable>true</executable>
         <run_address>0x43e4</run_address>
         <size>0x5c</size>
         <alignment>0x4</alignment>
         <input_file_ref idref="fl-5"/>
      </object_component>
      <object_component id="oc-b4">
         <name>.text.printf</name>
         <load_address>0x4440</load_address>
         <readonly>true</readonly>
         <executable>true</executable>
         <run_address>0x4440</run_address>
         <size>0x5c</size>
         <alignment>0x4</alignment>
         <input_file_ref idref="fl-26"/>
      </object_component>
      <object_component id="oc-ed">
         <name>.text.SYSCFG_DL_initPower</name>
         <load_address>0x449c</load_address>
         <readonly>true</readonly>
         <executable>true</executable>
         <run_address>0x449c</run_address>
         <size>0x58</size>
         <alignment>0x4</alignment>
         <input_file_ref idref="fl-2"/>
      </object_component>
      <object_component id="oc-222">
         <name>.text.__aeabi_idivmod</name>
         <load_address>0x44f4</load_address>
         <readonly>true</readonly>
         <executable>true</executable>
         <run_address>0x44f4</run_address>
         <size>0x56</size>
         <alignment>0x4</alignment>
         <input_file_ref idref="fl-c7"/>
      </object_component>
      <object_component id="oc-178">
         <name>.text.DL_I2C_startControllerTransfer</name>
         <load_address>0x454c</load_address>
         <readonly>true</readonly>
         <executable>true</executable>
         <run_address>0x454c</run_address>
         <size>0x50</size>
         <alignment>0x4</alignment>
         <input_file_ref idref="fl-5"/>
      </object_component>
      <object_component id="oc-193">
         <name>.text.fputs</name>
         <load_address>0x459c</load_address>
         <readonly>true</readonly>
         <executable>true</executable>
         <run_address>0x459c</run_address>
         <size>0x50</size>
         <alignment>0x4</alignment>
         <input_file_ref idref="fl-4"/>
      </object_component>
      <object_component id="oc-171">
         <name>.text.DL_UART_setBaudRateDivisor</name>
         <load_address>0x45ec</load_address>
         <readonly>true</readonly>
         <executable>true</executable>
         <run_address>0x45ec</run_address>
         <size>0x4c</size>
         <alignment>0x4</alignment>
         <input_file_ref idref="fl-2"/>
      </object_component>
      <object_component id="oc-16f">
         <name>.text.DL_UART_init</name>
         <load_address>0x4638</load_address>
         <readonly>true</readonly>
         <executable>true</executable>
         <run_address>0x4638</run_address>
         <size>0x48</size>
         <alignment>0x4</alignment>
         <input_file_ref idref="fl-17"/>
      </object_component>
      <object_component id="oc-c5">
         <name>.text.RxFunc</name>
         <load_address>0x4680</load_address>
         <readonly>true</readonly>
         <executable>true</executable>
         <run_address>0x4680</run_address>
         <size>0x48</size>
         <alignment>0x4</alignment>
         <input_file_ref idref="fl-1"/>
      </object_component>
      <object_component id="oc-f1">
         <name>.text.SYSCFG_DL_UART_0_init</name>
         <load_address>0x46c8</load_address>
         <readonly>true</readonly>
         <executable>true</executable>
         <run_address>0x46c8</run_address>
         <size>0x48</size>
         <alignment>0x4</alignment>
         <input_file_ref idref="fl-2"/>
      </object_component>
      <object_component id="oc-1b2">
         <name>.text.dmp_enable_6x_lp_quat</name>
         <load_address>0x4710</load_address>
         <readonly>true</readonly>
         <executable>true</executable>
         <run_address>0x4710</run_address>
         <size>0x48</size>
         <alignment>0x4</alignment>
         <input_file_ref idref="fl-7"/>
      </object_component>
      <object_component id="oc-1b1">
         <name>.text.dmp_enable_lp_quat</name>
         <load_address>0x4758</load_address>
         <readonly>true</readonly>
         <executable>true</executable>
         <run_address>0x4758</run_address>
         <size>0x48</size>
         <alignment>0x4</alignment>
         <input_file_ref idref="fl-7"/>
      </object_component>
      <object_component id="oc-1ae">
         <name>.text.dmp_set_shake_reject_thresh</name>
         <load_address>0x47a0</load_address>
         <readonly>true</readonly>
         <executable>true</executable>
         <run_address>0x47a0</run_address>
         <size>0x44</size>
         <alignment>0x2</alignment>
         <input_file_ref idref="fl-7"/>
      </object_component>
      <object_component id="oc-1ab">
         <name>.text.dmp_set_tap_count</name>
         <load_address>0x47e4</load_address>
         <readonly>true</readonly>
         <executable>true</executable>
         <run_address>0x47e4</run_address>
         <size>0x44</size>
         <alignment>0x2</alignment>
         <input_file_ref idref="fl-7"/>
      </object_component>
      <object_component id="oc-179">
         <name>.text.__aeabi_uidivmod</name>
         <load_address>0x4828</load_address>
         <readonly>true</readonly>
         <executable>true</executable>
         <run_address>0x4828</run_address>
         <size>0x40</size>
         <alignment>0x4</alignment>
         <input_file_ref idref="fl-cb"/>
      </object_component>
      <object_component id="oc-12d">
         <name>.text.__extendsfdf2</name>
         <load_address>0x4868</load_address>
         <readonly>true</readonly>
         <executable>true</executable>
         <run_address>0x4868</run_address>
         <size>0x40</size>
         <alignment>0x4</alignment>
         <input_file_ref idref="fl-bd"/>
      </object_component>
      <object_component id="oc-1fc">
         <name>.text.atoi</name>
         <load_address>0x48a8</load_address>
         <readonly>true</readonly>
         <executable>true</executable>
         <run_address>0x48a8</run_address>
         <size>0x40</size>
         <alignment>0x4</alignment>
         <input_file_ref idref="fl-32"/>
      </object_component>
      <object_component id="oc-110">
         <name>.text.inv_orientation_matrix_to_scalar</name>
         <load_address>0x48e8</load_address>
         <readonly>true</readonly>
         <executable>true</executable>
         <run_address>0x48e8</run_address>
         <size>0x3e</size>
         <alignment>0x2</alignment>
         <input_file_ref idref="fl-6"/>
      </object_component>
      <object_component id="oc-158">
         <name>.text.DL_GPIO_initPeripheralInputFunctionFeatures</name>
         <load_address>0x4928</load_address>
         <readonly>true</readonly>
         <executable>true</executable>
         <run_address>0x4928</run_address>
         <size>0x3c</size>
         <alignment>0x4</alignment>
         <input_file_ref idref="fl-2"/>
      </object_component>
      <object_component id="oc-11d">
         <name>.text.__floatsisf</name>
         <load_address>0x4964</load_address>
         <readonly>true</readonly>
         <executable>true</executable>
         <run_address>0x4964</run_address>
         <size>0x3c</size>
         <alignment>0x4</alignment>
         <input_file_ref idref="fl-c1"/>
      </object_component>
      <object_component id="oc-d4">
         <name>.text:__TI_auto_init_nobinit_nopinit</name>
         <load_address>0x49a0</load_address>
         <readonly>true</readonly>
         <executable>true</executable>
         <run_address>0x49a0</run_address>
         <size>0x3c</size>
         <alignment>0x4</alignment>
         <input_file_ref idref="fl-3b"/>
      </object_component>
      <object_component id="oc-1bb">
         <name>.text.__muldsi3</name>
         <load_address>0x49dc</load_address>
         <readonly>true</readonly>
         <executable>true</executable>
         <run_address>0x49dc</run_address>
         <size>0x3a</size>
         <alignment>0x4</alignment>
         <input_file_ref idref="fl-b9"/>
      </object_component>
      <object_component id="oc-c1">
         <name>.text.__fixsfsi</name>
         <load_address>0x4a18</load_address>
         <readonly>true</readonly>
         <executable>true</executable>
         <run_address>0x4a18</run_address>
         <size>0x38</size>
         <alignment>0x4</alignment>
         <input_file_ref idref="fl-bf"/>
      </object_component>
      <object_component id="oc-1af">
         <name>.text.dmp_set_shake_reject_time</name>
         <load_address>0x4a50</load_address>
         <readonly>true</readonly>
         <executable>true</executable>
         <run_address>0x4a50</run_address>
         <size>0x32</size>
         <alignment>0x2</alignment>
         <input_file_ref idref="fl-7"/>
      </object_component>
      <object_component id="oc-1b0">
         <name>.text.dmp_set_shake_reject_timeout</name>
         <load_address>0x4a82</load_address>
         <readonly>true</readonly>
         <executable>true</executable>
         <run_address>0x4a82</run_address>
         <size>0x32</size>
         <alignment>0x2</alignment>
         <input_file_ref idref="fl-7"/>
      </object_component>
      <object_component id="oc-1ac">
         <name>.text.dmp_set_tap_time</name>
         <load_address>0x4ab4</load_address>
         <readonly>true</readonly>
         <executable>true</executable>
         <run_address>0x4ab4</run_address>
         <size>0x30</size>
         <alignment>0x2</alignment>
         <input_file_ref idref="fl-7"/>
      </object_component>
      <object_component id="oc-1ad">
         <name>.text.dmp_set_tap_time_multi</name>
         <load_address>0x4ae4</load_address>
         <readonly>true</readonly>
         <executable>true</executable>
         <run_address>0x4ae4</run_address>
         <size>0x30</size>
         <alignment>0x2</alignment>
         <input_file_ref idref="fl-7"/>
      </object_component>
      <object_component id="oc-f4">
         <name>.text.__NVIC_ClearPendingIRQ</name>
         <load_address>0x4b14</load_address>
         <readonly>true</readonly>
         <executable>true</executable>
         <run_address>0x4b14</run_address>
         <size>0x2c</size>
         <alignment>0x4</alignment>
         <input_file_ref idref="fl-4"/>
      </object_component>
      <object_component id="oc-ac">
         <name>.text.__NVIC_ClearPendingIRQ</name>
         <load_address>0x4b40</load_address>
         <readonly>true</readonly>
         <executable>true</executable>
         <run_address>0x4b40</run_address>
         <size>0x2c</size>
         <alignment>0x4</alignment>
         <input_file_ref idref="fl-1"/>
      </object_component>
      <object_component id="oc-f5">
         <name>.text.__NVIC_EnableIRQ</name>
         <load_address>0x4b6c</load_address>
         <readonly>true</readonly>
         <executable>true</executable>
         <run_address>0x4b6c</run_address>
         <size>0x2c</size>
         <alignment>0x4</alignment>
         <input_file_ref idref="fl-4"/>
      </object_component>
      <object_component id="oc-ad">
         <name>.text.__NVIC_EnableIRQ</name>
         <load_address>0x4b98</load_address>
         <readonly>true</readonly>
         <executable>true</executable>
         <run_address>0x4b98</run_address>
         <size>0x2c</size>
         <alignment>0x4</alignment>
         <input_file_ref idref="fl-1"/>
      </object_component>
      <object_component id="oc-1ec">
         <name>.text.DL_Common_updateReg</name>
         <load_address>0x4bc4</load_address>
         <readonly>true</readonly>
         <executable>true</executable>
         <run_address>0x4bc4</run_address>
         <size>0x28</size>
         <alignment>0x2</alignment>
         <input_file_ref idref="fl-5"/>
      </object_component>
      <object_component id="oc-1eb">
         <name>.text.DL_Common_updateReg</name>
         <load_address>0x4bec</load_address>
         <readonly>true</readonly>
         <executable>true</executable>
         <run_address>0x4bec</run_address>
         <size>0x28</size>
         <alignment>0x2</alignment>
         <input_file_ref idref="fl-2"/>
      </object_component>
      <object_component id="oc-169">
         <name>.text.DL_I2C_setControllerRXFIFOThreshold</name>
         <load_address>0x4c14</load_address>
         <readonly>true</readonly>
         <executable>true</executable>
         <run_address>0x4c14</run_address>
         <size>0x28</size>
         <alignment>0x4</alignment>
         <input_file_ref idref="fl-2"/>
      </object_component>
      <object_component id="oc-168">
         <name>.text.DL_I2C_setControllerTXFIFOThreshold</name>
         <load_address>0x4c3c</load_address>
         <readonly>true</readonly>
         <executable>true</executable>
         <run_address>0x4c3c</run_address>
         <size>0x28</size>
         <alignment>0x4</alignment>
         <input_file_ref idref="fl-2"/>
      </object_component>
      <object_component id="oc-15e">
         <name>.text.DL_SYSCTL_setPowerPolicySTANDBY0</name>
         <load_address>0x4c64</load_address>
         <readonly>true</readonly>
         <executable>true</executable>
         <run_address>0x4c64</run_address>
         <size>0x28</size>
         <alignment>0x4</alignment>
         <input_file_ref idref="fl-2"/>
      </object_component>
      <object_component id="oc-21d">
         <name>.text.__floatunsisf</name>
         <load_address>0x4c8c</load_address>
         <readonly>true</readonly>
         <executable>true</executable>
         <run_address>0x4c8c</run_address>
         <size>0x28</size>
         <alignment>0x4</alignment>
         <input_file_ref idref="fl-c2"/>
      </object_component>
      <object_component id="oc-59">
         <name>.text:_c_int00_noargs</name>
         <load_address>0x4cb4</load_address>
         <readonly>true</readonly>
         <executable>true</executable>
         <run_address>0x4cb4</run_address>
         <size>0x28</size>
         <alignment>0x4</alignment>
         <input_file_ref idref="fl-39"/>
      </object_component>
      <object_component id="oc-164">
         <name>.text.DL_I2C_setAnalogGlitchFilterPulseWidth</name>
         <load_address>0x4cdc</load_address>
         <readonly>true</readonly>
         <executable>true</executable>
         <run_address>0x4cdc</run_address>
         <size>0x26</size>
         <alignment>0x2</alignment>
         <input_file_ref idref="fl-2"/>
      </object_component>
      <object_component id="oc-163">
         <name>.text.DL_I2C_setClockConfig</name>
         <load_address>0x4d02</load_address>
         <readonly>true</readonly>
         <executable>true</executable>
         <run_address>0x4d02</run_address>
         <size>0x26</size>
         <alignment>0x2</alignment>
         <input_file_ref idref="fl-16"/>
      </object_component>
      <object_component id="oc-204">
         <name>.text.__muldi3</name>
         <load_address>0x4d28</load_address>
         <readonly>true</readonly>
         <executable>true</executable>
         <run_address>0x4d28</run_address>
         <size>0x24</size>
         <alignment>0x4</alignment>
         <input_file_ref idref="fl-c3"/>
      </object_component>
      <object_component id="oc-ef">
         <name>.text.SYSCFG_DL_SYSCTL_init</name>
         <load_address>0x4d4c</load_address>
         <readonly>true</readonly>
         <executable>true</executable>
         <run_address>0x4d4c</run_address>
         <size>0x22</size>
         <alignment>0x2</alignment>
         <input_file_ref idref="fl-2"/>
      </object_component>
      <object_component id="oc-bf">
         <name>.text.delay_ms</name>
         <load_address>0x4d6e</load_address>
         <readonly>true</readonly>
         <executable>true</executable>
         <run_address>0x4d6e</run_address>
         <size>0x22</size>
         <alignment>0x2</alignment>
         <input_file_ref idref="fl-4"/>
      </object_component>
      <object_component id="oc-1f5">
         <name>.text.memccpy</name>
         <load_address>0x4d90</load_address>
         <readonly>true</readonly>
         <executable>true</executable>
         <run_address>0x4d90</run_address>
         <size>0x22</size>
         <alignment>0x2</alignment>
         <input_file_ref idref="fl-34"/>
      </object_component>
      <object_component id="oc-15b">
         <name>.text.DL_GPIO_initPeripheralInputFunction</name>
         <load_address>0x4db4</load_address>
         <readonly>true</readonly>
         <executable>true</executable>
         <run_address>0x4db4</run_address>
         <size>0x20</size>
         <alignment>0x4</alignment>
         <input_file_ref idref="fl-2"/>
      </object_component>
      <object_component id="oc-61">
         <name>.text.DL_UART_receiveDataBlocking</name>
         <load_address>0x4dd4</load_address>
         <readonly>true</readonly>
         <executable>true</executable>
         <run_address>0x4dd4</run_address>
         <size>0x20</size>
         <alignment>0x4</alignment>
         <input_file_ref idref="fl-17"/>
      </object_component>
      <object_component id="oc-144">
         <name>.text.DL_UART_transmitDataBlocking</name>
         <load_address>0x4df4</load_address>
         <readonly>true</readonly>
         <executable>true</executable>
         <run_address>0x4df4</run_address>
         <size>0x20</size>
         <alignment>0x4</alignment>
         <input_file_ref idref="fl-17"/>
      </object_component>
      <object_component id="oc-ae">
         <name>.text.board_init</name>
         <load_address>0x4e14</load_address>
         <readonly>true</readonly>
         <executable>true</executable>
         <run_address>0x4e14</run_address>
         <size>0x20</size>
         <alignment>0x2</alignment>
         <input_file_ref idref="fl-4"/>
      </object_component>
      <object_component id="oc-219">
         <name>.text.memcmp</name>
         <load_address>0x4e34</load_address>
         <readonly>true</readonly>
         <executable>true</executable>
         <run_address>0x4e34</run_address>
         <size>0x20</size>
         <alignment>0x2</alignment>
         <input_file_ref idref="fl-35"/>
      </object_component>
      <object_component id="oc-170">
         <name>.text.DL_UART_setOversampling</name>
         <load_address>0x4e54</load_address>
         <readonly>true</readonly>
         <executable>true</executable>
         <run_address>0x4e54</run_address>
         <size>0x1e</size>
         <alignment>0x2</alignment>
         <input_file_ref idref="fl-2"/>
      </object_component>
      <object_component id="oc-fa">
         <name>.text.MPU_Set_Accel_Fsr</name>
         <load_address>0x4e72</load_address>
         <readonly>true</readonly>
         <executable>true</executable>
         <run_address>0x4e72</run_address>
         <size>0x1e</size>
         <alignment>0x2</alignment>
         <input_file_ref idref="fl-5"/>
      </object_component>
      <object_component id="oc-f9">
         <name>.text.MPU_Set_Gyro_Fsr</name>
         <load_address>0x4e90</load_address>
         <readonly>true</readonly>
         <executable>true</executable>
         <run_address>0x4e90</run_address>
         <size>0x1e</size>
         <alignment>0x2</alignment>
         <input_file_ref idref="fl-5"/>
      </object_component>
      <object_component id="oc-277">
         <name>.text.__ashldi3</name>
         <load_address>0x4eb0</load_address>
         <readonly>true</readonly>
         <executable>true</executable>
         <run_address>0x4eb0</run_address>
         <size>0x1e</size>
         <alignment>0x4</alignment>
         <input_file_ref idref="fl-cf"/>
      </object_component>
      <object_component id="oc-159">
         <name>.text.DL_GPIO_enableHiZ</name>
         <load_address>0x4ed0</load_address>
         <readonly>true</readonly>
         <executable>true</executable>
         <run_address>0x4ed0</run_address>
         <size>0x1c</size>
         <alignment>0x4</alignment>
         <input_file_ref idref="fl-2"/>
      </object_component>
      <object_component id="oc-15a">
         <name>.text.DL_GPIO_initPeripheralOutputFunction</name>
         <load_address>0x4eec</load_address>
         <readonly>true</readonly>
         <executable>true</executable>
         <run_address>0x4eec</run_address>
         <size>0x1c</size>
         <alignment>0x4</alignment>
         <input_file_ref idref="fl-2"/>
      </object_component>
      <object_component id="oc-6f">
         <name>.text.DL_I2C_disableInterrupt</name>
         <load_address>0x4f08</load_address>
         <readonly>true</readonly>
         <executable>true</executable>
         <run_address>0x4f08</run_address>
         <size>0x1c</size>
         <alignment>0x4</alignment>
         <input_file_ref idref="fl-5"/>
      </object_component>
      <object_component id="oc-176">
         <name>.text.DL_I2C_enableInterrupt</name>
         <load_address>0x4f24</load_address>
         <readonly>true</readonly>
         <executable>true</executable>
         <run_address>0x4f24</run_address>
         <size>0x1c</size>
         <alignment>0x4</alignment>
         <input_file_ref idref="fl-5"/>
      </object_component>
      <object_component id="oc-16b">
         <name>.text.DL_I2C_enableInterrupt</name>
         <load_address>0x4f40</load_address>
         <readonly>true</readonly>
         <executable>true</executable>
         <run_address>0x4f40</run_address>
         <size>0x1c</size>
         <alignment>0x4</alignment>
         <input_file_ref idref="fl-2"/>
      </object_component>
      <object_component id="oc-70">
         <name>.text.DL_I2C_isControllerRXFIFOEmpty</name>
         <load_address>0x4f5c</load_address>
         <readonly>true</readonly>
         <executable>true</executable>
         <run_address>0x4f5c</run_address>
         <size>0x1c</size>
         <alignment>0x4</alignment>
         <input_file_ref idref="fl-5"/>
      </object_component>
      <object_component id="oc-160">
         <name>.text.DL_SYSCTL_setSYSOSCFreq</name>
         <load_address>0x4f78</load_address>
         <readonly>true</readonly>
         <executable>true</executable>
         <run_address>0x4f78</run_address>
         <size>0x1c</size>
         <alignment>0x4</alignment>
         <input_file_ref idref="fl-2"/>
      </object_component>
      <object_component id="oc-172">
         <name>.text.DL_UART_enableInterrupt</name>
         <load_address>0x4f94</load_address>
         <readonly>true</readonly>
         <executable>true</executable>
         <run_address>0x4f94</run_address>
         <size>0x1c</size>
         <alignment>0x4</alignment>
         <input_file_ref idref="fl-2"/>
      </object_component>
      <object_component id="oc-10b">
         <name>.text.dmp_load_motion_driver_firmware</name>
         <load_address>0x4fb0</load_address>
         <readonly>true</readonly>
         <executable>true</executable>
         <run_address>0x4fb0</run_address>
         <size>0x1c</size>
         <alignment>0x4</alignment>
         <input_file_ref idref="fl-7"/>
      </object_component>
      <object_component id="oc-194">
         <name>.text.fputc</name>
         <load_address>0x4fcc</load_address>
         <readonly>true</readonly>
         <executable>true</executable>
         <run_address>0x4fcc</run_address>
         <size>0x1c</size>
         <alignment>0x4</alignment>
         <input_file_ref idref="fl-4"/>
      </object_component>
      <object_component id="oc-157">
         <name>.text.DL_GPIO_enableOutput</name>
         <load_address>0x4fe8</load_address>
         <readonly>true</readonly>
         <executable>true</executable>
         <run_address>0x4fe8</run_address>
         <size>0x18</size>
         <alignment>0x4</alignment>
         <input_file_ref idref="fl-2"/>
      </object_component>
      <object_component id="oc-152">
         <name>.text.DL_GPIO_enablePower</name>
         <load_address>0x5000</load_address>
         <readonly>true</readonly>
         <executable>true</executable>
         <run_address>0x5000</run_address>
         <size>0x18</size>
         <alignment>0x4</alignment>
         <input_file_ref idref="fl-2"/>
      </object_component>
      <object_component id="oc-155">
         <name>.text.DL_GPIO_initDigitalOutput</name>
         <load_address>0x5018</load_address>
         <readonly>true</readonly>
         <executable>true</executable>
         <run_address>0x5018</run_address>
         <size>0x18</size>
         <alignment>0x4</alignment>
         <input_file_ref idref="fl-2"/>
      </object_component>
      <object_component id="oc-14f">
         <name>.text.DL_GPIO_reset</name>
         <load_address>0x5030</load_address>
         <readonly>true</readonly>
         <executable>true</executable>
         <run_address>0x5030</run_address>
         <size>0x18</size>
         <alignment>0x4</alignment>
         <input_file_ref idref="fl-2"/>
      </object_component>
      <object_component id="oc-15c">
         <name>.text.DL_GPIO_setPins</name>
         <load_address>0x5048</load_address>
         <readonly>true</readonly>
         <executable>true</executable>
         <run_address>0x5048</run_address>
         <size>0x18</size>
         <alignment>0x4</alignment>
         <input_file_ref idref="fl-2"/>
      </object_component>
      <object_component id="oc-67">
         <name>.text.DL_GPIO_togglePins</name>
         <load_address>0x5060</load_address>
         <readonly>true</readonly>
         <executable>true</executable>
         <run_address>0x5060</run_address>
         <size>0x18</size>
         <alignment>0x4</alignment>
         <input_file_ref idref="fl-1"/>
      </object_component>
      <object_component id="oc-165">
         <name>.text.DL_I2C_enableAnalogGlitchFilter</name>
         <load_address>0x5078</load_address>
         <readonly>true</readonly>
         <executable>true</executable>
         <run_address>0x5078</run_address>
         <size>0x18</size>
         <alignment>0x2</alignment>
         <input_file_ref idref="fl-2"/>
      </object_component>
      <object_component id="oc-16c">
         <name>.text.DL_I2C_enableController</name>
         <load_address>0x5090</load_address>
         <readonly>true</readonly>
         <executable>true</executable>
         <run_address>0x5090</run_address>
         <size>0x18</size>
         <alignment>0x4</alignment>
         <input_file_ref idref="fl-2"/>
      </object_component>
      <object_component id="oc-16a">
         <name>.text.DL_I2C_enableControllerClockStretching</name>
         <load_address>0x50a8</load_address>
         <readonly>true</readonly>
         <executable>true</executable>
         <run_address>0x50a8</run_address>
         <size>0x18</size>
         <alignment>0x4</alignment>
         <input_file_ref idref="fl-2"/>
      </object_component>
      <object_component id="oc-153">
         <name>.text.DL_I2C_enablePower</name>
         <load_address>0x50c0</load_address>
         <readonly>true</readonly>
         <executable>true</executable>
         <run_address>0x50c0</run_address>
         <size>0x18</size>
         <alignment>0x4</alignment>
         <input_file_ref idref="fl-2"/>
      </object_component>
      <object_component id="oc-150">
         <name>.text.DL_I2C_reset</name>
         <load_address>0x50d8</load_address>
         <readonly>true</readonly>
         <executable>true</executable>
         <run_address>0x50d8</run_address>
         <size>0x18</size>
         <alignment>0x4</alignment>
         <input_file_ref idref="fl-2"/>
      </object_component>
      <object_component id="oc-167">
         <name>.text.DL_I2C_setTimerPeriod</name>
         <load_address>0x50f0</load_address>
         <readonly>true</readonly>
         <executable>true</executable>
         <run_address>0x50f0</run_address>
         <size>0x18</size>
         <alignment>0x4</alignment>
         <input_file_ref idref="fl-2"/>
      </object_component>
      <object_component id="oc-15f">
         <name>.text.DL_SYSCTL_setBORThreshold</name>
         <load_address>0x5108</load_address>
         <readonly>true</readonly>
         <executable>true</executable>
         <run_address>0x5108</run_address>
         <size>0x18</size>
         <alignment>0x4</alignment>
         <input_file_ref idref="fl-2"/>
      </object_component>
      <object_component id="oc-154">
         <name>.text.DL_UART_enablePower</name>
         <load_address>0x5120</load_address>
         <readonly>true</readonly>
         <executable>true</executable>
         <run_address>0x5120</run_address>
         <size>0x18</size>
         <alignment>0x4</alignment>
         <input_file_ref idref="fl-2"/>
      </object_component>
      <object_component id="oc-151">
         <name>.text.DL_UART_reset</name>
         <load_address>0x5138</load_address>
         <readonly>true</readonly>
         <executable>true</executable>
         <run_address>0x5138</run_address>
         <size>0x18</size>
         <alignment>0x4</alignment>
         <input_file_ref idref="fl-2"/>
      </object_component>
      <object_component id="oc-a7">
         <name>.text.SYSCFG_DL_init</name>
         <load_address>0x5150</load_address>
         <readonly>true</readonly>
         <executable>true</executable>
         <run_address>0x5150</run_address>
         <size>0x18</size>
         <alignment>0x2</alignment>
         <input_file_ref idref="fl-2"/>
      </object_component>
      <object_component id="oc-173">
         <name>.text.DL_UART_enable</name>
         <load_address>0x5168</load_address>
         <readonly>true</readonly>
         <executable>true</executable>
         <run_address>0x5168</run_address>
         <size>0x16</size>
         <alignment>0x2</alignment>
         <input_file_ref idref="fl-2"/>
      </object_component>
      <object_component id="oc-50">
         <name>.text:decompress:ZI:__TI_zero_init_nomemset</name>
         <load_address>0x517e</load_address>
         <readonly>true</readonly>
         <executable>true</executable>
         <run_address>0x517e</run_address>
         <size>0x16</size>
         <alignment>0x2</alignment>
         <input_file_ref idref="fl-3e"/>
      </object_component>
      <object_component id="oc-156">
         <name>.text.DL_GPIO_clearPins</name>
         <load_address>0x5194</load_address>
         <readonly>true</readonly>
         <executable>true</executable>
         <run_address>0x5194</run_address>
         <size>0x14</size>
         <alignment>0x2</alignment>
         <input_file_ref idref="fl-2"/>
      </object_component>
      <object_component id="oc-177">
         <name>.text.DL_I2C_getControllerStatus</name>
         <load_address>0x51a8</load_address>
         <readonly>true</readonly>
         <executable>true</executable>
         <run_address>0x51a8</run_address>
         <size>0x14</size>
         <alignment>0x4</alignment>
         <input_file_ref idref="fl-5"/>
      </object_component>
      <object_component id="oc-71">
         <name>.text.DL_I2C_receiveControllerData</name>
         <load_address>0x51bc</load_address>
         <readonly>true</readonly>
         <executable>true</executable>
         <run_address>0x51bc</run_address>
         <size>0x14</size>
         <alignment>0x4</alignment>
         <input_file_ref idref="fl-5"/>
      </object_component>
      <object_component id="oc-166">
         <name>.text.DL_I2C_resetControllerTransfer</name>
         <load_address>0x51d0</load_address>
         <readonly>true</readonly>
         <executable>true</executable>
         <run_address>0x51d0</run_address>
         <size>0x14</size>
         <alignment>0x4</alignment>
         <input_file_ref idref="fl-2"/>
      </object_component>
      <object_component id="oc-162">
         <name>.text.DL_SYSCTL_disableSYSPLL</name>
         <load_address>0x51e4</load_address>
         <readonly>true</readonly>
         <executable>true</executable>
         <run_address>0x51e4</run_address>
         <size>0x14</size>
         <alignment>0x4</alignment>
         <input_file_ref idref="fl-2"/>
      </object_component>
      <object_component id="oc-209">
         <name>.text.__aeabi_uldivmod</name>
         <load_address>0x51f8</load_address>
         <readonly>true</readonly>
         <executable>true</executable>
         <run_address>0x51f8</run_address>
         <size>0x14</size>
         <alignment>0x4</alignment>
         <input_file_ref idref="fl-cc"/>
      </object_component>
      <object_component id="oc-6e">
         <name>.text.DL_I2C_getPendingInterrupt</name>
         <load_address>0x520c</load_address>
         <readonly>true</readonly>
         <executable>true</executable>
         <run_address>0x520c</run_address>
         <size>0x12</size>
         <alignment>0x2</alignment>
         <input_file_ref idref="fl-5"/>
      </object_component>
      <object_component id="oc-60">
         <name>.text.DL_UART_getPendingInterrupt</name>
         <load_address>0x521e</load_address>
         <readonly>true</readonly>
         <executable>true</executable>
[...]
         <object_component_ref idref="oc-ba"/>
      </symbol>
      <symbol id="sm-200">
         <name>mpu_dmp_get_data</name>
         <value>0x1681</value>
         <object_component_ref idref="oc-c0"/>
      </symbol>
      <symbol id="sm-201">
         <name>reg</name>
         <value>0x61cb</value>
         <object_component_ref idref="oc-215"/>
      </symbol>
      <symbol id="sm-202">
         <name>hw</name>
         <value>0x621a</value>
         <object_component_ref idref="oc-216"/>
      </symbol>
      <symbol id="sm-23c">
         <name>dmp_load_motion_driver_firmware</name>
         <value>0x4fb1</value>
         <object_component_ref idref="oc-10b"/>
      </symbol>
      <symbol id="sm-23d">
         <name>dmp_set_orientation</name>
         <value>0x22ed</value>
         <object_component_ref idref="oc-111"/>
      </symbol>
      <symbol id="sm-23e">
         <name>dmp_set_fifo_rate</name>
         <value>0x3be5</value>
         <object_component_ref idref="oc-113"/>
      </symbol>
      <symbol id="sm-23f">
         <name>dmp_set_tap_thresh</name>
         <value>0x1229</value>
         <object_component_ref idref="oc-1a9"/>
      </symbol>
      <symbol id="sm-240">
         <name>dmp_set_tap_axes</name>
         <value>0x41f5</value>
         <object_component_ref idref="oc-1aa"/>
      </symbol>
      <symbol id="sm-241">
         <name>dmp_set_tap_count</name>
         <value>0x47e5</value>
         <object_component_ref idref="oc-1ab"/>
      </symbol>
      <symbol id="sm-242">
         <name>dmp_set_tap_time</name>
         <value>0x4ab5</value>
         <object_component_ref idref="oc-1ac"/>
      </symbol>
      <symbol id="sm-243">
         <name>dmp_set_tap_time_multi</name>
         <value>0x4ae5</value>
         <object_component_ref idref="oc-1ad"/>
      </symbol>
      <symbol id="sm-244">
         <name>dmp_set_shake_reject_thresh</name>
         <value>0x47a1</value>
         <object_component_ref idref="oc-1ae"/>
      </symbol>
      <symbol id="sm-245">
         <name>dmp_set_shake_reject_time</name>
         <value>0x4a51</value>
         <object_component_ref idref="oc-1af"/>
      </symbol>
      <symbol id="sm-246">
         <name>dmp_set_shake_reject_timeout</name>
         <value>0x4a83</value>
         <object_component_ref idref="oc-1b0"/>
      </symbol>
      <symbol id="sm-247">
         <name>dmp_enable_feature</name>
         <value>0xfb1</value>
         <object_component_ref idref="oc-112"/>
      </symbol>
      <symbol id="sm-248">
         <name>dmp_enable_gyro_cal</name>
         <value>0x4325</value>
         <object_component_ref idref="oc-1a8"/>
      </symbol>
      <symbol id="sm-249">
         <name>dmp_enable_lp_quat</name>
         <value>0x4759</value>
         <object_component_ref idref="oc-1b1"/>
      </symbol>
      <symbol id="sm-24a">
         <name>dmp_enable_6x_lp_quat</name>
         <value>0x4711</value>
         <object_component_ref idref="oc-1b2"/>
      </symbol>
      <symbol id="sm-24b">
         <name>dmp_read_fifo</name>
         <value>0x1aa9</value>
         <object_component_ref idref="oc-11c"/>
      </symbol>
      <symbol id="sm-24c">
         <name>__TI_ATRegion0_src_addr</name>
         <value>0x0</value>
      </symbol>
      <symbol id="sm-24d">
         <name>__TI_ATRegion0_trg_addr</name>
         <value>0x0</value>
      </symbol>
      <symbol id="sm-24e">
         <name>__TI_ATRegion0_region_sz</name>
         <value>0x0</value>
      </symbol>
      <symbol id="sm-24f">
         <name>__TI_ATRegion1_src_addr</name>
         <value>0x0</value>
      </symbol>
      <symbol id="sm-250">
         <name>__TI_ATRegion1_trg_addr</name>
         <value>0x0</value>
      </symbol>
      <symbol id="sm-251">
         <name>__TI_ATRegion1_region_sz</name>
         <value>0x0</value>
      </symbol>
      <symbol id="sm-252">
         <name>__TI_ATRegion2_src_addr</name>
         <value>0x0</value>
      </symbol>
      <symbol id="sm-253">
         <name>__TI_ATRegion2_trg_addr</name>
         <value>0x0</value>
      </symbol>
      <symbol id="sm-254">
         <name>__TI_ATRegion2_region_sz</name>
         <value>0x0</value>
      </symbol>
      <symbol id="sm-25d">
         <name>DL_Common_delayCycles</name>
         <value>0x52c1</value>
         <object_component_ref idref="oc-118"/>
      </symbol>
      <symbol id="sm-269">
         <name>DL_I2C_setClockConfig</name>
         <value>0x4d03</value>
         <object_component_ref idref="oc-163"/>
      </symbol>
      <symbol id="sm-26a">
         <name>DL_I2C_fillControllerTXFIFO</name>
         <value>0x4385</value>
         <object_component_ref idref="oc-72"/>
      </symbol>
      <symbol id="sm-27d">
         <name>DL_UART_init</name>
         <value>0x4639</value>
         <object_component_ref idref="oc-16f"/>
      </symbol>
      <symbol id="sm-27e">
         <name>DL_UART_setClockConfig</name>
         <value>0x5231</value>
         <object_component_ref idref="oc-16e"/>
      </symbol>
      <symbol id="sm-27f">
         <name>DL_UART_receiveDataBlocking</name>
         <value>0x4dd5</value>
         <object_component_ref idref="oc-61"/>
      </symbol>
      <symbol id="sm-280">
         <name>DL_UART_transmitDataBlocking</name>
         <value>0x4df5</value>
         <object_component_ref idref="oc-144"/>
      </symbol>
      <symbol id="sm-291">
         <name>printf</name>
         <value>0x4441</value>
         <object_component_ref idref="oc-b4"/>
      </symbol>
      <symbol id="sm-2b3">
         <name>__TI_printfi_nofloat</name>
         <value>0xc1</value>
         <object_component_ref idref="oc-188"/>
      </symbol>
      <symbol id="sm-2ca">
         <name>asin</name>
         <value>0x949</value>
         <object_component_ref idref="oc-131"/>
      </symbol>
      <symbol id="sm-2cb">
         <name>asinl</name>
         <value>0x949</value>
         <object_component_ref idref="oc-131"/>
      </symbol>
      <symbol id="sm-2d9">
         <name>atan2</name>
         <value>0x1e3d</value>
         <object_component_ref idref="oc-13f"/>
      </symbol>
      <symbol id="sm-2da">
         <name>atan2l</name>
         <value>0x1e3d</value>
         <object_component_ref idref="oc-13f"/>
      </symbol>
      <symbol id="sm-2e4">
         <name>sqrt</name>
         <value>0x2169</value>
         <object_component_ref idref="oc-1d1"/>
      </symbol>
      <symbol id="sm-2e5">
         <name>sqrtl</name>
         <value>0x2169</value>
         <object_component_ref idref="oc-1d1"/>
      </symbol>
      <symbol id="sm-2fc">
         <name>atan</name>
         <value>0xcb9</value>
         <object_component_ref idref="oc-1df"/>
      </symbol>
      <symbol id="sm-2fd">
         <name>atanl</name>
         <value>0xcb9</value>
         <object_component_ref idref="oc-1df"/>
      </symbol>
      <symbol id="sm-30a">
         <name>__aeabi_errno_addr</name>
         <value>0x3fb9</value>
         <object_component_ref idref="oc-1c2"/>
      </symbol>
      <symbol id="sm-30b">
         <name>__aeabi_errno</name>
         <value>0x202002cc</value>
         <object_component_ref idref="oc-227"/>
      </symbol>
      <symbol id="sm-314">
         <name>_nop</name>
         <value>0x3b47</value>
         <object_component_ref idref="oc-18a"/>
      </symbol>
      <symbol id="sm-315">
         <name>_lock</name>
         <value>0x202002d0</value>
         <object_component_ref idref="oc-fe"/>
      </symbol>
      <symbol id="sm-316">
         <name>_unlock</name>
         <value>0x202002d4</value>
         <object_component_ref idref="oc-104"/>
      </symbol>
      <symbol id="sm-322">
         <name>atoi</name>
         <value>0x48a9</value>
         <object_component_ref idref="oc-1fc"/>
      </symbol>
      <symbol id="sm-327">
         <name>_ftable</name>
         <value>0x20200194</value>
         <object_component_ref idref="oc-100"/>
      </symbol>
      <symbol id="sm-330">
         <name>memccpy</name>
         <value>0x4d91</value>
         <object_component_ref idref="oc-1f5"/>
      </symbol>
      <symbol id="sm-339">
         <name>memcmp</name>
         <value>0x4e35</value>
         <object_component_ref idref="oc-219"/>
      </symbol>
      <symbol id="sm-343">
         <name>strlen</name>
         <value>0x52a5</value>
         <object_component_ref idref="oc-211"/>
      </symbol>
      <symbol id="sm-34f">
         <name>_c_int00_noargs</name>
         <value>0x4cb5</value>
         <object_component_ref idref="oc-59"/>
      </symbol>
      <symbol id="sm-350">
         <name>__stack</name>
         <value>0x20207e00</value>
         <object_component_ref idref="oc-1a"/>
      </symbol>
      <symbol id="sm-35c">
         <name>__TI_auto_init_nobinit_nopinit</name>
         <value>0x49a1</value>
         <object_component_ref idref="oc-d4"/>
      </symbol>
      <symbol id="sm-364">
         <name>_system_pre_init</name>
         <value>0x534b</value>
         <object_component_ref idref="oc-8a"/>
      </symbol>
      <symbol id="sm-36f">
         <name>__TI_zero_init_nomemset</name>
         <value>0x517f</value>
         <object_component_ref idref="oc-50"/>
      </symbol>
      <symbol id="sm-378">
         <name>__TI_decompress_none</name>
         <value>0x5255</value>
         <object_component_ref idref="oc-20"/>
      </symbol>
      <symbol id="sm-383">
         <name>__TI_decompress_lzss</name>
         <value>0x3f41</value>
         <object_component_ref idref="oc-1c"/>
      </symbol>
      <symbol id="sm-38c">
         <name>wcslen</name>
         <value>0x5279</value>
         <object_component_ref idref="oc-200"/>
      </symbol>
      <symbol id="sm-38f">
         <name>__aeabi_ctype_table_</name>
         <value>0x5f60</value>
         <object_component_ref idref="oc-244"/>
      </symbol>
      <symbol id="sm-390">
         <name>__aeabi_ctype_table_C</name>
         <value>0x5f60</value>
         <object_component_ref idref="oc-244"/>
      </symbol>
      <symbol id="sm-39a">
         <name>abort</name>
         <value>0x534f</value>
         <object_component_ref idref="oc-cd"/>
      </symbol>
      <symbol id="sm-39b">
         <name>C$$EXIT</name>
         <value>0x534e</value>
         <object_component_ref idref="oc-cd"/>
      </symbol>
      <symbol id="sm-3ac">
         <name>__aeabi_fadd</name>
         <value>0x33d3</value>
         <object_component_ref idref="oc-129"/>
      </symbol>
      <symbol id="sm-3ad">
         <name>__addsf3</name>
         <value>0x33d3</value>
         <object_component_ref idref="oc-129"/>
      </symbol>
      <symbol id="sm-3ae">
         <name>__aeabi_fsub</name>
         <value>0x33c9</value>
         <object_component_ref idref="oc-129"/>
      </symbol>
      <symbol id="sm-3af">
         <name>__subsf3</name>
         <value>0x33c9</value>
         <object_component_ref idref="oc-129"/>
      </symbol>
      <symbol id="sm-3b5">
         <name>__aeabi_dadd</name>
         <value>0x1fdf</value>
         <object_component_ref idref="oc-1c7"/>
      </symbol>
      <symbol id="sm-3b6">
         <name>__adddf3</name>
         <value>0x1fdf</value>
         <object_component_ref idref="oc-1c7"/>
      </symbol>
      <symbol id="sm-3b7">
         <name>__aeabi_dsub</name>
         <value>0x1fd5</value>
         <object_component_ref idref="oc-1c7"/>
      </symbol>
      <symbol id="sm-3b8">
         <name>__subdf3</name>
         <value>0x1fd5</value>
         <object_component_ref idref="oc-1c7"/>
      </symbol>
      <symbol id="sm-3c1">
         <name>__aeabi_dmul</name>
         <value>0x304d</value>
         <object_component_ref idref="oc-137"/>
      </symbol>
      <symbol id="sm-3c2">
         <name>__muldf3</name>
         <value>0x304d</value>
         <object_component_ref idref="oc-137"/>
      </symbol>
      <symbol id="sm-3cb">
         <name>__muldsi3</name>
         <value>0x49dd</value>
         <object_component_ref idref="oc-1bb"/>
      </symbol>
      <symbol id="sm-3d1">
         <name>__aeabi_fmul</name>
         <value>0x3da5</value>
         <object_component_ref idref="oc-125"/>
      </symbol>
      <symbol id="sm-3d2">
         <name>__mulsf3</name>
         <value>0x3da5</value>
         <object_component_ref idref="oc-125"/>
      </symbol>
      <symbol id="sm-3d8">
         <name>__aeabi_fdiv</name>
         <value>0x3ebd</value>
         <object_component_ref idref="oc-121"/>
      </symbol>
      <symbol id="sm-3d9">
         <name>__divsf3</name>
         <value>0x3ebd</value>
         <object_component_ref idref="oc-121"/>
      </symbol>
      <symbol id="sm-3df">
         <name>__aeabi_ddiv</name>
         <value>0x2c65</value>
         <object_component_ref idref="oc-1d5"/>
      </symbol>
      <symbol id="sm-3e0">
         <name>__divdf3</name>
         <value>0x2c65</value>
         <object_component_ref idref="oc-1d5"/>
      </symbol>
      <symbol id="sm-3e6">
         <name>__aeabi_f2d</name>
         <value>0x4869</value>
         <object_component_ref idref="oc-12d"/>
      </symbol>
      <symbol id="sm-3e7">
         <name>__extendsfdf2</name>
         <value>0x4869</value>
         <object_component_ref idref="oc-12d"/>
      </symbol>
      <symbol id="sm-3ed">
         <name>__aeabi_f2iz</name>
         <value>0x4a19</value>
         <object_component_ref idref="oc-c1"/>
      </symbol>
      <symbol id="sm-3ee">
         <name>__fixsfsi</name>
         <value>0x4a19</value>
         <object_component_ref idref="oc-c1"/>
      </symbol>
      <symbol id="sm-3f4">
         <name>__aeabi_i2f</name>
         <value>0x4965</value>
         <object_component_ref idref="oc-11d"/>
      </symbol>
      <symbol id="sm-3f5">
         <name>__floatsisf</name>
         <value>0x4965</value>
         <object_component_ref idref="oc-11d"/>
      </symbol>
      <symbol id="sm-3fb">
         <name>__aeabi_ui2f</name>
         <value>0x4c8d</value>
         <object_component_ref idref="oc-21d"/>
      </symbol>
      <symbol id="sm-3fc">
         <name>__floatunsisf</name>
         <value>0x4c8d</value>
         <object_component_ref idref="oc-21d"/>
      </symbol>
      <symbol id="sm-402">
         <name>__aeabi_lmul</name>
         <value>0x4d29</value>
         <object_component_ref idref="oc-204"/>
      </symbol>
      <symbol id="sm-403">
         <name>__muldi3</name>
         <value>0x4d29</value>
         <object_component_ref idref="oc-204"/>
      </symbol>
      <symbol id="sm-40a">
         <name>__aeabi_d2f</name>
         <value>0x3fc1</value>
         <object_component_ref idref="oc-13b"/>
      </symbol>
      <symbol id="sm-40b">
         <name>__truncdfsf2</name>
         <value>0x3fc1</value>
         <object_component_ref idref="oc-13b"/>
      </symbol>
      <symbol id="sm-411">
         <name>__aeabi_dcmpeq</name>
         <value>0x42c1</value>
         <object_component_ref idref="oc-1cb"/>
      </symbol>
      <symbol id="sm-412">
         <name>__aeabi_dcmplt</name>
         <value>0x42d5</value>
         <object_component_ref idref="oc-1cb"/>
      </symbol>
      <symbol id="sm-413">
         <name>__aeabi_dcmple</name>
         <value>0x42e9</value>
         <object_component_ref idref="oc-1cb"/>
      </symbol>
      <symbol id="sm-414">
         <name>__aeabi_dcmpge</name>
         <value>0x42fd</value>
         <object_component_ref idref="oc-1cb"/>
      </symbol>
      <symbol id="sm-415">
         <name>__aeabi_dcmpgt</name>
         <value>0x4311</value>
         <object_component_ref idref="oc-1cb"/>
      </symbol>
      <symbol id="sm-41b">
         <name>__aeabi_idiv</name>
         <value>0x44f5</value>
         <object_component_ref idref="oc-222"/>
      </symbol>
      <symbol id="sm-41c">
         <name>__aeabi_idivmod</name>
         <value>0x44f5</value>
         <object_component_ref idref="oc-222"/>
      </symbol>
      <symbol id="sm-422">
         <name>__aeabi_memcpy</name>
         <value>0x5301</value>
         <object_component_ref idref="oc-49"/>
      </symbol>
      <symbol id="sm-423">
         <name>__aeabi_memcpy4</name>
         <value>0x5301</value>
         <object_component_ref idref="oc-49"/>
      </symbol>
      <symbol id="sm-424">
         <name>__aeabi_memcpy8</name>
         <value>0x5301</value>
         <object_component_ref idref="oc-49"/>
      </symbol>
      <symbol id="sm-42b">
         <name>__aeabi_memset</name>
         <value>0x5289</value>
         <object_component_ref idref="oc-1f4"/>
      </symbol>
      <symbol id="sm-42c">
         <name>__aeabi_memset4</name>
         <value>0x5289</value>
         <object_component_ref idref="oc-1f4"/>
      </symbol>
      <symbol id="sm-42d">
         <name>__aeabi_memset8</name>
         <value>0x5289</value>
         <object_component_ref idref="oc-1f4"/>
      </symbol>
      <symbol id="sm-433">
         <name>__aeabi_uidiv</name>
         <value>0x4829</value>
         <object_component_ref idref="oc-179"/>
      </symbol>
      <symbol id="sm-434">
         <name>__aeabi_uidivmod</name>
         <value>0x4829</value>
         <object_component_ref idref="oc-179"/>
      </symbol>
      <symbol id="sm-43a">
         <name>__aeabi_uldivmod</name>
         <value>0x51f9</value>
         <object_component_ref idref="oc-209"/>
      </symbol>
      <symbol id="sm-440">
         <name>__udivmoddi4</name>
         <value>0x3aa5</value>
         <object_component_ref idref="oc-24c"/>
      </symbol>
      <symbol id="sm-446">
         <name>__aeabi_llsl</name>
         <value>0x4eb1</value>
         <object_component_ref idref="oc-277"/>
      </symbol>
      <symbol id="sm-447">
         <name>__ashldi3</name>
         <value>0x4eb1</value>
         <object_component_ref idref="oc-277"/>
      </symbol>
      <symbol id="sm-455">
         <name>__ledf2</name>
         <value>0x4189</value>
         <object_component_ref idref="oc-22c"/>
      </symbol>
      <symbol id="sm-456">
         <name>__gedf2</name>
         <value>0x4119</value>
         <object_component_ref idref="oc-232"/>
      </symbol>
      <symbol id="sm-457">
         <name>__cmpdf2</name>
         <value>0x4189</value>
         <object_component_ref idref="oc-22c"/>
      </symbol>
      <symbol id="sm-458">
         <name>__eqdf2</name>
         <value>0x4189</value>
         <object_component_ref idref="oc-22c"/>
      </symbol>
      <symbol id="sm-459">
         <name>__ltdf2</name>
         <value>0x4189</value>
         <object_component_ref idref="oc-22c"/>
      </symbol>
      <symbol id="sm-45a">
         <name>__nedf2</name>
         <value>0x4189</value>
         <object_component_ref idref="oc-22c"/>
      </symbol>
      <symbol id="sm-45b">
         <name>__gtdf2</name>
         <value>0x4119</value>
         <object_component_ref idref="oc-232"/>
      </symbol>
      <symbol id="sm-468">
         <name>__aeabi_idiv0</name>
         <value>0x2167</value>
         <object_component_ref idref="oc-1ed"/>
      </symbol>
      <symbol id="sm-469">
         <name>__aeabi_ldiv0</name>
         <value>0x3713</value>
         <object_component_ref idref="oc-276"/>
      </symbol>
      <symbol id="sm-472">
         <name>TI_memcpy_small</name>
         <value>0x5243</value>
         <object_component_ref idref="oc-9d"/>
      </symbol>
      <symbol id="sm-47b">
         <name>TI_memset_small</name>
         <value>0x52b3</value>
         <object_component_ref idref="oc-e7"/>
      </symbol>
      <symbol id="sm-47c">
         <name>__TI_static_base__</name>
         <value>0x0</value>
      </symbol>
      <symbol id="sm-480">
         <name>__mpu_init</name>
         <value>0x0</value>
      </symbol>
      <symbol id="sm-481">
         <name>_system_post_cinit</name>
         <value>0x0</value>
      </symbol>
   </symbol_table>
   <title>Link successful</title>
</link_info>
