Archive member included to satisfy reference by file (symbol)

D:/Embedded/STM32CubeCLT/STM32CubeCLT_1.19.0/GNU-tools-for-STM32/bin/../lib/gcc/arm-none-eabi/13.3.1/../../../../arm-none-eabi/lib/thumb/v7-m/nofp\libg.a(libc_a-exit.o)
                              D:/Embedded/STM32CubeCLT/STM32CubeCLT_1.19.0/GNU-tools-for-STM32/bin/../lib/gcc/arm-none-eabi/13.3.1/../../../../arm-none-eabi/lib/thumb/v7-m/nofp/crt0.o (exit)
D:/Embedded/STM32CubeCLT/STM32CubeCLT_1.19.0/GNU-tools-for-STM32/bin/../lib/gcc/arm-none-eabi/13.3.1/../../../../arm-none-eabi/lib/thumb/v7-m/nofp\libg.a(libc_a-findfp.o)
                              D:/Embedded/STM32CubeCLT/STM32CubeCLT_1.19.0/GNU-tools-for-STM32/bin/../lib/gcc/arm-none-eabi/13.3.1/../../../../arm-none-eabi/lib/thumb/v7-m/nofp\libg.a(libc_a-exit.o) (__stdio_exit_handler)
D:/Embedded/STM32CubeCLT/STM32CubeCLT_1.19.0/GNU-tools-for-STM32/bin/../lib/gcc/arm-none-eabi/13.3.1/../../../../arm-none-eabi/lib/thumb/v7-m/nofp\libg.a(libc_a-fwalk.o)
                              D:/Embedded/STM32CubeCLT/STM32CubeCLT_1.19.0/GNU-tools-for-STM32/bin/../lib/gcc/arm-none-eabi/13.3.1/../../../../arm-none-eabi/lib/thumb/v7-m/nofp\libg.a(libc_a-findfp.o) (_fwalk_sglue)
D:/Embedded/STM32CubeCLT/STM32CubeCLT_1.19.0/GNU-tools-for-STM32/bin/../lib/gcc/arm-none-eabi/13.3.1/../../../../arm-none-eabi/lib/thumb/v7-m/nofp\libg.a(libc_a-printf.o)
                              CMakeFiles/FPV_ctrl_demo.elf.dir/Core/Src/main.c.obj (printf)
D:/Embedded/STM32CubeCLT/STM32CubeCLT_1.19.0/GNU-tools-for-STM32/bin/../lib/gcc/arm-none-eabi/13.3.1/../../../../arm-none-eabi/lib/thumb/v7-m/nofp\libg.a(libc_a-puts.o)
                              CMakeFiles/FPV_ctrl_demo.elf.dir/Core/Src/main.c.obj (puts)
D:/Embedded/STM32CubeCLT/STM32CubeCLT_1.19.0/GNU-tools-for-STM32/bin/../lib/gcc/arm-none-eabi/13.3.1/../../../../arm-none-eabi/lib/thumb/v7-m/nofp\libg.a(libc_a-setvbuf.o)
                              CMakeFiles/FPV_ctrl_demo.elf.dir/UserApp/Src/retarget.c.obj (setvbuf)
D:/Embedded/STM32CubeCLT/STM32CubeCLT_1.19.0/GNU-tools-for-STM32/bin/../lib/gcc/arm-none-eabi/13.3.1/../../../../arm-none-eabi/lib/thumb/v7-m/nofp\libg.a(libc_a-stdio.o)
                              D:/Embedded/STM32CubeCLT/STM32CubeCLT_1.19.0/GNU-tools-for-STM32/bin/../lib/gcc/arm-none-eabi/13.3.1/../../../../arm-none-eabi/lib/thumb/v7-m/nofp\libg.a(libc_a-findfp.o) (__sread)
D:/Embedded/STM32CubeCLT/STM32CubeCLT_1.19.0/GNU-tools-for-STM32/bin/../lib/gcc/arm-none-eabi/13.3.1/../../../../arm-none-eabi/lib/thumb/v7-m/nofp\libg.a(libc_a-memset.o)
                              D:/Embedded/STM32CubeCLT/STM32CubeCLT_1.19.0/GNU-tools-for-STM32/bin/../lib/gcc/arm-none-eabi/13.3.1/../../../../arm-none-eabi/lib/thumb/v7-m/nofp/crt0.o (memset)
D:/Embedded/STM32CubeCLT/STM32CubeCLT_1.19.0/GNU-tools-for-STM32/bin/../lib/gcc/arm-none-eabi/13.3.1/../../../../arm-none-eabi/lib/thumb/v7-m/nofp\libg.a(libc_a-closer.o)
                              D:/Embedded/STM32CubeCLT/STM32CubeCLT_1.19.0/GNU-tools-for-STM32/bin/../lib/gcc/arm-none-eabi/13.3.1/../../../../arm-none-eabi/lib/thumb/v7-m/nofp\libg.a(libc_a-stdio.o) (_close_r)
D:/Embedded/STM32CubeCLT/STM32CubeCLT_1.19.0/GNU-tools-for-STM32/bin/../lib/gcc/arm-none-eabi/13.3.1/../../../../arm-none-eabi/lib/thumb/v7-m/nofp\libg.a(libc_a-reent.o)
                              D:/Embedded/STM32CubeCLT/STM32CubeCLT_1.19.0/GNU-tools-for-STM32/bin/../lib/gcc/arm-none-eabi/13.3.1/../../../../arm-none-eabi/lib/thumb/v7-m/nofp\libg.a(libc_a-closer.o) (errno)
D:/Embedded/STM32CubeCLT/STM32CubeCLT_1.19.0/GNU-tools-for-STM32/bin/../lib/gcc/arm-none-eabi/13.3.1/../../../../arm-none-eabi/lib/thumb/v7-m/nofp\libg.a(libc_a-impure.o)
                              CMakeFiles/FPV_ctrl_demo.elf.dir/UserApp/Src/retarget.c.obj (_impure_ptr)
D:/Embedded/STM32CubeCLT/STM32CubeCLT_1.19.0/GNU-tools-for-STM32/bin/../lib/gcc/arm-none-eabi/13.3.1/../../../../arm-none-eabi/lib/thumb/v7-m/nofp\libg.a(libc_a-lseekr.o)
                              D:/Embedded/STM32CubeCLT/STM32CubeCLT_1.19.0/GNU-tools-for-STM32/bin/../lib/gcc/arm-none-eabi/13.3.1/../../../../arm-none-eabi/lib/thumb/v7-m/nofp\libg.a(libc_a-stdio.o) (_lseek_r)
D:/Embedded/STM32CubeCLT/STM32CubeCLT_1.19.0/GNU-tools-for-STM32/bin/../lib/gcc/arm-none-eabi/13.3.1/../../../../arm-none-eabi/lib/thumb/v7-m/nofp\libg.a(libc_a-readr.o)
                              D:/Embedded/STM32CubeCLT/STM32CubeCLT_1.19.0/GNU-tools-for-STM32/bin/../lib/gcc/arm-none-eabi/13.3.1/../../../../arm-none-eabi/lib/thumb/v7-m/nofp\libg.a(libc_a-stdio.o) (_read_r)
D:/Embedded/STM32CubeCLT/STM32CubeCLT_1.19.0/GNU-tools-for-STM32/bin/../lib/gcc/arm-none-eabi/13.3.1/../../../../arm-none-eabi/lib/thumb/v7-m/nofp\libg.a(libc_a-writer.o)
                              D:/Embedded/STM32CubeCLT/STM32CubeCLT_1.19.0/GNU-tools-for-STM32/bin/../lib/gcc/arm-none-eabi/13.3.1/../../../../arm-none-eabi/lib/thumb/v7-m/nofp\libg.a(libc_a-stdio.o) (_write_r)
[...]
Memory Configuration

Name             Origin             Length             Attributes
RAM              0x20000000         0x00005000         xrw
FLASH            0x08000000         0x00010000         xr
*default*        0x00000000         0xffffffff

Linker script and memory map

LOAD D:/Embedded/STM32CubeCLT/STM32CubeCLT_1.19.0/GNU-tools-for-STM32/bin/../lib/gcc/arm-none-eabi/13.3.1/thumb/v7-m/nofp/crti.o
LOAD D:/Embedded/STM32CubeCLT/STM32CubeCLT_1.19.0/GNU-tools-for-STM32/bin/../lib/gcc/arm-none-eabi/13.3.1/thumb/v7-m/nofp/crtbegin.o
LOAD D:/Embedded/STM32CubeCLT/STM32CubeCLT_1.19.0/GNU-tools-for-STM32/bin/../lib/gcc/arm-none-eabi/13.3.1/../../../../arm-none-eabi/lib/thumb/v7-m/nofp/crt0.o
LOAD CMakeFiles/FPV_ctrl_demo.elf.dir/Core/Src/gpio.c.obj
LOAD CMakeFiles/FPV_ctrl_demo.elf.dir/Core/Src/main.c.obj
LOAD CMakeFiles/FPV_ctrl_demo.elf.dir/Core/Src/stm32f1xx_hal_msp.c.obj
LOAD CMakeFiles/FPV_ctrl_demo.elf.dir/Core/Src/stm32f1xx_it.c.obj
LOAD CMakeFiles/FPV_ctrl_demo.elf.dir/Core/Src/syscalls.c.obj
LOAD CMakeFiles/FPV_ctrl_demo.elf.dir/Core/Src/sysmem.c.obj
LOAD CMakeFiles/FPV_ctrl_demo.elf.dir/Core/Src/system_stm32f1xx.c.obj
LOAD CMakeFiles/FPV_ctrl_demo.elf.dir/Core/Src/tim.c.obj
LOAD CMakeFiles/FPV_ctrl_demo.elf.dir/Core/Src/usart.c.obj
LOAD CMakeFiles/FPV_ctrl_demo.elf.dir/Core/Startup/startup_stm32f103c8tx.s.obj
LOAD CMakeFiles/FPV_ctrl_demo.elf.dir/Drivers/STM32F1xx_HAL_Driver/Src/stm32f1xx_hal.c.obj
LOAD CMakeFiles/FPV_ctrl_demo.elf.dir/Drivers/STM32F1xx_HAL_Driver/Src/stm32f1xx_hal_cortex.c.obj
LOAD CMakeFiles/FPV_ctrl_demo.elf.dir/Drivers/STM32F1xx_HAL_Driver/Src/stm32f1xx_hal_dma.c.obj
LOAD CMakeFiles/FPV_ctrl_demo.elf.dir/Drivers/STM32F1xx_HAL_Driver/Src/stm32f1xx_hal_exti.c.obj
LOAD CMakeFiles/FPV_ctrl_demo.elf.dir/Drivers/STM32F1xx_HAL_Driver/Src/stm32f1xx_hal_flash.c.obj
LOAD CMakeFiles/FPV_ctrl_demo.elf.dir/Drivers/STM32F1xx_HAL_Driver/Src/stm32f1xx_hal_flash_ex.c.obj
LOAD CMakeFiles/FPV_ctrl_demo.elf.dir/Drivers/STM32F1xx_HAL_Driver/Src/stm32f1xx_hal_gpio.c.obj
LOAD CMakeFiles/FPV_ctrl_demo.elf.dir/Drivers/STM32F1xx_HAL_Driver/Src/stm32f1xx_hal_gpio_ex.c.obj
LOAD CMakeFiles/FPV_ctrl_demo.elf.dir/Drivers/STM32F1xx_HAL_Driver/Src/stm32f1xx_hal_i2c.c.obj
LOAD CMakeFiles/FPV_ctrl_demo.elf.dir/Drivers/STM32F1xx_HAL_Driver/Src/stm32f1xx_hal_pwr.c.obj
LOAD CMakeFiles/FPV_ctrl_demo.elf.dir/Drivers/STM32F1xx_HAL_Driver/Src/stm32f1xx_hal_rcc.c.obj
LOAD CMakeFiles/FPV_ctrl_demo.elf.dir/Drivers/STM32F1xx_HAL_Driver/Src/stm32f1xx_hal_rcc_ex.c.obj
LOAD CMakeFiles/FPV_ctrl_demo.elf.dir/Drivers/STM32F1xx_HAL_Driver/Src/stm32f1xx_hal_tim.c.obj
LOAD CMakeFiles/FPV_ctrl_demo.elf.dir/Drivers/STM32F1xx_HAL_Driver/Src/stm32f1xx_hal_tim_ex.c.obj
LOAD CMakeFiles/FPV_ctrl_demo.elf.dir/Drivers/STM32F1xx_HAL_Driver/Src/stm32f1xx_hal_uart.c.obj
LOAD CMakeFiles/FPV_ctrl_demo.elf.dir/UserApp/Src/Encoder.c.obj
LOAD CMakeFiles/FPV_ctrl_demo.elf.dir/UserApp/Src/Motor.c.obj
LOAD CMakeFiles/FPV_ctrl_demo.elf.dir/UserApp/Src/retarget.c.obj
START GROUP
LOAD D:/Embedded/STM32CubeCLT/STM32CubeCLT_1.19.0/GNU-tools-for-STM32/bin/../lib/gcc/arm-none-eabi/13.3.1/thumb/v7-m/nofp\libgcc.a
LOAD D:/Embedded/STM32CubeCLT/STM32CubeCLT_1.19.0/GNU-tools-for-STM32/bin/../lib/gcc/arm-none-eabi/13.3.1/../../../../arm-none-eabi/lib/thumb/v7-m/nofp\libg.a
LOAD D:/Embedded/STM32CubeCLT/STM32CubeCLT_1.19.0/GNU-tools-for-STM32/bin/../lib/gcc/arm-none-eabi/13.3.1/../../../../arm-none-eabi/lib/thumb/v7-m/nofp\libc.a
END GROUP
LOAD D:/Embedded/STM32CubeCLT/STM32CubeCLT_1.19.0/GNU-tools-for-STM32/bin/../lib/gcc/arm-none-eabi/13.3.1/thumb/v7-m/nofp/crtend.o
LOAD D:/Embedded/STM32CubeCLT/STM32CubeCLT_1.19.0/GNU-tools-for-STM32/bin/../lib/gcc/arm-none-eabi/13.3.1/thumb/v7-m/nofp/crtn.o
                0x20005000                        _estack = (ORIGIN (RAM) + LENGTH (RAM))
                0x00000200                        _Min_Heap_Size = 0x200
                0x00000400                        _Min_Stack_Size = 0x400

.isr_vector     0x08000000      0x10c
                0x08000000                        . = ALIGN (0x4)
 *(.isr_vector)
 .isr_vector    0x08000000      0x10c CMakeFiles/FPV_ctrl_demo.elf.dir/Core/Startup/startup_stm32f103c8tx.s.obj
                0x08000000                g_pfnVectors
                0x0800010c                        . = ALIGN (0x4)

.text           0x08000110     0x7904
                0x08000110                        . = ALIGN (0x4)
 *(.text)
 .text          0x08000110       0x40 D:/Embedded/STM32CubeCLT/STM32CubeCLT_1.19.0/GNU-tools-for-STM32/bin/../lib/gcc/arm-none-eabi/13.3.1/thumb/v7-m/nofp/crtbegin.o
 .text          0x08000150       0x10 D:/Embedded/STM32CubeCLT/STM32CubeCLT_1.19.0/GNU-tools-for-STM32/bin/../lib/gcc/arm-none-eabi/13.3.1/../../../../arm-none-eabi/lib/thumb/v7-m/nofp\libg.a(libc_a-strlen.o)
                0x08000150                strlen
 .text          0x08000160      0x378 D:/Embedded/STM32CubeCLT/STM32CubeCLT_1.19.0/GNU-tools-for-STM32/bin/../lib/gcc/arm-none-eabi/13.3.1/thumb/v7-m/nofp\libgcc.a(_arm_addsubdf3.o)
                0x08000160                __aeabi_drsub
                0x08000168                __aeabi_dsub
                0x08000168                __subdf3
                0x0800016c                __aeabi_dadd
                0x0800016c                __adddf3
                0x080003e4                __floatunsidf
                0x080003e4                __aeabi_ui2d
                0x08000404                __floatsidf
                0x08000404                __aeabi_i2d
                0x08000428                __aeabi_f2d
                0x08000428                __extendsfdf2
                0x0800046c                __floatundidf
                0x0800046c                __aeabi_ul2d
                0x0800047c                __floatdidf
                0x0800047c                __aeabi_l2d
 .text          0x080004d8      0x424 D:/Embedded/STM32CubeCLT/STM32CubeCLT_1.19.0/GNU-tools-for-STM32/bin/../lib/gcc/arm-none-eabi/13.3.1/thumb/v7-m/nofp\libgcc.a(_arm_muldivdf3.o)
                0x080004d8                __aeabi_dmul
                0x080004d8                __muldf3
                0x0800072c                __divdf3
                0x0800072c                __aeabi_ddiv
 .text          0x080008fc      0x110 D:/Embedded/STM32CubeCLT/STM32CubeCLT_1.19.0/GNU-tools-for-STM32/bin/../lib/gcc/arm-none-eabi/13.3.1/thumb/v7-m/nofp\libgcc.a(_arm_cmpdf2.o)
                0x080008fc                __gtdf2
                0x080008fc                __gedf2
                0x08000904                __ltdf2
                0x08000904                __ledf2
                0x0800090c                __nedf2
                0x0800090c                __eqdf2
                0x0800090c                __cmpdf2
                0x08000988                __aeabi_cdrcmple
                0x08000998                __aeabi_cdcmpeq
                0x08000998                __aeabi_cdcmple
                0x080009a8                __aeabi_dcmpeq
                0x080009bc                __aeabi_dcmplt
                0x080009d0                __aeabi_dcmple
                0x080009e4                __aeabi_dcmpge
                0x080009f8                __aeabi_dcmpgt
 .text          0x08000a0c       0x2c D:/Embedded/STM32CubeCLT/STM32CubeCLT_1.19.0/GNU-tools-for-STM32/bin/../lib/gcc/arm-none-eabi/13.3.1/thumb/v7-m/nofp\libgcc.a(_arm_unorddf2.o)
                0x08000a0c                __unorddf2
                0x08000a0c                __aeabi_dcmpun
 .text          0x08000a38       0x50 D:/Embedded/STM32CubeCLT/STM32CubeCLT_1.19.0/GNU-tools-for-STM32/bin/../lib/gcc/arm-none-eabi/13.3.1/thumb/v7-m/nofp\libgcc.a(_arm_fixdfsi.o)
                0x08000a38                __aeabi_d2iz
                0x08000a38                __fixdfsi
 .text          0x08000a88       0x30 D:/Embedded/STM32CubeCLT/STM32CubeCLT_1.19.0/GNU-tools-for-STM32/bin/../lib/gcc/arm-none-eabi/13.3.1/thumb/v7-m/nofp\libgcc.a(_aeabi_uldivmod.o)
                0x08000a88                __aeabi_uldivmod
 .text          0x08000ab8      0x300 D:/Embedded/STM32CubeCLT/STM32CubeCLT_1.19.0/GNU-tools-for-STM32/bin/../lib/gcc/arm-none-eabi/13.3.1/thumb/v7-m/nofp\libgcc.a(_udivmoddi4.o)
                0x08000ab8                __udivmoddi4
 .text          0x08000db8        0x4 D:/Embedded/STM32CubeCLT/STM32CubeCLT_1.19.0/GNU-tools-for-STM32/bin/../lib/gcc/arm-none-eabi/13.3.1/thumb/v7-m/nofp\libgcc.a(_dvmd_tls.o)
                0x08000db8                __aeabi_idiv0
                0x08000db8                __aeabi_ldiv0
 *(.text*)
 .text.MX_GPIO_Init
                0x08000dbc       0x78 CMakeFiles/FPV_ctrl_demo.elf.dir/Core/Src/gpio.c.obj
                0x08000dbc                MX_GPIO_Init
 .text.Error_Handler
                0x08000e34        0x4 CMakeFiles/FPV_ctrl_demo.elf.dir/Core/Src/main.c.obj
                0x08000e34                Error_Handler
 .text.SystemClock_Config
                0x08000e38       0x64 CMakeFiles/FPV_ctrl_demo.elf.dir/Core/Src/main.c.obj
                0x08000e38                SystemClock_Config
 .text.main     0x08000e9c       0x90 CMakeFiles/FPV_ctrl_demo.elf.dir/Core/Src/main.c.obj
                0x08000e9c                main
 .text.HAL_MspInit
                0x08000f2c       0x44 CMakeFiles/FPV_ctrl_demo.elf.dir/Core/Src/stm32f1xx_hal_msp.c.obj
                0x08000f2c                HAL_MspInit
 .text.NMI_Handler
                0x08000f70        0x2 CMakeFiles/FPV_ctrl_demo.elf.dir/Core/Src/stm32f1xx_it.c.obj
                0x08000f70                NMI_Handler
 .text.HardFault_Handler
                0x08000f72        0x2 CMakeFiles/FPV_ctrl_demo.elf.dir/Core/Src/stm32f1xx_it.c.obj
                0x08000f72                HardFault_Handler
 .text.MemManage_Handler
                0x08000f74        0x2 CMakeFiles/FPV_ctrl_demo.elf.dir/Core/Src/stm32f1xx_it.c.obj
                0x08000f74                MemManage_Handler
 .text.BusFault_Handler
                0x08000f76        0x2 CMakeFiles/FPV_ctrl_demo.elf.dir/Core/Src/stm32f1xx_it.c.obj
                0x08000f76                BusFault_Handler
 .text.UsageFault_Handler
                0x08000f78        0x2 CMakeFiles/FPV_ctrl_demo.elf.dir/Core/Src/stm32f1xx_it.c.obj
                0x08000f78                UsageFault_Handler
 .text.SVC_Handler
                0x08000f7a        0x2 CMakeFiles/FPV_ctrl_demo.elf.dir/Core/Src/stm32f1xx_it.c.obj
                0x08000f7a                SVC_Handler
 .text.DebugMon_Handler
                0x08000f7c        0x2 CMakeFiles/FPV_ctrl_demo.elf.dir/Core/Src/stm32f1xx_it.c.obj
                0x08000f7c                DebugMon_Handler
 .text.PendSV_Handler
                0x08000f7e        0x2 CMakeFiles/FPV_ctrl_demo.elf.dir/Core/Src/stm32f1xx_it.c.obj
                0x08000f7e                PendSV_Handler
 .text.SysTick_Handler
                0x08000f80        0x8 CMakeFiles/FPV_ctrl_demo.elf.dir/Core/Src/stm32f1xx_it.c.obj
                0x08000f80                SysTick_Handler
 .text.TIM2_IRQHandler
                0x08000f88       0x10 CMakeFiles/FPV_ctrl_demo.elf.dir/Core/Src/stm32f1xx_it.c.obj
                0x08000f88                TIM2_IRQHandler
 .text._getpid  0x08000f98        0x4 CMakeFiles/FPV_ctrl_demo.elf.dir/Core/Src/syscalls.c.obj
                0x08000f98                _getpid
 .text._kill    0x08000f9c       0x10 CMakeFiles/FPV_ctrl_demo.elf.dir/Core/Src/syscalls.c.obj
                0x08000f9c                _kill
 .text._exit    0x08000fac        0xc CMakeFiles/FPV_ctrl_demo.elf.dir/Core/Src/syscalls.c.obj
                0x08000fac                _exit
 .text._sbrk    0x08000fb8       0x48 CMakeFiles/FPV_ctrl_demo.elf.dir/Core/Src/sysmem.c.obj
                0x08000fb8                _sbrk
 .text.SystemInit
                0x08001000        0x2 CMakeFiles/FPV_ctrl_demo.elf.dir/Core/Src/system_stm32f1xx.c.obj
                0x08001000                SystemInit
 *fill*         0x08001002        0x2 
 .text.MX_TIM2_Init
                0x08001004       0x78 CMakeFiles/FPV_ctrl_demo.elf.dir/Core/Src/tim.c.obj
                0x08001004                MX_TIM2_Init
 .text.MX_TIM4_Init
                0x0800107c       0x68 CMakeFiles/FPV_ctrl_demo.elf.dir/Core/Src/tim.c.obj
                0x0800107c                MX_TIM4_Init
 .text.HAL_TIM_Base_MspInit
                0x080010e4       0x2c CMakeFiles/FPV_ctrl_demo.elf.dir/Core/Src/tim.c.obj
                0x080010e4                HAL_TIM_Base_MspInit
 .text.HAL_TIM_IC_MspInit
                0x08001110       0x68 CMakeFiles/FPV_ctrl_demo.elf.dir/Core/Src/tim.c.obj
                0x08001110                HAL_TIM_IC_MspInit
 .text.HAL_TIM_Encoder_MspInit
                0x08001178       0x5c CMakeFiles/FPV_ctrl_demo.elf.dir/Core/Src/tim.c.obj
                0x08001178                HAL_TIM_Encoder_MspInit
 .text.HAL_TIM_MspPostInit
                0x080011d4       0x54 CMakeFiles/FPV_ctrl_demo.elf.dir/Core/Src/tim.c.obj
                0x080011d4                HAL_TIM_MspPostInit
 .text.MX_TIM1_Init
                0x08001228       0xec CMakeFiles/FPV_ctrl_demo.elf.dir/Core/Src/tim.c.obj
                0x08001228                MX_TIM1_Init
 .text.MX_USART2_UART_Init
                0x08001314       0x34 CMakeFiles/FPV_ctrl_demo.elf.dir/Core/Src/usart.c.obj
                0x08001314                MX_USART2_UART_Init
 .text.HAL_UART_MspInit
                0x08001348       0x74 CMakeFiles/FPV_ctrl_demo.elf.dir/Core/Src/usart.c.obj
                0x08001348                HAL_UART_MspInit
 .text.Reset_Handler
                0x080013bc       0x48 CMakeFiles/FPV_ctrl_demo.elf.dir/Core/Startup/startup_stm32f103c8tx.s.obj
                0x080013bc                Reset_Handler
 .text.Default_Handler
                0x08001404        0x2 CMakeFiles/FPV_ctrl_demo.elf.dir/Core/Startup/startup_stm32f103c8tx.s.obj
                0x08001404                RTC_Alarm_IRQHandler
                0x08001404                EXTI2_IRQHandler
                0x08001404                TIM1_CC_IRQHandler
                0x08001404                PVD_IRQHandler
                0x08001404                EXTI3_IRQHandler
                0x08001404                EXTI0_IRQHandler
                0x08001404                I2C2_EV_IRQHandler
                0x08001404                ADC1_2_IRQHandler
                0x08001404                SPI1_IRQHandler
                0x08001404                TAMPER_IRQHandler
                0x08001404                DMA1_Channel4_IRQHandler
                0x08001404                USART3_IRQHandler
                0x08001404                RTC_IRQHandler
                0x08001404                DMA1_Channel7_IRQHandler
                0x08001404                CAN1_RX1_IRQHandler
                0x08001404                TIM4_IRQHandler
                0x08001404                I2C1_EV_IRQHandler
                0x08001404                DMA1_Channel6_IRQHandler
                0x08001404                TIM3_IRQHandler
                0x08001404                RCC_IRQHandler
                0x08001404                TIM1_TRG_COM_IRQHandler
                0x08001404                DMA1_Channel1_IRQHandler
                0x08001404                Default_Handler
                0x08001404                EXTI15_10_IRQHandler
                0x08001404                EXTI9_5_IRQHandler
                0x08001404                SPI2_IRQHandler
                0x08001404                DMA1_Channel5_IRQHandler
                0x08001404                EXTI4_IRQHandler
                0x08001404                USB_LP_CAN1_RX0_IRQHandler
                0x08001404                USB_HP_CAN1_TX_IRQHandler
                0x08001404                DMA1_Channel3_IRQHandler
                0x08001404                TIM1_UP_IRQHandler
                0x08001404                WWDG_IRQHandler
                0x08001404                TIM1_BRK_IRQHandler
                0x08001404                EXTI1_IRQHandler
                0x08001404                USART2_IRQHandler
                0x08001404                I2C2_ER_IRQHandler
                0x08001404                DMA1_Channel2_IRQHandler
                0x08001404                CAN1_SCE_IRQHandler
                0x08001404                FLASH_IRQHandler
                0x08001404                USART1_IRQHandler
                0x08001404                I2C1_ER_IRQHandler
                0x08001404                USBWakeUp_IRQHandler
 *fill*         0x08001406        0x2 
 .text.HAL_InitTick
                0x08001408       0x4c CMakeFiles/FPV_ctrl_demo.elf.dir/Drivers/STM32F1xx_HAL_Driver/Src/stm32f1xx_hal.c.obj
                0x08001408                HAL_InitTick
 .text.HAL_Init
                0x08001454       0x24 CMakeFiles/FPV_ctrl_demo.elf.dir/Drivers/STM32F1xx_HAL_Driver/Src/stm32f1xx_hal.c.obj
                0x08001454                HAL_Init
 .text.HAL_IncTick
                0x08001478       0x18 CMakeFiles/FPV_ctrl_demo.elf.dir/Drivers/STM32F1xx_HAL_Driver/Src/stm32f1xx_hal.c.obj
                0x08001478                HAL_IncTick
 .text.HAL_GetTick
                0x08001490        0xc CMakeFiles/FPV_ctrl_demo.elf.dir/Drivers/STM32F1xx_HAL_Driver/Src/stm32f1xx_hal.c.obj
                0x08001490                HAL_GetTick
 .text.HAL_Delay
                0x0800149c       0x28 CMakeFiles/FPV_ctrl_demo.elf.dir/Drivers/STM32F1xx_HAL_Driver/Src/stm32f1xx_hal.c.obj
                0x0800149c                HAL_Delay
 .text.__NVIC_SetPriority
                0x080014c4       0x28 CMakeFiles/FPV_ctrl_demo.elf.dir/Drivers/STM32F1xx_HAL_Driver/Src/stm32f1xx_hal_cortex.c.obj
 .text.NVIC_EncodePriority
                0x080014ec       0x3e CMakeFiles/FPV_ctrl_demo.elf.dir/Drivers/STM32F1xx_HAL_Driver/Src/stm32f1xx_hal_cortex.c.obj
 *fill*         0x0800152a        0x2 
 .text.HAL_NVIC_SetPriorityGrouping
                0x0800152c       0x24 CMakeFiles/FPV_ctrl_demo.elf.dir/Drivers/STM32F1xx_HAL_Driver/Src/stm32f1xx_hal_cortex.c.obj
                0x0800152c                HAL_NVIC_SetPriorityGrouping
 .text.HAL_NVIC_SetPriority
                0x08001550       0x20 CMakeFiles/FPV_ctrl_demo.elf.dir/Drivers/STM32F1xx_HAL_Driver/Src/stm32f1xx_hal_cortex.c.obj
                0x08001550                HAL_NVIC_SetPriority
 .text.HAL_NVIC_EnableIRQ
                0x08001570       0x1c CMakeFiles/FPV_ctrl_demo.elf.dir/Drivers/STM32F1xx_HAL_Driver/Src/stm32f1xx_hal_cortex.c.obj
                0x08001570                HAL_NVIC_EnableIRQ
 .text.HAL_SYSTICK_Config
                0x0800158c       0x28 CMakeFiles/FPV_ctrl_demo.elf.dir/Drivers/STM32F1xx_HAL_Driver/Src/stm32f1xx_hal_cortex.c.obj
                0x0800158c                HAL_SYSTICK_Config
 .text.HAL_GPIO_Init
                0x080015b4      0x21c CMakeFiles/FPV_ctrl_demo.elf.dir/Drivers/STM32F1xx_HAL_Driver/Src/stm32f1xx_hal_gpio.c.obj
                0x080015b4                HAL_GPIO_Init
 .text.HAL_GPIO_WritePin
                0x080017d0        0xc CMakeFiles/FPV_ctrl_demo.elf.dir/Drivers/STM32F1xx_HAL_Driver/Src/stm32f1xx_hal_gpio.c.obj
                0x080017d0                HAL_GPIO_WritePin
 .text.RCC_Delay
                0x080017dc       0x2c CMakeFiles/FPV_ctrl_demo.elf.dir/Drivers/STM32F1xx_HAL_Driver/Src/stm32f1xx_hal_rcc.c.obj
 .text.HAL_RCC_OscConfig
                0x08001808      0x410 CMakeFiles/FPV_ctrl_demo.elf.dir/Drivers/STM32F1xx_HAL_Driver/Src/stm32f1xx_hal_rcc.c.obj
                0x08001808                HAL_RCC_OscConfig
 .text.HAL_RCC_GetSysClockFreq
                0x08001c18       0x54 CMakeFiles/FPV_ctrl_demo.elf.dir/Drivers/STM32F1xx_HAL_Driver/Src/stm32f1xx_hal_rcc.c.obj
                0x08001c18                HAL_RCC_GetSysClockFreq
 .text.HAL_RCC_ClockConfig
                0x08001c6c      0x16c CMakeFiles/FPV_ctrl_demo.elf.dir/Drivers/STM32F1xx_HAL_Driver/Src/stm32f1xx_hal_rcc.c.obj
                0x08001c6c                HAL_RCC_ClockConfig
 .text.HAL_RCC_GetHCLKFreq
                0x08001dd8        0xc CMakeFiles/FPV_ctrl_demo.elf.dir/Drivers/STM32F1xx_HAL_Driver/Src/stm32f1xx_hal_rcc.c.obj
                0x08001dd8                HAL_RCC_GetHCLKFreq
 .text.HAL_RCC_GetPCLK1Freq
                0x08001de4       0x20 CMakeFiles/FPV_ctrl_demo.elf.dir/Drivers/STM32F1xx_HAL_Driver/Src/stm32f1xx_hal_rcc.c.obj
                0x08001de4                HAL_RCC_GetPCLK1Freq
 .text.HAL_RCC_GetPCLK2Freq
                0x08001e04       0x20 CMakeFiles/FPV_ctrl_demo.elf.dir/Drivers/STM32F1xx_HAL_Driver/Src/stm32f1xx_hal_rcc.c.obj
                0x08001e04                HAL_RCC_GetPCLK2Freq
 .text.TIM_OC1_SetConfig
                0x08001e24       0x54 CMakeFiles/FPV_ctrl_demo.elf.dir/Drivers/STM32F1xx_HAL_Driver/Src/stm32f1xx_hal_tim.c.obj
 .text.TIM_OC3_SetConfig
                0x08001e78       0x5c CMakeFiles/FPV_ctrl_demo.elf.dir/Drivers/STM32F1xx_HAL_Driver/Src/stm32f1xx_hal_tim.c.obj
 .text.TIM_OC4_SetConfig
                0x08001ed4       0x48 CMakeFiles/FPV_ctrl_demo.elf.dir/Drivers/STM32F1xx_HAL_Driver/Src/stm32f1xx_hal_tim.c.obj
 .text.TIM_TI1_ConfigInputStage
                0x08001f1c       0x24 CMakeFiles/FPV_ctrl_demo.elf.dir/Drivers/STM32F1xx_HAL_Driver/Src/stm32f1xx_hal_tim.c.obj
 .text.TIM_TI2_SetConfig
                0x08001f40       0x36 CMakeFiles/FPV_ctrl_demo.elf.dir/Drivers/STM32F1xx_HAL_Driver/Src/stm32f1xx_hal_tim.c.obj
 .text.TIM_TI2_ConfigInputStage
                0x08001f76       0x26 CMakeFiles/FPV_ctrl_demo.elf.dir/Drivers/STM32F1xx_HAL_Driver/Src/stm32f1xx_hal_tim.c.obj
 .text.TIM_TI3_SetConfig
                0x08001f9c       0x36 CMakeFiles/FPV_ctrl_demo.elf.dir/Drivers/STM32F1xx_HAL_Driver/Src/stm32f1xx_hal_tim.c.obj
 .text.TIM_TI4_SetConfig
                0x08001fd2       0x36 CMakeFiles/FPV_ctrl_demo.elf.dir/Drivers/STM32F1xx_HAL_Driver/Src/stm32f1xx_hal_tim.c.obj
 .text.TIM_ITRx_SetConfig
                0x08002008       0x10 CMakeFiles/FPV_ctrl_demo.elf.dir/Drivers/STM32F1xx_HAL_Driver/Src/stm32f1xx_hal_tim.c.obj
 .text.HAL_TIM_PWM_MspInit
                0x08002018        0x2 CMakeFiles/FPV_ctrl_demo.elf.dir/Drivers/STM32F1xx_HAL_Driver/Src/stm32f1xx_hal_tim.c.obj
                0x08002018                HAL_TIM_PWM_MspInit
 .text.HAL_TIM_PeriodElapsedCallback
                0x0800201a        0x2 CMakeFiles/FPV_ctrl_demo.elf.dir/Drivers/STM32F1xx_HAL_Driver/Src/stm32f1xx_hal_tim.c.obj
                0x0800201a                HAL_TIM_PeriodElapsedCallback
 .text.HAL_TIM_OC_DelayElapsedCallback
                0x0800201c        0x2 CMakeFiles/FPV_ctrl_demo.elf.dir/Drivers/STM32F1xx_HAL_Driver/Src/stm32f1xx_hal_tim.c.obj
                0x0800201c                HAL_TIM_OC_DelayElapsedCallback
 .text.HAL_TIM_IC_CaptureCallback
                0x0800201e        0x2 CMakeFiles/FPV_ctrl_demo.elf.dir/Drivers/STM32F1xx_HAL_Driver/Src/stm32f1xx_hal_tim.c.obj
                0x0800201e                HAL_TIM_IC_CaptureCallback
 .text.HAL_TIM_PWM_PulseFinishedCallback
                0x08002020        0x2 CMakeFiles/FPV_ctrl_demo.elf.dir/Drivers/STM32F1xx_HAL_Driver/Src/stm32f1xx_hal_tim.c.obj
                0x08002020                HAL_TIM_PWM_PulseFinishedCallback
 .text.HAL_TIM_TriggerCallback
                0x08002022        0x2 CMakeFiles/FPV_ctrl_demo.elf.dir/Drivers/STM32F1xx_HAL_Driver/Src/stm32f1xx_hal_tim.c.obj
                0x08002022                HAL_TIM_TriggerCallback
 .text.HAL_TIM_IRQHandler
                0x08002024      0x17a CMakeFiles/FPV_ctrl_demo.elf.dir/Drivers/STM32F1xx_HAL_Driver/Src/stm32f1xx_hal_tim.c.obj
                0x08002024                HAL_TIM_IRQHandler
 *fill*         0x0800219e        0x2 
 .text.TIM_Base_SetConfig
                0x080021a0       0x74 CMakeFiles/FPV_ctrl_demo.elf.dir/Drivers/STM32F1xx_HAL_Driver/Src/stm32f1xx_hal_tim.c.obj
                0x080021a0                TIM_Base_SetConfig
 .text.HAL_TIM_Base_Init
                0x08002214       0x58 CMakeFiles/FPV_ctrl_demo.elf.dir/Drivers/STM32F1xx_HAL_Driver/Src/stm32f1xx_hal_tim.c.obj
                0x08002214                HAL_TIM_Base_Init
 .text.HAL_TIM_PWM_Init
                0x0800226c       0x58 CMakeFiles/FPV_ctrl_demo.elf.dir/Drivers/STM32F1xx_HAL_Driver/Src/stm32f1xx_hal_tim.c.obj
                0x0800226c                HAL_TIM_PWM_Init
 .text.HAL_TIM_IC_Init
                0x080022c4       0x58 CMakeFiles/FPV_ctrl_demo.elf.dir/Drivers/STM32F1xx_HAL_Driver/Src/stm32f1xx_hal_tim.c.obj
                0x080022c4                HAL_TIM_IC_Init
 .text.HAL_TIM_Encoder_Init
                0x0800231c       0xb6 CMakeFiles/FPV_ctrl_demo.elf.dir/Drivers/STM32F1xx_HAL_Driver/Src/stm32f1xx_hal_tim.c.obj
                0x0800231c                HAL_TIM_Encoder_Init
 *fill*         0x080023d2        0x2 
 .text.TIM_OC2_SetConfig
                0x080023d4       0x5c CMakeFiles/FPV_ctrl_demo.elf.dir/Drivers/STM32F1xx_HAL_Driver/Src/stm32f1xx_hal_tim.c.obj
                0x080023d4                TIM_OC2_SetConfig
 .text.HAL_TIM_PWM_ConfigChannel
                0x08002430       0xdc CMakeFiles/FPV_ctrl_demo.elf.dir/Drivers/STM32F1xx_HAL_Driver/Src/stm32f1xx_hal_tim.c.obj
                0x08002430                HAL_TIM_PWM_ConfigChannel
 .text.TIM_TI1_SetConfig
                0x0800250c       0x58 CMakeFiles/FPV_ctrl_demo.elf.dir/Drivers/STM32F1xx_HAL_Driver/Src/stm32f1xx_hal_tim.c.obj
                0x0800250c                TIM_TI1_SetConfig
 .text.HAL_TIM_IC_ConfigChannel
                0x08002564       0xcc CMakeFiles/FPV_ctrl_demo.elf.dir/Drivers/STM32F1xx_HAL_Driver/Src/stm32f1xx_hal_tim.c.obj
                0x08002564                HAL_TIM_IC_ConfigChannel
 .text.TIM_ETR_SetConfig
                0x08002630       0x18 CMakeFiles/FPV_ctrl_demo.elf.dir/Drivers/STM32F1xx_HAL_Driver/Src/stm32f1xx_hal_tim.c.obj
                0x08002630                TIM_ETR_SetConfig
 .text.HAL_TIM_ConfigClockSource
                0x08002648       0xfe CMakeFiles/FPV_ctrl_demo.elf.dir/Drivers/STM32F1xx_HAL_Driver/Src/stm32f1xx_hal_tim.c.obj
                0x08002648                HAL_TIM_ConfigClockSource
 .text.TIM_CCxChannelCmd
                0x08002746       0x1e CMakeFiles/FPV_ctrl_demo.elf.dir/Drivers/STM32F1xx_HAL_Driver/Src/stm32f1xx_hal_tim.c.obj
                0x08002746                TIM_CCxChannelCmd
 .text.HAL_TIM_PWM_Start
                0x08002764       0xdc CMakeFiles/FPV_ctrl_demo.elf.dir/Drivers/STM32F1xx_HAL_Driver/Src/stm32f1xx_hal_tim.c.obj
                0x08002764                HAL_TIM_PWM_Start
 .text.HAL_TIM_IC_Start
                0x08002840       0xfc CMakeFiles/FPV_ctrl_demo.elf.dir/Drivers/STM32F1xx_HAL_Driver/Src/stm32f1xx_hal_tim.c.obj
                0x08002840                HAL_TIM_IC_Start
 .text.HAL_TIM_Encoder_Start
                0x0800293c       0xcc CMakeFiles/FPV_ctrl_demo.elf.dir/Drivers/STM32F1xx_HAL_Driver/Src/stm32f1xx_hal_tim.c.obj
                0x0800293c                HAL_TIM_Encoder_Start
 .text.HAL_TIMEx_MasterConfigSynchronization
                0x08002a08       0x6c CMakeFiles/FPV_ctrl_demo.elf.dir/Drivers/STM32F1xx_HAL_Driver/Src/stm32f1xx_hal_tim_ex.c.obj
                0x08002a08                HAL_TIMEx_MasterConfigSynchronization
 .text.HAL_TIMEx_ConfigBreakDeadTime
                0x08002a74       0x52 CMakeFiles/FPV_ctrl_demo.elf.dir/Drivers/STM32F1xx_HAL_Driver/Src/stm32f1xx_hal_tim_ex.c.obj
                0x08002a74                HAL_TIMEx_ConfigBreakDeadTime
 .text.HAL_TIMEx_CommutCallback
                0x08002ac6        0x2 CMakeFiles/FPV_ctrl_demo.elf.dir/Drivers/STM32F1xx_HAL_Driver/Src/stm32f1xx_hal_tim_ex.c.obj
                0x08002ac6                HAL_TIMEx_CommutCallback
 .text.HAL_TIMEx_BreakCallback
                0x08002ac8        0x2 CMakeFiles/FPV_ctrl_demo.elf.dir/Drivers/STM32F1xx_HAL_Driver/Src/stm32f1xx_hal_tim_ex.c.obj
                0x08002ac8                HAL_TIMEx_BreakCallback
 *fill*         0x08002aca        0x2 
 .text.UART_SetConfig
                0x08002acc       0x94 CMakeFiles/FPV_ctrl_demo.elf.dir/Drivers/STM32F1xx_HAL_Driver/Src/stm32f1xx_hal_uart.c.obj
 .text.UART_WaitOnFlagUntilTimeout
                0x08002b60       0x84 CMakeFiles/FPV_ctrl_demo.elf.dir/Drivers/STM32F1xx_HAL_Driver/Src/stm32f1xx_hal_uart.c.obj
 .text.HAL_UART_Init
                0x08002be4       0x60 CMakeFiles/FPV_ctrl_demo.elf.dir/Drivers/STM32F1xx_HAL_Driver/Src/stm32f1xx_hal_uart.c.obj
                0x08002be4                HAL_UART_Init
 .text.HAL_UART_Transmit
                0x08002c44       0xbe CMakeFiles/FPV_ctrl_demo.elf.dir/Drivers/STM32F1xx_HAL_Driver/Src/stm32f1xx_hal_uart.c.obj
                0x08002c44                HAL_UART_Transmit
 .text.HAL_UART_Receive
                0x08002d02       0xca CMakeFiles/FPV_ctrl_demo.elf.dir/Drivers/STM32F1xx_HAL_Driver/Src/stm32f1xx_hal_uart.c.obj
                0x08002d02                HAL_UART_Receive
 .text.Motor_SetDirection
                0x08002dcc       0x64 CMakeFiles/FPV_ctrl_demo.elf.dir/UserApp/Src/Motor.c.obj
                0x08002dcc                Motor_SetDirection
 .text.Motor_SetDuty
                0x08002e30       0x18 CMakeFiles/FPV_ctrl_demo.elf.dir/UserApp/Src/Motor.c.obj
                0x08002e30                Motor_SetDuty
 .text.RetargetInit
                0x08002e48       0x20 CMakeFiles/FPV_ctrl_demo.elf.dir/UserApp/Src/retarget.c.obj
                0x08002e48                RetargetInit
 .text._isatty  0x08002e68       0x16 CMakeFiles/FPV_ctrl_demo.elf.dir/UserApp/Src/retarget.c.obj
                0x08002e68                _isatty
 *fill*         0x08002e7e        0x2 
 .text._write   0x08002e80       0x34 CMakeFiles/FPV_ctrl_demo.elf.dir/UserApp/Src/retarget.c.obj
                0x08002e80                _write
 .text._close   0x08002eb4       0x18 CMakeFiles/FPV_ctrl_demo.elf.dir/UserApp/Src/retarget.c.obj
                0x08002eb4                _close
 .text._lseek   0x08002ecc       0x10 CMakeFiles/FPV_ctrl_demo.elf.dir/UserApp/Src/retarget.c.obj
                0x08002ecc                _lseek
 .text._read    0x08002edc       0x30 CMakeFiles/FPV_ctrl_demo.elf.dir/UserApp/Src/retarget.c.obj
                0x08002edc                _read
 .text._fstat   0x08002f0c       0x1a CMakeFiles/FPV_ctrl_demo.elf.dir/UserApp/Src/retarget.c.obj
                0x08002f0c                _fstat
 *fill*         0x08002f26        0x2 
 .text.std      0x08002f28       0x6c D:/Embedded/STM32CubeCLT/STM32CubeCLT_1.19.0/GNU-tools-for-STM32/bin/../lib/gcc/arm-none-eabi/13.3.1/../../../../arm-none-eabi/lib/thumb/v7-m/nofp\libg.a(libc_a-findfp.o)
 .text.stdio_exit_handler
                0x08002f94       0x18 D:/Embedded/STM32CubeCLT/STM32CubeCLT_1.19.0/GNU-tools-for-STM32/bin/../lib/gcc/arm-none-eabi/13.3.1/../../../../arm-none-eabi/lib/thumb/v7-m/nofp\libg.a(libc_a-findfp.o)
 .text.cleanup_stdio
                0x08002fac       0x40 D:/Embedded/STM32CubeCLT/STM32CubeCLT_1.19.0/GNU-tools-for-STM32/bin/../lib/gcc/arm-none-eabi/13.3.1/../../../../arm-none-eabi/lib/thumb/v7-m/nofp\libg.a(libc_a-findfp.o)
 .text.global_stdio_init.part.0
                0x08002fec       0x3c D:/Embedded/STM32CubeCLT/STM32CubeCLT_1.19.0/GNU-tools-for-STM32/bin/../lib/gcc/arm-none-eabi/13.3.1/../../../../arm-none-eabi/lib/thumb/v7-m/nofp\libg.a(libc_a-findfp.o)
 .text.__sfp_lock_acquire
                0x08003028        0xc D:/Embedded/STM32CubeCLT/STM32CubeCLT_1.19.0/GNU-tools-for-STM32/bin/../lib/gcc/arm-none-eabi/13.3.1/../../../../arm-none-eabi/lib/thumb/v7-m/nofp\libg.a(libc_a-findfp.o)
                0x08003028                __sfp_lock_acquire
 .text.__sfp_lock_release
                0x08003034        0xc D:/Embedded/STM32CubeCLT/STM32CubeCLT_1.19.0/GNU-tools-for-STM32/bin/../lib/gcc/arm-none-eabi/13.3.1/../../../../arm-none-eabi/lib/thumb/v7-m/nofp\libg.a(libc_a-findfp.o)
                0x08003034                __sfp_lock_release
 .text.__sinit  0x08003040       0x30 D:/Embedded/STM32CubeCLT/STM32CubeCLT_1.19.0/GNU-tools-for-STM32/bin/../lib/gcc/arm-none-eabi/13.3.1/../../../../arm-none-eabi/lib/thumb/v7-m/nofp\libg.a(libc_a-findfp.o)
                0x08003040                __sinit
 .text._fwalk_sglue
                0x08003070       0x3c D:/Embedded/STM32CubeCLT/STM32CubeCLT_1.19.0/GNU-tools-for-STM32/bin/../lib/gcc/arm-none-eabi/13.3.1/../../../../arm-none-eabi/lib/thumb/v7-m/nofp\libg.a(libc_a-fwalk.o)
                0x08003070                _fwalk_sglue
 .text.printf   0x080030ac       0x24 D:/Embedded/STM32CubeCLT/STM32CubeCLT_1.19.0/GNU-tools-for-STM32/bin/../lib/gcc/arm-none-eabi/13.3.1/../../../../arm-none-eabi/lib/thumb/v7-m/nofp\libg.a(libc_a-printf.o)
                0x080030ac                printf
 .text._puts_r  0x080030d0       0x94 D:/Embedded/STM32CubeCLT/STM32CubeCLT_1.19.0/GNU-tools-for-STM32/bin/../lib/gcc/arm-none-eabi/13.3.1/../../../../arm-none-eabi/lib/thumb/v7-m/nofp\libg.a(libc_a-puts.o)
                0x080030d0                _puts_r
 .text.puts     0x08003164       0x10 D:/Embedded/STM32CubeCLT/STM32CubeCLT_1.19.0/GNU-tools-for-STM32/bin/../lib/gcc/arm-none-eabi/13.3.1/../../../../arm-none-eabi/lib/thumb/v7-m/nofp\libg.a(libc_a-puts.o)
                0x08003164                puts
 .text.setvbuf  0x08003174      0x178 D:/Embedded/STM32CubeCLT/STM32CubeCLT_1.19.0/GNU-tools-for-STM32/bin/../lib/gcc/arm-none-eabi/13.3.1/../../../../arm-none-eabi/lib/thumb/v7-m/nofp\libg.a(libc_a-setvbuf.o)
                0x08003174                setvbuf
 .text.__sread  0x080032ec       0x22 D:/Embedded/STM32CubeCLT/STM32CubeCLT_1.19.0/GNU-tools-for-STM32/bin/../lib/gcc/arm-none-eabi/13.3.1/../../../../arm-none-eabi/lib/thumb/v7-m/nofp\libg.a(libc_a-stdio.o)
                0x080032ec                __sread
 .text.__swrite
                0x0800330e       0x38 D:/Embedded/STM32CubeCLT/STM32CubeCLT_1.19.0/GNU-tools-for-STM32/bin/../lib/gcc/arm-none-eabi/13.3.1/../../../../arm-none-eabi/lib/thumb/v7-m/nofp\libg.a(libc_a-stdio.o)
                0x0800330e                __swrite
 .text.__sseek  0x08003346       0x24 D:/Embedded/STM32CubeCLT/STM32CubeCLT_1.19.0/GNU-tools-for-STM32/bin/../lib/gcc/arm-none-eabi/13.3.1/../../../../arm-none-eabi/lib/thumb/v7-m/nofp\libg.a(libc_a-stdio.o)
                0x08003346                __sseek
 .text.__sclose
                0x0800336a        0x8 D:/Embedded/STM32CubeCLT/STM32CubeCLT_1.19.0/GNU-tools-for-STM32/bin/../lib/gcc/arm-none-eabi/13.3.1/../../../../arm-none-eabi/lib/thumb/v7-m/nofp\libg.a(libc_a-stdio.o)
                0x0800336a                __sclose
 .text.memset   0x08003372       0x10 D:/Embedded/STM32CubeCLT/STM32CubeCLT_1.19.0/GNU-tools-for-STM32/bin/../lib/gcc/arm-none-eabi/13.3.1/../../../../arm-none-eabi/lib/thumb/v7-m/nofp\libg.a(libc_a-memset.o)
                0x08003372                memset
 *fill*         0x08003382        0x2 
 .text._close_r
                0x08003384       0x20 D:/Embedded/STM32CubeCLT/STM32CubeCLT_1.19.0/GNU-tools-for-STM32/bin/../lib/gcc/arm-none-eabi/13.3.1/../../../../arm-none-eabi/lib/thumb/v7-m/nofp\libg.a(libc_a-closer.o)
                0x08003384                _close_r
 .text._lseek_r
                0x080033a4       0x24 D:/Embedded/STM32CubeCLT/STM32CubeCLT_1.19.0/GNU-tools-for-STM32/bin/../lib/gcc/arm-none-eabi/13.3.1/../../../../arm-none-eabi/lib/thumb/v7-m/nofp\libg.a(libc_a-lseekr.o)
                0x080033a4                _lseek_r
 .text._read_r  0x080033c8       0x24 D:/Embedded/STM32CubeCLT/STM32CubeCLT_1.19.0/GNU-tools-for-STM32/bin/../lib/gcc/arm-none-eabi/13.3.1/../../../../arm-none-eabi/lib/thumb/v7-m/nofp\libg.a(libc_a-readr.o)
                0x080033c8                _read_r
 .text._write_r
                0x080033ec       0x24 D:/Embedded/STM32CubeCLT/STM32CubeCLT_1.19.0/GNU-tools-for-STM32/bin/../lib/gcc/arm-none-eabi/13.3.1/../../../../arm-none-eabi/lib/thumb/v7-m/nofp\libg.a(libc_a-writer.o)
                0x080033ec                _write_r
 .text.__errno  0x08003410        0xc D:/Embedded/STM32CubeCLT/STM32CubeCLT_1.19.0/GNU-tools-for-STM32/bin/../lib/gcc/arm-none-eabi/13.3.1/../../../../arm-none-eabi/lib/thumb/v7-m/nofp\libg.a(libc_a-errno.o)
                0x08003410                __errno
 .text.__libc_init_array
                0x0800341c       0x48 D:/Embedded/STM32CubeCLT/STM32CubeCLT_1.19.0/GNU-tools-for-STM32/bin/../lib/gcc/arm-none-eabi/13.3.1/../../../../arm-none-eabi/lib/thumb/v7-m/nofp\libg.a(libc_a-init.o)
                0x0800341c                __libc_init_array
 .text.__retarget_lock_init_recursive
                0x08003464        0x2 D:/Embedded/STM32CubeCLT/STM32CubeCLT_1.19.0/GNU-tools-for-STM32/bin/../lib/gcc/arm-none-eabi/13.3.1/../../../../arm-none-eabi/lib/thumb/v7-m/nofp\libg.a(libc_a-lock.o)
                0x08003464                __retarget_lock_init_recursive
 .text.__retarget_lock_close_recursive
                0x08003466        0x2 D:/Embedded/STM32CubeCLT/STM32CubeCLT_1.19.0/GNU-tools-for-STM32/bin/../lib/gcc/arm-none-eabi/13.3.1/../../../../arm-none-eabi/lib/thumb/v7-m/nofp\libg.a(libc_a-lock.o)
                0x08003466                __retarget_lock_close_recursive
 .text.__retarget_lock_acquire_recursive
                0x08003468        0x2 D:/Embedded/STM32CubeCLT/STM32CubeCLT_1.19.0/GNU-tools-for-STM32/bin/../lib/gcc/arm-none-eabi/13.3.1/../../../../arm-none-eabi/lib/thumb/v7-m/nofp\libg.a(libc_a-lock.o)
                0x08003468                __retarget_lock_acquire_recursive
 .text.__retarget_lock_release_recursive
                0x0800346a        0x2 D:/Embedded/STM32CubeCLT/STM32CubeCLT_1.19.0/GNU-tools-for-STM32/bin/../lib/gcc/arm-none-eabi/13.3.1/../../../../arm-none-eabi/lib/thumb/v7-m/nofp\libg.a(libc_a-lock.o)
                0x0800346a                __retarget_lock_release_recursive
 .text.startup.register_fini
                0x0800346c       0x14 D:/Embedded/STM32CubeCLT/STM32CubeCLT_1.19.0/GNU-tools-for-STM32/bin/../lib/gcc/arm-none-eabi/13.3.1/../../../../arm-none-eabi/lib/thumb/v7-m/nofp\libg.a(libc_a-__call_atexit.o)
 .text.atexit   0x08003480        0xc D:/Embedded/STM32CubeCLT/STM32CubeCLT_1.19.0/GNU-tools-for-STM32/bin/../lib/gcc/arm-none-eabi/13.3.1/../../../../arm-none-eabi/lib/thumb/v7-m/nofp\libg.a(libc_a-atexit.o)
                0x08003480                atexit
 .text._malloc_trim_r
                0x0800348c       0xac D:/Embedded/STM32CubeCLT/STM32CubeCLT_1.19.0/GNU-tools-for-STM32/bin/../lib/gcc/arm-none-eabi/13.3.1/../../../../arm-none-eabi/lib/thumb/v7-m/nofp\libg.a(libc_a-freer.o)
                0x0800348c                _malloc_trim_r
 .text._free_r  0x08003538      0x180 D:/Embedded/STM32CubeCLT/STM32CubeCLT_1.19.0/GNU-tools-for-STM32/bin/../lib/gcc/arm-none-eabi/13.3.1/../../../../arm-none-eabi/lib/thumb/v7-m/nofp\libg.a(libc_a-freer.o)
                0x08003538                _free_r
 .text.malloc   0x080036b8       0x10 D:/Embedded/STM32CubeCLT/STM32CubeCLT_1.19.0/GNU-tools-for-STM32/bin/../lib/gcc/arm-none-eabi/13.3.1/../../../../arm-none-eabi/lib/thumb/v7-m/nofp\libg.a(libc_a-malloc.o)
                0x080036b8                malloc
 .text._malloc_r
                0x080036c8      0x474 D:/Embedded/STM32CubeCLT/STM32CubeCLT_1.19.0/GNU-tools-for-STM32/bin/../lib/gcc/arm-none-eabi/13.3.1/../../../../arm-none-eabi/lib/thumb/v7-m/nofp\libg.a(libc_a-mallocr.o)
                0x080036c8                _malloc_r
 .text.__malloc_lock
                0x08003b3c        0xc D:/Embedded/STM32CubeCLT/STM32CubeCLT_1.19.0/GNU-tools-for-STM32/bin/../lib/gcc/arm-none-eabi/13.3.1/../../../../arm-none-eabi/lib/thumb/v7-m/nofp\libg.a(libc_a-mlock.o)
                0x08003b3c                __malloc_lock
 .text.__malloc_unlock
                0x08003b48        0xc D:/Embedded/STM32CubeCLT/STM32CubeCLT_1.19.0/GNU-tools-for-STM32/bin/../lib/gcc/arm-none-eabi/13.3.1/../../../../arm-none-eabi/lib/thumb/v7-m/nofp\libg.a(libc_a-mlock.o)
                0x08003b48                __malloc_unlock
 .text._vfprintf_r
                0x08003b54     0x146c D:/Embedded/STM32CubeCLT/STM32CubeCLT_1.19.0/GNU-tools-for-STM32/bin/../lib/gcc/arm-none-eabi/13.3.1/../../../../arm-none-eabi/lib/thumb/v7-m/nofp\libg.a(libc_a-vfprintf.o)
                0x08003b54                _vfprintf_r
 .text.__sbprintf
                0x08004fc0       0x80 D:/Embedded/STM32CubeCLT/STM32CubeCLT_1.19.0/GNU-tools-for-STM32/bin/../lib/gcc/arm-none-eabi/13.3.1/../../../../arm-none-eabi/lib/thumb/v7-m/nofp\libg.a(libc_a-vfprintf.o)
 .text.__sprint_r
                0x08005040       0x1a D:/Embedded/STM32CubeCLT/STM32CubeCLT_1.19.0/GNU-tools-for-STM32/bin/../lib/gcc/arm-none-eabi/13.3.1/../../../../arm-none-eabi/lib/thumb/v7-m/nofp\libg.a(libc_a-sprint_r.o)
                0x08005040                __sprint_r
 .text._fclose_r
                0x0800505a       0xac D:/Embedded/STM32CubeCLT/STM32CubeCLT_1.19.0/GNU-tools-for-STM32/bin/../lib/gcc/arm-none-eabi/13.3.1/../../../../arm-none-eabi/lib/thumb/v7-m/nofp\libg.a(libc_a-fclose.o)
                0x0800505a                _fclose_r
 *fill*         0x08005106        0x2 
 .text.__sflush_r
                0x08005108      0x108 D:/Embedded/STM32CubeCLT/STM32CubeCLT_1.19.0/GNU-tools-for-STM32/bin/../lib/gcc/arm-none-eabi/13.3.1/../../../../arm-none-eabi/lib/thumb/v7-m/nofp\libg.a(libc_a-fflush.o)
                0x08005108                __sflush_r
 .text._fflush_r
                0x08005210       0x4a D:/Embedded/STM32CubeCLT/STM32CubeCLT_1.19.0/GNU-tools-for-STM32/bin/../lib/gcc/arm-none-eabi/13.3.1/../../../../arm-none-eabi/lib/thumb/v7-m/nofp\libg.a(libc_a-fflush.o)
                0x08005210                _fflush_r
 *fill*         0x0800525a        0x2 
 .text.__sfvwrite_r
                0x0800525c      0x298 D:/Embedded/STM32CubeCLT/STM32CubeCLT_1.19.0/GNU-tools-for-STM32/bin/../lib/gcc/arm-none-eabi/13.3.1/../../../../arm-none-eabi/lib/thumb/v7-m/nofp\libg.a(libc_a-fvwrite.o)
                0x0800525c                __sfvwrite_r
 .text.__swhatbuf_r
                0x080054f4       0x50 D:/Embedded/STM32CubeCLT/STM32CubeCLT_1.19.0/GNU-tools-for-STM32/bin/../lib/gcc/arm-none-eabi/13.3.1/../../../../arm-none-eabi/lib/thumb/v7-m/nofp\libg.a(libc_a-makebuf.o)
                0x080054f4                __swhatbuf_r
 .text.__smakebuf_r
                0x08005544       0x78 D:/Embedded/STM32CubeCLT/STM32CubeCLT_1.19.0/GNU-tools-for-STM32/bin/../lib/gcc/arm-none-eabi/13.3.1/../../../../arm-none-eabi/lib/thumb/v7-m/nofp\libg.a(libc_a-makebuf.o)
                0x08005544                __smakebuf_r
 .text.__swsetup_r
                0x080055bc       0xac D:/Embedded/STM32CubeCLT/STM32CubeCLT_1.19.0/GNU-tools-for-STM32/bin/../lib/gcc/arm-none-eabi/13.3.1/../../../../arm-none-eabi/lib/thumb/v7-m/nofp\libg.a(libc_a-wsetup.o)
                0x080055bc                __swsetup_r
 .text.memmove  0x08005668       0x34 D:/Embedded/STM32CubeCLT/STM32CubeCLT_1.19.0/GNU-tools-for-STM32/bin/../lib/gcc/arm-none-eabi/13.3.1/../../../../arm-none-eabi/lib/thumb/v7-m/nofp\libg.a(libc_a-memmove.o)
                0x08005668                memmove
 .text.strncpy  0x0800569c       0x26 D:/Embedded/STM32CubeCLT/STM32CubeCLT_1.19.0/GNU-tools-for-STM32/bin/../lib/gcc/arm-none-eabi/13.3.1/../../../../arm-none-eabi/lib/thumb/v7-m/nofp\libg.a(libc_a-strncpy.o)
                0x0800569c                strncpy
 *fill*         0x080056c2        0x2 
 .text._localeconv_r
                0x080056c4        0x8 D:/Embedded/STM32CubeCLT/STM32CubeCLT_1.19.0/GNU-tools-for-STM32/bin/../lib/gcc/arm-none-eabi/13.3.1/../../../../arm-none-eabi/lib/thumb/v7-m/nofp\libg.a(libc_a-localeconv.o)
                0x080056c4                _localeconv_r
 .text._fstat_r
                0x080056cc       0x24 D:/Embedded/STM32CubeCLT/STM32CubeCLT_1.19.0/GNU-tools-for-STM32/bin/../lib/gcc/arm-none-eabi/13.3.1/../../../../arm-none-eabi/lib/thumb/v7-m/nofp\libg.a(libc_a-fstatr.o)
                0x080056cc                _fstat_r
 .text._isatty_r
                0x080056f0       0x20 D:/Embedded/STM32CubeCLT/STM32CubeCLT_1.19.0/GNU-tools-for-STM32/bin/../lib/gcc/arm-none-eabi/13.3.1/../../../../arm-none-eabi/lib/thumb/v7-m/nofp\libg.a(libc_a-isattyr.o)
                0x080056f0                _isatty_r
 .text._sbrk_r  0x08005710       0x20 D:/Embedded/STM32CubeCLT/STM32CubeCLT_1.19.0/GNU-tools-for-STM32/bin/../lib/gcc/arm-none-eabi/13.3.1/../../../../arm-none-eabi/lib/thumb/v7-m/nofp\libg.a(libc_a-sbrkr.o)
                0x08005710                _sbrk_r
 .text.__libc_fini_array
                0x08005730       0x28 D:/Embedded/STM32CubeCLT/STM32CubeCLT_1.19.0/GNU-tools-for-STM32/bin/../lib/gcc/arm-none-eabi/13.3.1/../../../../arm-none-eabi/lib/thumb/v7-m/nofp\libg.a(libc_a-fini.o)
                0x08005730                __libc_fini_array
 .text.sysconf  0x08005758       0x18 D:/Embedded/STM32CubeCLT/STM32CubeCLT_1.19.0/GNU-tools-for-STM32/bin/../lib/gcc/arm-none-eabi/13.3.1/../../../../arm-none-eabi/lib/thumb/v7-m/nofp\libg.a(libc_a-sysconf.o)
                0x08005758                sysconf
 .text.memchr   0x08005770       0x1c D:/Embedded/STM32CubeCLT/STM32CubeCLT_1.19.0/GNU-tools-for-STM32/bin/../lib/gcc/arm-none-eabi/13.3.1/../../../../arm-none-eabi/lib/thumb/v7-m/nofp\libg.a(libc_a-memchr-stub.o)
                0x08005770                memchr
 .text.memcpy   0x0800578c       0x1c D:/Embedded/STM32CubeCLT/STM32CubeCLT_1.19.0/GNU-tools-for-STM32/bin/../lib/gcc/arm-none-eabi/13.3.1/../../../../arm-none-eabi/lib/thumb/v7-m/nofp\libg.a(libc_a-memcpy-stub.o)
                0x0800578c                memcpy
 .text.frexp    0x080057a8       0x64 D:/Embedded/STM32CubeCLT/STM32CubeCLT_1.19.0/GNU-tools-for-STM32/bin/../lib/gcc/arm-none-eabi/13.3.1/../../../../arm-none-eabi/lib/thumb/v7-m/nofp\libg.a(libm_a-s_frexp.o)
                0x080057a8                frexp
 .text.__register_exitproc
                0x0800580c       0x80 D:/Embedded/STM32CubeCLT/STM32CubeCLT_1.19.0/GNU-tools-for-STM32/bin/../lib/gcc/arm-none-eabi/13.3.1/../../../../arm-none-eabi/lib/thumb/v7-m/nofp\libg.a(libc_a-__atexit.o)
                0x0800580c                __register_exitproc
 .text.quorem   0x0800588c      0x110 D:/Embedded/STM32CubeCLT/STM32CubeCLT_1.19.0/GNU-tools-for-STM32/bin/../lib/gcc/arm-none-eabi/13.3.1/../../../../arm-none-eabi/lib/thumb/v7-m/nofp\libg.a(libc_a-dtoa.o)
 *fill*         0x0800599c        0x4 
 .text._dtoa_r  0x080059a0      0xb74 D:/Embedded/STM32CubeCLT/STM32CubeCLT_1.19.0/GNU-tools-for-STM32/bin/../lib/gcc/arm-none-eabi/13.3.1/../../../../arm-none-eabi/lib/thumb/v7-m/nofp\libg.a(libc_a-dtoa.o)
                0x080059a0                _dtoa_r
 .text._Balloc  0x08006514       0x4a D:/Embedded/STM32CubeCLT/STM32CubeCLT_1.19.0/GNU-tools-for-STM32/bin/../lib/gcc/arm-none-eabi/13.3.1/../../../../arm-none-eabi/lib/thumb/v7-m/nofp\libg.a(libc_a-mprec.o)
                0x08006514                _Balloc
 .text._Bfree   0x0800655e       0x12 D:/Embedded/STM32CubeCLT/STM32CubeCLT_1.19.0/GNU-tools-for-STM32/bin/../lib/gcc/arm-none-eabi/13.3.1/../../../../arm-none-eabi/lib/thumb/v7-m/nofp\libg.a(libc_a-mprec.o)
                0x0800655e                _Bfree
 .text.__multadd
                0x08006570       0x8c D:/Embedded/STM32CubeCLT/STM32CubeCLT_1.19.0/GNU-tools-for-STM32/bin/../lib/gcc/arm-none-eabi/13.3.1/../../../../arm-none-eabi/lib/thumb/v7-m/nofp\libg.a(libc_a-mprec.o)
                0x08006570                __multadd
 .text.__hi0bits
                0x080065fc       0x3e D:/Embedded/STM32CubeCLT/STM32CubeCLT_1.19.0/GNU-tools-for-STM32/bin/../lib/gcc/arm-none-eabi/13.3.1/../../../../arm-none-eabi/lib/thumb/v7-m/nofp\libg.a(libc_a-mprec.o)
                0x080065fc                __hi0bits
 .text.__lo0bits
                0x0800663a       0x5a D:/Embedded/STM32CubeCLT/STM32CubeCLT_1.19.0/GNU-tools-for-STM32/bin/../lib/gcc/arm-none-eabi/13.3.1/../../../../arm-none-eabi/lib/thumb/v7-m/nofp\libg.a(libc_a-mprec.o)
                0x0800663a                __lo0bits
 .text.__i2b    0x08006694       0x2c D:/Embedded/STM32CubeCLT/STM32CubeCLT_1.19.0/GNU-tools-for-STM32/bin/../lib/gcc/arm-none-eabi/13.3.1/../../../../arm-none-eabi/lib/thumb/v7-m/nofp\libg.a(libc_a-mprec.o)
                0x08006694                __i2b
 .text.__multiply
                0x080066c0      0x144 D:/Embedded/STM32CubeCLT/STM32CubeCLT_1.19.0/GNU-tools-for-STM32/bin/../lib/gcc/arm-none-eabi/13.3.1/../../../../arm-none-eabi/lib/thumb/v7-m/nofp\libg.a(libc_a-mprec.o)
                0x080066c0                __multiply
 .text.__pow5mult
                0x08006804       0x80 D:/Embedded/STM32CubeCLT/STM32CubeCLT_1.19.0/GNU-tools-for-STM32/bin/../lib/gcc/arm-none-eabi/13.3.1/../../../../arm-none-eabi/lib/thumb/v7-m/nofp\libg.a(libc_a-mprec.o)
                0x08006804                __pow5mult
 .text.__lshift
                0x08006884       0xd8 D:/Embedded/STM32CubeCLT/STM32CubeCLT_1.19.0/GNU-tools-for-STM32/bin/../lib/gcc/arm-none-eabi/13.3.1/../../../../arm-none-eabi/lib/thumb/v7-m/nofp\libg.a(libc_a-mprec.o)
                0x08006884                __lshift
 .text.__mcmp   0x0800695c       0x36 D:/Embedded/STM32CubeCLT/STM32CubeCLT_1.19.0/GNU-tools-for-STM32/bin/../lib/gcc/arm-none-eabi/13.3.1/../../../../arm-none-eabi/lib/thumb/v7-m/nofp\libg.a(libc_a-mprec.o)
                0x0800695c                __mcmp
 *fill*         0x08006992        0x2 
 .text.__mdiff  0x08006994      0x128 D:/Embedded/STM32CubeCLT/STM32CubeCLT_1.19.0/GNU-tools-for-STM32/bin/../lib/gcc/arm-none-eabi/13.3.1/../../../../arm-none-eabi/lib/thumb/v7-m/nofp\libg.a(libc_a-mprec.o)
                0x08006994                __mdiff
 .text.__d2b    0x08006abc       0xb0 D:/Embedded/STM32CubeCLT/STM32CubeCLT_1.19.0/GNU-tools-for-STM32/bin/../lib/gcc/arm-none-eabi/13.3.1/../../../../arm-none-eabi/lib/thumb/v7-m/nofp\libg.a(libc_a-mprec.o)
                0x08006abc                __d2b
 .text._realloc_r
                0x08006b6c      0x358 D:/Embedded/STM32CubeCLT/STM32CubeCLT_1.19.0/GNU-tools-for-STM32/bin/../lib/gcc/arm-none-eabi/13.3.1/../../../../arm-none-eabi/lib/thumb/v7-m/nofp\libg.a(libc_a-reallocr.o)
                0x08006b6c                _realloc_r
 .text.__assert_func
                0x08006ec4       0x3c D:/Embedded/STM32CubeCLT/STM32CubeCLT_1.19.0/GNU-tools-for-STM32/bin/../lib/gcc/arm-none-eabi/13.3.1/../../../../arm-none-eabi/lib/thumb/v7-m/nofp\libg.a(libc_a-assert.o)
                0x08006ec4                __assert_func
 .text._calloc_r
                0x08006f00       0x6a D:/Embedded/STM32CubeCLT/STM32CubeCLT_1.19.0/GNU-tools-for-STM32/bin/../lib/gcc/arm-none-eabi/13.3.1/../../../../arm-none-eabi/lib/thumb/v7-m/nofp\libg.a(libc_a-callocr.o)
                0x08006f00                _calloc_r
 .text.__ascii_mbtowc
                0x08006f6a       0x24 D:/Embedded/STM32CubeCLT/STM32CubeCLT_1.19.0/GNU-tools-for-STM32/bin/../lib/gcc/arm-none-eabi/13.3.1/../../../../arm-none-eabi/lib/thumb/v7-m/nofp\libg.a(libc_a-mbtowc_r.o)
                0x08006f6a                __ascii_mbtowc
 .text.__ascii_wctomb
                0x08006f8e       0x1a D:/Embedded/STM32CubeCLT/STM32CubeCLT_1.19.0/GNU-tools-for-STM32/bin/../lib/gcc/arm-none-eabi/13.3.1/../../../../arm-none-eabi/lib/thumb/v7-m/nofp\libg.a(libc_a-wctomb_r.o)
                0x08006f8e                __ascii_wctomb
 .text.fiprintf
                0x08006fa8       0x24 D:/Embedded/STM32CubeCLT/STM32CubeCLT_1.19.0/GNU-tools-for-STM32/bin/../lib/gcc/arm-none-eabi/13.3.1/../../../../arm-none-eabi/lib/thumb/v7-m/nofp\libg.a(libc_a-fiprintf.o)
                0x08006fa8                fiprintf
 .text._vfiprintf_r
                0x08006fcc      0x918 D:/Embedded/STM32CubeCLT/STM32CubeCLT_1.19.0/GNU-tools-for-STM32/bin/../lib/gcc/arm-none-eabi/13.3.1/../../../../arm-none-eabi/lib/thumb/v7-m/nofp\libg.a(libc_a-vfiprintf.o)
                0x08006fcc                _vfiprintf_r
 .text.__sbprintf
                0x080078e4       0x80 D:/Embedded/STM32CubeCLT/STM32CubeCLT_1.19.0/GNU-tools-for-STM32/bin/../lib/gcc/arm-none-eabi/13.3.1/../../../../arm-none-eabi/lib/thumb/v7-m/nofp\libg.a(libc_a-vfiprintf.o)
 .text.abort    0x08007964        0xe D:/Embedded/STM32CubeCLT/STM32CubeCLT_1.19.0/GNU-tools-for-STM32/bin/../lib/gcc/arm-none-eabi/13.3.1/../../../../arm-none-eabi/lib/thumb/v7-m/nofp\libg.a(libc_a-abort.o)
                0x08007964                abort
 .text._raise_r
                0x08007972       0x52 D:/Embedded/STM32CubeCLT/STM32CubeCLT_1.19.0/GNU-tools-for-STM32/bin/../lib/gcc/arm-none-eabi/13.3.1/../../../../arm-none-eabi/lib/thumb/v7-m/nofp\libg.a(libc_a-signal.o)
                0x08007972                _raise_r
 .text.raise    0x080079c4       0x10 D:/Embedded/STM32CubeCLT/STM32CubeCLT_1.19.0/GNU-tools-for-STM32/bin/../lib/gcc/arm-none-eabi/13.3.1/../../../../arm-none-eabi/lib/thumb/v7-m/nofp\libg.a(libc_a-signal.o)
                0x080079c4                raise
 .text._kill_r  0x080079d4       0x24 D:/Embedded/STM32CubeCLT/STM32CubeCLT_1.19.0/GNU-tools-for-STM32/bin/../lib/gcc/arm-none-eabi/13.3.1/../../../../arm-none-eabi/lib/thumb/v7-m/nofp\libg.a(libc_a-signalr.o)
                0x080079d4                _kill_r
 .text._getpid_r
                0x080079f8        0x4 D:/Embedded/STM32CubeCLT/STM32CubeCLT_1.19.0/GNU-tools-for-STM32/bin/../lib/gcc/arm-none-eabi/13.3.1/../../../../arm-none-eabi/lib/thumb/v7-m/nofp\libg.a(libc_a-signalr.o)
                0x080079f8                _getpid_r
 *(.glue_7)
 .glue_7        0x080079fc        0x0 linker stubs
 *(.glue_7t)
 .glue_7t       0x080079fc        0x0 linker stubs
 *(.eh_frame)
 .eh_frame      0x080079fc        0x0 D:/Embedded/STM32CubeCLT/STM32CubeCLT_1.19.0/GNU-tools-for-STM32/bin/../lib/gcc/arm-none-eabi/13.3.1/thumb/v7-m/nofp/crtbegin.o
 *(.init)
 .init          0x080079fc        0x4 D:/Embedded/STM32CubeCLT/STM32CubeCLT_1.19.0/GNU-tools-for-STM32/bin/../lib/gcc/arm-none-eabi/13.3.1/thumb/v7-m/nofp/crti.o
                0x080079fc                _init
 .init          0x08007a00        0x8 D:/Embedded/STM32CubeCLT/STM32CubeCLT_1.19.0/GNU-tools-for-STM32/bin/../lib/gcc/arm-none-eabi/13.3.1/thumb/v7-m/nofp/crtn.o
 *(.fini)
 .fini          0x08007a08        0x4 D:/Embedded/STM32CubeCLT/STM32CubeCLT_1.19.0/GNU-tools-for-STM32/bin/../lib/gcc/arm-none-eabi/13.3.1/thumb/v7-m/nofp/crti.o
                0x08007a08                _fini
 .fini          0x08007a0c        0x8 D:/Embedded/STM32CubeCLT/STM32CubeCLT_1.19.0/GNU-tools-for-STM32/bin/../lib/gcc/arm-none-eabi/13.3.1/thumb/v7-m/nofp/crtn.o
                0x08007a14                        . = ALIGN (0x4)
                0x08007a14                        _etext = .

.vfp11_veneer   0x08007a14        0x0
 .vfp11_veneer  0x08007a14        0x0 linker stubs

.v4_bx          0x08007a14        0x0
 .v4_bx         0x08007a14        0x0 linker stubs

.iplt           0x08007a14        0x0
 .iplt          0x08007a14        0x0 D:/Embedded/STM32CubeCLT/STM32CubeCLT_1.19.0/GNU-tools-for-STM32/bin/../lib/gcc/arm-none-eabi/13.3.1/thumb/v7-m/nofp/crtbegin.o

.rodata         0x08007a18      0x3e4
                0x08007a18                        . = ALIGN (0x4)
 *(.rodata)
 *(.rodata*)
 .rodata.main.str1.4
                0x08007a18       0x25 CMakeFiles/FPV_ctrl_demo.elf.dir/Core/Src/main.c.obj
 *fill*         0x08007a3d        0x3 
 .rodata.APBPrescTable
                0x08007a40        0x8 CMakeFiles/FPV_ctrl_demo.elf.dir/Core/Src/system_stm32f1xx.c.obj
                0x08007a40                APBPrescTable
 .rodata.AHBPrescTable
                0x08007a48       0x10 CMakeFiles/FPV_ctrl_demo.elf.dir/Core/Src/system_stm32f1xx.c.obj
                0x08007a48                AHBPrescTable
 .rodata.aPredivFactorTable.0
                0x08007a58        0x2 CMakeFiles/FPV_ctrl_demo.elf.dir/Drivers/STM32F1xx_HAL_Driver/Src/stm32f1xx_hal_rcc.c.obj
 *fill*         0x08007a5a        0x2 
 .rodata.aPLLMULFactorTable.1
                0x08007a5c       0x10 CMakeFiles/FPV_ctrl_demo.elf.dir/Drivers/STM32F1xx_HAL_Driver/Src/stm32f1xx_hal_rcc.c.obj
 .rodata._puts_r.str1.1
                0x08007a6c      0x149 D:/Embedded/STM32CubeCLT/STM32CubeCLT_1.19.0/GNU-tools-for-STM32/bin/../lib/gcc/arm-none-eabi/13.3.1/../../../../arm-none-eabi/lib/thumb/v7-m/nofp\libg.a(libc_a-puts.o)
                                  0x2 (size before relaxing)
 .rodata._vfprintf_r.str1.1
                0x08007bb5       0x34 D:/Embedded/STM32CubeCLT/STM32CubeCLT_1.19.0/GNU-tools-for-STM32/bin/../lib/gcc/arm-none-eabi/13.3.1/../../../../arm-none-eabi/lib/thumb/v7-m/nofp\libg.a(libc_a-vfprintf.o)
 .rodata.zeroes.0
                0x08007bb5       0x10 D:/Embedded/STM32CubeCLT/STM32CubeCLT_1.19.0/GNU-tools-for-STM32/bin/../lib/gcc/arm-none-eabi/13.3.1/../../../../arm-none-eabi/lib/thumb/v7-m/nofp\libg.a(libc_a-vfprintf.o)
 .rodata.blanks.1
                0x08007bc5       0x10 D:/Embedded/STM32CubeCLT/STM32CubeCLT_1.19.0/GNU-tools-for-STM32/bin/../lib/gcc/arm-none-eabi/13.3.1/../../../../arm-none-eabi/lib/thumb/v7-m/nofp\libg.a(libc_a-vfprintf.o)
 .rodata._dtoa_r.str1.1
                0x08007bd5       0x78 D:/Embedded/STM32CubeCLT/STM32CubeCLT_1.19.0/GNU-tools-for-STM32/bin/../lib/gcc/arm-none-eabi/13.3.1/../../../../arm-none-eabi/lib/thumb/v7-m/nofp\libg.a(libc_a-dtoa.o)
 .rodata.__multadd.str1.1
                0x08007bd5       0x6a D:/Embedded/STM32CubeCLT/STM32CubeCLT_1.19.0/GNU-tools-for-STM32/bin/../lib/gcc/arm-none-eabi/13.3.1/../../../../arm-none-eabi/lib/thumb/v7-m/nofp\libg.a(libc_a-mprec.o)
 *fill*         0x08007bd5        0x3 
 .rodata.p05.0  0x08007bd8        0xc D:/Embedded/STM32CubeCLT/STM32CubeCLT_1.19.0/GNU-tools-for-STM32/bin/../lib/gcc/arm-none-eabi/13.3.1/../../../../arm-none-eabi/lib/thumb/v7-m/nofp\libg.a(libc_a-mprec.o)
 *fill*         0x08007be4        0x4 
 .rodata.__mprec_bigtens
                0x08007be8       0x28 D:/Embedded/STM32CubeCLT/STM32CubeCLT_1.19.0/GNU-tools-for-STM32/bin/../lib/gcc/arm-none-eabi/13.3.1/../../../../arm-none-eabi/lib/thumb/v7-m/nofp\libg.a(libc_a-mprec.o)
                0x08007be8                __mprec_bigtens
 .rodata.__mprec_tens
                0x08007c10       0xc8 D:/Embedded/STM32CubeCLT/STM32CubeCLT_1.19.0/GNU-tools-for-STM32/bin/../lib/gcc/arm-none-eabi/13.3.1/../../../../arm-none-eabi/lib/thumb/v7-m/nofp\libg.a(libc_a-mprec.o)
                0x08007c10                __mprec_tens
 .rodata._setlocale_r.str1.1
                0x08007cd8        0x9 D:/Embedded/STM32CubeCLT/STM32CubeCLT_1.19.0/GNU-tools-for-STM32/bin/../lib/gcc/arm-none-eabi/13.3.1/../../../../arm-none-eabi/lib/thumb/v7-m/nofp\libg.a(libc_a-locale.o)
 .rodata.str1.1
                0x08007cd8        0x2 D:/Embedded/STM32CubeCLT/STM32CubeCLT_1.19.0/GNU-tools-for-STM32/bin/../lib/gcc/arm-none-eabi/13.3.1/../../../../arm-none-eabi/lib/thumb/v7-m/nofp\libg.a(libc_a-locale.o)
 .rodata.__assert_func.str1.1
                0x08007cd8       0x3d D:/Embedded/STM32CubeCLT/STM32CubeCLT_1.19.0/GNU-tools-for-STM32/bin/../lib/gcc/arm-none-eabi/13.3.1/../../../../arm-none-eabi/lib/thumb/v7-m/nofp\libg.a(libc_a-assert.o)
 .rodata._ctype_
                0x08007cd8      0x101 D:/Embedded/STM32CubeCLT/STM32CubeCLT_1.19.0/GNU-tools-for-STM32/bin/../lib/gcc/arm-none-eabi/13.3.1/../../../../arm-none-eabi/lib/thumb/v7-m/nofp\libg.a(libc_a-ctype_.o)
                0x08007cd8                _ctype_
 .rodata._vfiprintf_r.str1.1
                0x08007dd9       0x22 D:/Embedded/STM32CubeCLT/STM32CubeCLT_1.19.0/GNU-tools-for-STM32/bin/../lib/gcc/arm-none-eabi/13.3.1/../../../../arm-none-eabi/lib/thumb/v7-m/nofp\libg.a(libc_a-vfiprintf.o)
 .rodata.zeroes.0
                0x08007dd9       0x10 D:/Embedded/STM32CubeCLT/STM32CubeCLT_1.19.0/GNU-tools-for-STM32/bin/../lib/gcc/arm-none-eabi/13.3.1/../../../../arm-none-eabi/lib/thumb/v7-m/nofp\libg.a(libc_a-vfiprintf.o)
 .rodata.blanks.1
                0x08007de9       0x10 D:/Embedded/STM32CubeCLT/STM32CubeCLT_1.19.0/GNU-tools-for-STM32/bin/../lib/gcc/arm-none-eabi/13.3.1/../../../../arm-none-eabi/lib/thumb/v7-m/nofp\libg.a(libc_a-vfiprintf.o)
                0x08007dfc                        . = ALIGN (0x4)
 *fill*         0x08007df9        0x3 

.ARM.extab      0x08007dfc        0x0
                0x08007dfc                        . = ALIGN (0x4)
 *(.ARM.extab* .gnu.linkonce.armextab.*)
                0x08007dfc                        . = ALIGN (0x4)

.ARM            0x08007dfc        0x8
                0x08007dfc                        . = ALIGN (0x4)
                0x08007dfc                        __exidx_start = .
 *(.ARM.exidx*)
 .ARM.exidx     0x08007dfc        0x8 D:/Embedded/STM32CubeCLT/STM32CubeCLT_1.19.0/GNU-tools-for-STM32/bin/../lib/gcc/arm-none-eabi/13.3.1/../../../../arm-none-eabi/lib/thumb/v7-m/nofp\libg.a(libc_a-strlen.o)
 .ARM.exidx     0x08007e04        0x0 D:/Embedded/STM32CubeCLT/STM32CubeCLT_1.19.0/GNU-tools-for-STM32/bin/../lib/gcc/arm-none-eabi/13.3.1/thumb/v7-m/nofp\libgcc.a(_udivmoddi4.o)
                                  0x8 (size before relaxing)
                0x08007e04                        __exidx_end = .
                0x08007e04                        . = ALIGN (0x4)

.rel.dyn        0x08007e04        0x0
 .rel.iplt      0x08007e04        0x0 D:/Embedded/STM32CubeCLT/STM32CubeCLT_1.19.0/GNU-tools-for-STM32/bin/../lib/gcc/arm-none-eabi/13.3.1/thumb/v7-m/nofp/crtbegin.o

.preinit_array  0x08007e04        0x0
                0x08007e04                        . = ALIGN (0x4)
                0x08007e04                        PROVIDE (__preinit_array_start = .)
 *(.preinit_array*)
                0x08007e04                        PROVIDE (__preinit_array_end = .)
                0x08007e04                        . = ALIGN (0x4)

.init_array     0x08007e04        0x8
                0x08007e04                        . = ALIGN (0x4)
                0x08007e04                        PROVIDE (__init_array_start = .)
 *(SORT_BY_NAME(.init_array.*))
 .init_array.00000
                0x08007e04        0x4 D:/Embedded/STM32CubeCLT/STM32CubeCLT_1.19.0/GNU-tools-for-STM32/bin/../lib/gcc/arm-none-eabi/13.3.1/../../../../arm-none-eabi/lib/thumb/v7-m/nofp\libg.a(libc_a-__call_atexit.o)
 *(.init_array*)
 .init_array    0x08007e08        0x4 D:/Embedded/STM32CubeCLT/STM32CubeCLT_1.19.0/GNU-tools-for-STM32/bin/../lib/gcc/arm-none-eabi/13.3.1/thumb/v7-m/nofp/crtbegin.o
                0x08007e0c                        PROVIDE (__init_array_end = .)
                0x08007e0c                        . = ALIGN (0x4)

.fini_array     0x08007e0c        0x4
                0x08007e0c                        . = ALIGN (0x4)
                0x08007e0c                        PROVIDE (__fini_array_start = .)
 *(SORT_BY_NAME(.fini_array.*))
 *(.fini_array*)
 .fini_array    0x08007e0c        0x4 D:/Embedded/STM32CubeCLT/STM32CubeCLT_1.19.0/GNU-tools-for-STM32/bin/../lib/gcc/arm-none-eabi/13.3.1/thumb/v7-m/nofp/crtbegin.o
                0x08007e10                        PROVIDE (__fini_array_end = .)
                0x08007e10                        . = ALIGN (0x4)
                0x08007e10                        _sidata = LOADADDR (.data)

.data           0x20000000      0x6e0 load address 0x08007e10
                0x20000000                        . = ALIGN (0x4)
                0x20000000                        _sdata = .
 *(.data)
 *(.data*)
 .data.SystemCoreClock
                0x20000000        0x4 CMakeFiles/FPV_ctrl_demo.elf.dir/Core/Src/system_stm32f1xx.c.obj
                0x20000000                SystemCoreClock
 .data.uwTickFreq
                0x20000004        0x1 CMakeFiles/FPV_ctrl_demo.elf.dir/Drivers/STM32F1xx_HAL_Driver/Src/stm32f1xx_hal.c.obj
                0x20000004                uwTickFreq
 *fill*         0x20000005        0x3 
 .data.uwTickPrio
                0x20000008        0x4 CMakeFiles/FPV_ctrl_demo.elf.dir/Drivers/STM32F1xx_HAL_Driver/Src/stm32f1xx_hal.c.obj
                0x20000008                uwTickPrio
 .data.__sglue  0x2000000c        0xc D:/Embedded/STM32CubeCLT/STM32CubeCLT_1.19.0/GNU-tools-for-STM32/bin/../lib/gcc/arm-none-eabi/13.3.1/../../../../arm-none-eabi/lib/thumb/v7-m/nofp\libg.a(libc_a-findfp.o)
                0x2000000c                __sglue
 .data._impure_ptr
                0x20000018        0x4 D:/Embedded/STM32CubeCLT/STM32CubeCLT_1.19.0/GNU-tools-for-STM32/bin/../lib/gcc/arm-none-eabi/13.3.1/../../../../arm-none-eabi/lib/thumb/v7-m/nofp\libg.a(libc_a-impure.o)
                0x20000018                _impure_ptr
 *fill*         0x2000001c        0x4 
 .data._impure_data
                0x20000020      0x140 D:/Embedded/STM32CubeCLT/STM32CubeCLT_1.19.0/GNU-tools-for-STM32/bin/../lib/gcc/arm-none-eabi/13.3.1/../../../../arm-none-eabi/lib/thumb/v7-m/nofp\libg.a(libc_a-impure.o)
                0x20000020                _impure_data
 .data.__atexit_recursive_mutex
                0x20000160        0x4 D:/Embedded/STM32CubeCLT/STM32CubeCLT_1.19.0/GNU-tools-for-STM32/bin/../lib/gcc/arm-none-eabi/13.3.1/../../../../arm-none-eabi/lib/thumb/v7-m/nofp\libg.a(libc_a-__call_atexit.o)
                0x20000160                __atexit_recursive_mutex
 .data.__malloc_sbrk_base
                0x20000164        0x4 D:/Embedded/STM32CubeCLT/STM32CubeCLT_1.19.0/GNU-tools-for-STM32/bin/../lib/gcc/arm-none-eabi/13.3.1/../../../../arm-none-eabi/lib/thumb/v7-m/nofp\libg.a(libc_a-mallocr.o)
                0x20000164                __malloc_sbrk_base
 .data.__malloc_trim_threshold
                0x20000168        0x4 D:/Embedded/STM32CubeCLT/STM32CubeCLT_1.19.0/GNU-tools-for-STM32/bin/../lib/gcc/arm-none-eabi/13.3.1/../../../../arm-none-eabi/lib/thumb/v7-m/nofp\libg.a(libc_a-mallocr.o)
                0x20000168                __malloc_trim_threshold
 .data.__malloc_av_
                0x2000016c      0x408 D:/Embedded/STM32CubeCLT/STM32CubeCLT_1.19.0/GNU-tools-for-STM32/bin/../lib/gcc/arm-none-eabi/13.3.1/../../../../arm-none-eabi/lib/thumb/v7-m/nofp\libg.a(libc_a-mallocr.o)
                0x2000016c                __malloc_av_
 .data.__global_locale
                0x20000574      0x16c D:/Embedded/STM32CubeCLT/STM32CubeCLT_1.19.0/GNU-tools-for-STM32/bin/../lib/gcc/arm-none-eabi/13.3.1/../../../../arm-none-eabi/lib/thumb/v7-m/nofp\libg.a(libc_a-locale.o)
                0x20000574                __global_locale
 *(.RamFunc)
 *(.RamFunc*)
                0x200006e0                        . = ALIGN (0x4)
                0x200006e0                        _edata = .

.igot.plt       0x200006e0        0x0 load address 0x080084f0
 .igot.plt      0x200006e0        0x0 D:/Embedded/STM32CubeCLT/STM32CubeCLT_1.19.0/GNU-tools-for-STM32/bin/../lib/gcc/arm-none-eabi/13.3.1/thumb/v7-m/nofp/crtbegin.o
                0x200006e0                        . = ALIGN (0x4)

.bss            0x200006e0      0x454 load address 0x080084f0
                0x200006e0                        _sbss = .
                0x200006e0                        __bss_start__ = _sbss
 *(.bss)
 .bss           0x200006e0       0x1c D:/Embedded/STM32CubeCLT/STM32CubeCLT_1.19.0/GNU-tools-for-STM32/bin/../lib/gcc/arm-none-eabi/13.3.1/thumb/v7-m/nofp/crtbegin.o
 *(.bss*)
 .bss.__sbrk_heap_end
                0x200006fc        0x4 CMakeFiles/FPV_ctrl_demo.elf.dir/Core/Src/sysmem.c.obj
 .bss.htim4     0x20000700       0x48 CMakeFiles/FPV_ctrl_demo.elf.dir/Core/Src/tim.c.obj
                0x20000700                htim4
 .bss.htim2     0x20000748       0x48 CMakeFiles/FPV_ctrl_demo.elf.dir/Core/Src/tim.c.obj
                0x20000748                htim2
 .bss.htim1     0x20000790       0x48 CMakeFiles/FPV_ctrl_demo.elf.dir/Core/Src/tim.c.obj
                0x20000790                htim1
 .bss.huart2    0x200007d8       0x48 CMakeFiles/FPV_ctrl_demo.elf.dir/Core/Src/usart.c.obj
                0x200007d8                huart2
 .bss.uwTick    0x20000820        0x4 CMakeFiles/FPV_ctrl_demo.elf.dir/Drivers/STM32F1xx_HAL_Driver/Src/stm32f1xx_hal.c.obj
                0x20000820                uwTick
 .bss.gHuart    0x20000824        0x4 CMakeFiles/FPV_ctrl_demo.elf.dir/UserApp/Src/retarget.c.obj
                0x20000824                gHuart
 .bss.__sf      0x20000828      0x138 D:/Embedded/STM32CubeCLT/STM32CubeCLT_1.19.0/GNU-tools-for-STM32/bin/../lib/gcc/arm-none-eabi/13.3.1/../../../../arm-none-eabi/lib/thumb/v7-m/nofp\libg.a(libc_a-findfp.o)
                0x20000828                __sf
 .bss.__stdio_exit_handler
                0x20000960        0x4 D:/Embedded/STM32CubeCLT/STM32CubeCLT_1.19.0/GNU-tools-for-STM32/bin/../lib/gcc/arm-none-eabi/13.3.1/../../../../arm-none-eabi/lib/thumb/v7-m/nofp\libg.a(libc_a-findfp.o)
                0x20000960                __stdio_exit_handler
 .bss.errno     0x20000964        0x4 D:/Embedded/STM32CubeCLT/STM32CubeCLT_1.19.0/GNU-tools-for-STM32/bin/../lib/gcc/arm-none-eabi/13.3.1/../../../../arm-none-eabi/lib/thumb/v7-m/nofp\libg.a(libc_a-reent.o)
                0x20000964                errno
 .bss.__lock___malloc_recursive_mutex
                0x20000968        0x1 D:/Embedded/STM32CubeCLT/STM32CubeCLT_1.19.0/GNU-tools-for-STM32/bin/../lib/gcc/arm-none-eabi/13.3.1/../../../../arm-none-eabi/lib/thumb/v7-m/nofp\libg.a(libc_a-lock.o)
                0x20000968                __lock___malloc_recursive_mutex
 .bss.__lock___atexit_recursive_mutex
                0x20000969        0x1 D:/Embedded/STM32CubeCLT/STM32CubeCLT_1.19.0/GNU-tools-for-STM32/bin/../lib/gcc/arm-none-eabi/13.3.1/../../../../arm-none-eabi/lib/thumb/v7-m/nofp\libg.a(libc_a-lock.o)
                0x20000969                __lock___atexit_recursive_mutex
 .bss.__lock___sfp_recursive_mutex
                0x2000096a        0x1 D:/Embedded/STM32CubeCLT/STM32CubeCLT_1.19.0/GNU-tools-for-STM32/bin/../lib/gcc/arm-none-eabi/13.3.1/../../../../arm-none-eabi/lib/thumb/v7-m/nofp\libg.a(libc_a-lock.o)
                0x2000096a                __lock___sfp_recursive_mutex
 *fill*         0x2000096b        0x1 
 .bss.__atexit  0x2000096c        0x4 D:/Embedded/STM32CubeCLT/STM32CubeCLT_1.19.0/GNU-tools-for-STM32/bin/../lib/gcc/arm-none-eabi/13.3.1/../../../../arm-none-eabi/lib/thumb/v7-m/nofp\libg.a(libc_a-__call_atexit.o)
                0x2000096c                __atexit
 .bss.__malloc_current_mallinfo
                0x20000970       0x28 D:/Embedded/STM32CubeCLT/STM32CubeCLT_1.19.0/GNU-tools-for-STM32/bin/../lib/gcc/arm-none-eabi/13.3.1/../../../../arm-none-eabi/lib/thumb/v7-m/nofp\libg.a(libc_a-mallocr.o)
                0x20000970                __malloc_current_mallinfo
 .bss.__malloc_max_total_mem
                0x20000998        0x4 D:/Embedded/STM32CubeCLT/STM32CubeCLT_1.19.0/GNU-tools-for-STM32/bin/../lib/gcc/arm-none-eabi/13.3.1/../../../../arm-none-eabi/lib/thumb/v7-m/nofp\libg.a(libc_a-mallocr.o)
                0x20000998                __malloc_max_total_mem
 .bss.__malloc_max_sbrked_mem
                0x2000099c        0x4 D:/Embedded/STM32CubeCLT/STM32CubeCLT_1.19.0/GNU-tools-for-STM32/bin/../lib/gcc/arm-none-eabi/13.3.1/../../../../arm-none-eabi/lib/thumb/v7-m/nofp\libg.a(libc_a-mallocr.o)
                0x2000099c                __malloc_max_sbrked_mem
 .bss.__malloc_top_pad
                0x200009a0        0x4 D:/Embedded/STM32CubeCLT/STM32CubeCLT_1.19.0/GNU-tools-for-STM32/bin/../lib/gcc/arm-none-eabi/13.3.1/../../../../arm-none-eabi/lib/thumb/v7-m/nofp\libg.a(libc_a-mallocr.o)
                0x200009a0                __malloc_top_pad
 .bss.__atexit0
                0x200009a4      0x190 D:/Embedded/STM32CubeCLT/STM32CubeCLT_1.19.0/GNU-tools-for-STM32/bin/../lib/gcc/arm-none-eabi/13.3.1/../../../../arm-none-eabi/lib/thumb/v7-m/nofp\libg.a(libc_a-__atexit.o)
                0x200009a4                __atexit0
 *(COMMON)
                0x20000b34                        . = ALIGN (0x4)
                0x20000b34                        _ebss = .
                0x20000b34                        __bss_end__ = _ebss

._user_heap_stack
                0x20000b34      0x604 load address 0x080084f0
                0x20000b38                        . = ALIGN (0x8)
 *fill*         0x20000b34        0x4 
                [!provide]                        PROVIDE (end = .)
                0x20000b38                        PROVIDE (_end = .)
                0x20000d38                        . = (. + _Min_Heap_Size)
 *fill*         0x20000b38      0x200 
                0x20001138                        . = (. + _Min_Stack_Size)
 *fill*         0x20000d38      0x400 
                0x20001138                        . = ALIGN (0x8)

/DISCARD/
 libc.a(*)
 libm.a(*)
 libgcc.a(*)

.ARM.attributes
                0x00000000       0x29
 *(.ARM.attributes)
 .ARM.attributes
                0x00000000       0x1d D:/Embedded/STM32CubeCLT/STM32CubeCLT_1.19.0/GNU-tools-for-STM32/bin/../lib/gcc/arm-none-eabi/13.3.1/thumb/v7-m/nofp/crti.o
 .ARM.attributes
                0x0000001d       0x2d D:/Embedded/STM32CubeCLT/STM32CubeCLT_1.19.0/GNU-tools-for-STM32/bin/../lib/gcc/arm-none-eabi/13.3.1/thumb/v7-m/nofp/crtbegin.o
 .ARM.attributes
                0x0000004a       0x2d CMakeFiles/FPV_ctrl_demo.elf.dir/Core/Src/gpio.c.obj
 .ARM.attributes
                0x00000077       0x2d CMakeFiles/FPV_ctrl_demo.elf.dir/Core/Src/main.c.obj
 .ARM.attributes
                0x000000a4       0x2d CMakeFiles/FPV_ctrl_demo.elf.dir/Core/Src/stm32f1xx_hal_msp.c.obj
 .ARM.attributes
                0x000000d1       0x2d CMakeFiles/FPV_ctrl_demo.elf.dir/Core/Src/stm32f1xx_it.c.obj
 .ARM.attributes
                0x000000fe       0x2d CMakeFiles/FPV_ctrl_demo.elf.dir/Core/Src/syscalls.c.obj
 .ARM.attributes
                0x0000012b       0x2d CMakeFiles/FPV_ctrl_demo.elf.dir/Core/Src/sysmem.c.obj
 .ARM.attributes
                0x00000158       0x2d CMakeFiles/FPV_ctrl_demo.elf.dir/Core/Src/system_stm32f1xx.c.obj
 .ARM.attributes
                0x00000185       0x2d CMakeFiles/FPV_ctrl_demo.elf.dir/Core/Src/tim.c.obj
 .ARM.attributes
                0x000001b2       0x2d CMakeFiles/FPV_ctrl_demo.elf.dir/Core/Src/usart.c.obj
 .ARM.attributes
                0x000001df       0x21 CMakeFiles/FPV_ctrl_demo.elf.dir/Core/Startup/startup_stm32f103c8tx.s.obj
 .ARM.attributes
                0x00000200       0x2d CMakeFiles/FPV_ctrl_demo.elf.dir/Drivers/STM32F1xx_HAL_Driver/Src/stm32f1xx_hal.c.obj
 .ARM.attributes
                0x0000022d       0x2d CMakeFiles/FPV_ctrl_demo.elf.dir/Drivers/STM32F1xx_HAL_Driver/Src/stm32f1xx_hal_cortex.c.obj
 .ARM.attributes
                0x0000025a       0x2d CMakeFiles/FPV_ctrl_demo.elf.dir/Drivers/STM32F1xx_HAL_Driver/Src/stm32f1xx_hal_gpio.c.obj
 .ARM.attributes
                0x00000287       0x2d CMakeFiles/FPV_ctrl_demo.elf.dir/Drivers/STM32F1xx_HAL_Driver/Src/stm32f1xx_hal_rcc.c.obj
 .ARM.attributes
                0x000002b4       0x2d CMakeFiles/FPV_ctrl_demo.elf.dir/Drivers/STM32F1xx_HAL_Driver/Src/stm32f1xx_hal_tim.c.obj
 .ARM.attributes
                0x000002e1       0x2d CMakeFiles/FPV_ctrl_demo.elf.dir/Drivers/STM32F1xx_HAL_Driver/Src/stm32f1xx_hal_tim_ex.c.obj
 .ARM.attributes
                0x0000030e       0x2d CMakeFiles/FPV_ctrl_demo.elf.dir/Drivers/STM32F1xx_HAL_Driver/Src/stm32f1xx_hal_uart.c.obj
 .ARM.attributes
                0x0000033b       0x2d CMakeFiles/FPV_ctrl_demo.elf.dir/UserApp/Src/Motor.c.obj
 .ARM.attributes
                0x00000368       0x2d CMakeFiles/FPV_ctrl_demo.elf.dir/UserApp/Src/retarget.c.obj
 .ARM.attributes
                0x00000395       0x2d D:/Embedded/STM32CubeCLT/STM32CubeCLT_1.19.0/GNU-tools-for-STM32/bin/../lib/gcc/arm-none-eabi/13.3.1/../../../../arm-none-eabi/lib/thumb/v7-m/nofp\libg.a(libc_a-findfp.o)
 .ARM.attributes
                0x000003c2       0x2d D:/Embedded/STM32CubeCLT/STM32CubeCLT_1.19.0/GNU-tools-for-STM32/bin/../lib/gcc/arm-none-eabi/13.3.1/../../../../arm-none-eabi/lib/thumb/v7-m/nofp\libg.a(libc_a-fwalk.o)
 .ARM.attributes
                0x000003ef       0x2d D:/Embedded/STM32CubeCLT/STM32CubeCLT_1.19.0/GNU-tools-for-STM32/bin/../lib/gcc/arm-none-eabi/13.3.1/../../../../arm-none-eabi/lib/thumb/v7-m/nofp\libg.a(libc_a-printf.o)
 .ARM.attributes
                0x0000041c       0x2d D:/Embedded/STM32CubeCLT/STM32CubeCLT_1.19.0/GNU-tools-for-STM32/bin/../lib/gcc/arm-none-eabi/13.3.1/../../../../arm-none-eabi/lib/thumb/v7-m/nofp\libg.a(libc_a-puts.o)
 .ARM.attributes
                0x00000449       0x2d D:/Embedded/STM32CubeCLT/STM32CubeCLT_1.19.0/GNU-tools-for-STM32/bin/../lib/gcc/arm-none-eabi/13.3.1/../../../../arm-none-eabi/lib/thumb/v7-m/nofp\libg.a(libc_a-setvbuf.o)
 .ARM.attributes
                0x00000476       0x2d D:/Embedded/STM32CubeCLT/STM32CubeCLT_1.19.0/GNU-tools-for-STM32/bin/../lib/gcc/arm-none-eabi/13.3.1/../../../../arm-none-eabi/lib/thumb/v7-m/nofp\libg.a(libc_a-stdio.o)
 .ARM.attributes
                0x000004a3       0x2d D:/Embedded/STM32CubeCLT/STM32CubeCLT_1.19.0/GNU-tools-for-STM32/bin/../lib/gcc/arm-none-eabi/13.3.1/../../../../arm-none-eabi/lib/thumb/v7-m/nofp\libg.a(libc_a-memset.o)
 .ARM.attributes
                0x000004d0       0x2d D:/Embedded/STM32CubeCLT/STM32CubeCLT_1.19.0/GNU-tools-for-STM32/bin/../lib/gcc/arm-none-eabi/13.3.1/../../../../arm-none-eabi/lib/thumb/v7-m/nofp\libg.a(libc_a-closer.o)
 .ARM.attributes
                0x000004fd       0x2d D:/Embedded/STM32CubeCLT/STM32CubeCLT_1.19.0/GNU-tools-for-STM32/bin/../lib/gcc/arm-none-eabi/13.3.1/../../../../arm-none-eabi/lib/thumb/v7-m/nofp\libg.a(libc_a-reent.o)
 .ARM.attributes
                0x0000052a       0x2d D:/Embedded/STM32CubeCLT/STM32CubeCLT_1.19.0/GNU-tools-for-STM32/bin/../lib/gcc/arm-none-eabi/13.3.1/../../../../arm-none-eabi/lib/thumb/v7-m/nofp\libg.a(libc_a-impure.o)
 .ARM.attributes
                0x00000557       0x2d D:/Embedded/STM32CubeCLT/STM32CubeCLT_1.19.0/GNU-tools-for-STM32/bin/../lib/gcc/arm-none-eabi/13.3.1/../../../../arm-none-eabi/lib/thumb/v7-m/nofp\libg.a(libc_a-lseekr.o)
 .ARM.attributes
                0x00000584       0x2d D:/Embedded/STM32CubeCLT/STM32CubeCLT_1.19.0/GNU-tools-for-STM32/bin/../lib/gcc/arm-none-eabi/13.3.1/../../../../arm-none-eabi/lib/thumb/v7-m/nofp\libg.a(libc_a-readr.o)
 .ARM.attributes
                0x000005b1       0x2d D:/Embedded/STM32CubeCLT/STM32CubeCLT_1.19.0/GNU-tools-for-STM32/bin/../lib/gcc/arm-none-eabi/13.3.1/../../../../arm-none-eabi/lib/thumb/v7-m/nofp\libg.a(libc_a-writer.o)
 .ARM.attributes
                0x000005de       0x2d D:/Embedded/STM32CubeCLT/STM32CubeCLT_1.19.0/GNU-tools-for-STM32/bin/../lib/gcc/arm-none-eabi/13.3.1/../../../../arm-none-eabi/lib/thumb/v7-m/nofp\libg.a(libc_a-errno.o)
 .ARM.attributes
                0x0000060b       0x2d D:/Embedded/STM32CubeCLT/STM32CubeCLT_1.19.0/GNU-tools-for-STM32/bin/../lib/gcc/arm-none-eabi/13.3.1/../../../../arm-none-eabi/lib/thumb/v7-m/nofp\libg.a(libc_a-init.o)
 .ARM.attributes
                0x00000638       0x2d D:/Embedded/STM32CubeCLT/STM32CubeCLT_1.19.0/GNU-tools-for-STM32/bin/../lib/gcc/arm-none-eabi/13.3.1/../../../../arm-none-eabi/lib/thumb/v7-m/nofp\libg.a(libc_a-lock.o)
 .ARM.attributes
                0x00000665       0x17 D:/Embedded/STM32CubeCLT/STM32CubeCLT_1.19.0/GNU-tools-for-STM32/bin/../lib/gcc/arm-none-eabi/13.3.1/../../../../arm-none-eabi/lib/thumb/v7-m/nofp\libg.a(libc_a-strlen.o)
 .ARM.attributes
                0x0000067c       0x2d D:/Embedded/STM32CubeCLT/STM32CubeCLT_1.19.0/GNU-tools-for-STM32/bin/../lib/gcc/arm-none-eabi/13.3.1/../../../../arm-none-eabi/lib/thumb/v7-m/nofp\libg.a(libc_a-__call_atexit.o)
 .ARM.attributes
                0x000006a9       0x2d D:/Embedded/STM32CubeCLT/STM32CubeCLT_1.19.0/GNU-tools-for-STM32/bin/../lib/gcc/arm-none-eabi/13.3.1/../../../../arm-none-eabi/lib/thumb/v7-m/nofp\libg.a(libc_a-atexit.o)
 .ARM.attributes
                0x000006d6       0x2d D:/Embedded/STM32CubeCLT/STM32CubeCLT_1.19.0/GNU-tools-for-STM32/bin/../lib/gcc/arm-none-eabi/13.3.1/../../../../arm-none-eabi/lib/thumb/v7-m/nofp\libg.a(libc_a-freer.o)
 .ARM.attributes
                0x00000703       0x2d D:/Embedded/STM32CubeCLT/STM32CubeCLT_1.19.0/GNU-tools-for-STM32/bin/../lib/gcc/arm-none-eabi/13.3.1/../../../../arm-none-eabi/lib/thumb/v7-m/nofp\libg.a(libc_a-malloc.o)
 .ARM.attributes
                0x00000730       0x2d D:/Embedded/STM32CubeCLT/STM32CubeCLT_1.19.0/GNU-tools-for-STM32/bin/../lib/gcc/arm-none-eabi/13.3.1/../../../../arm-none-eabi/lib/thumb/v7-m/nofp\libg.a(libc_a-mallocr.o)
 .ARM.attributes
                0x0000075d       0x2d D:/Embedded/STM32CubeCLT/STM32CubeCLT_1.19.0/GNU-tools-for-STM32/bin/../lib/gcc/arm-none-eabi/13.3.1/../../../../arm-none-eabi/lib/thumb/v7-m/nofp\libg.a(libc_a-mlock.o)
 .ARM.attributes
                0x0000078a       0x2d D:/Embedded/STM32CubeCLT/STM32CubeCLT_1.19.0/GNU-tools-for-STM32/bin/../lib/gcc/arm-none-eabi/13.3.1/../../../../arm-none-eabi/lib/thumb/v7-m/nofp\libg.a(libc_a-vfprintf.o)
 .ARM.attributes
                0x000007b7       0x2d D:/Embedded/STM32CubeCLT/STM32CubeCLT_1.19.0/GNU-tools-for-STM32/bin/../lib/gcc/arm-none-eabi/13.3.1/../../../../arm-none-eabi/lib/thumb/v7-m/nofp\libg.a(libc_a-sprint_r.o)
 .ARM.attributes
                0x000007e4       0x2d D:/Embedded/STM32CubeCLT/STM32CubeCLT_1.19.0/GNU-tools-for-STM32/bin/../lib/gcc/arm-none-eabi/13.3.1/../../../../arm-none-eabi/lib/thumb/v7-m/nofp\libg.a(libc_a-fclose.o)
 .ARM.attributes
                0x00000811       0x2d D:/Embedded/STM32CubeCLT/STM32CubeCLT_1.19.0/GNU-tools-for-STM32/bin/../lib/gcc/arm-none-eabi/13.3.1/../../../../arm-none-eabi/lib/thumb/v7-m/nofp\libg.a(libc_a-fflush.o)
 .ARM.attributes
                0x0000083e       0x2d D:/Embedded/STM32CubeCLT/STM32CubeCLT_1.19.0/GNU-tools-for-STM32/bin/../lib/gcc/arm-none-eabi/13.3.1/../../../../arm-none-eabi/lib/thumb/v7-m/nofp\libg.a(libc_a-fvwrite.o)
 .ARM.attributes
                0x0000086b       0x2d D:/Embedded/STM32CubeCLT/STM32CubeCLT_1.19.0/GNU-tools-for-STM32/bin/../lib/gcc/arm-none-eabi/13.3.1/../../../../arm-none-eabi/lib/thumb/v7-m/nofp\libg.a(libc_a-makebuf.o)
 .ARM.attributes
                0x00000898       0x2d D:/Embedded/STM32CubeCLT/STM32CubeCLT_1.19.0/GNU-tools-for-STM32/bin/../lib/gcc/arm-none-eabi/13.3.1/../../../../arm-none-eabi/lib/thumb/v7-m/nofp\libg.a(libc_a-wsetup.o)
 .ARM.attributes
                0x000008c5       0x2d D:/Embedded/STM32CubeCLT/STM32CubeCLT_1.19.0/GNU-tools-for-STM32/bin/../lib/gcc/arm-none-eabi/13.3.1/../../../../arm-none-eabi/lib/thumb/v7-m/nofp\libg.a(libc_a-memmove.o)
 .ARM.attributes
                0x000008f2       0x2d D:/Embedded/STM32CubeCLT/STM32CubeCLT_1.19.0/GNU-tools-for-STM32/bin/../lib/gcc/arm-none-eabi/13.3.1/../../../../arm-none-eabi/lib/thumb/v7-m/nofp\libg.a(libc_a-strncpy.o)
 .ARM.attributes
                0x0000091f       0x2d D:/Embedded/STM32CubeCLT/STM32CubeCLT_1.19.0/GNU-tools-for-STM32/bin/../lib/gcc/arm-none-eabi/13.3.1/../../../../arm-none-eabi/lib/thumb/v7-m/nofp\libg.a(libc_a-localeconv.o)
 .ARM.attributes
                0x0000094c       0x2d D:/Embedded/STM32CubeCLT/STM32CubeCLT_1.19.0/GNU-tools-for-STM32/bin/../lib/gcc/arm-none-eabi/13.3.1/../../../../arm-none-eabi/lib/thumb/v7-m/nofp\libg.a(libc_a-fstatr.o)
 .ARM.attributes
                0x00000979       0x2d D:/Embedded/STM32CubeCLT/STM32CubeCLT_1.19.0/GNU-tools-for-STM32/bin/../lib/gcc/arm-none-eabi/13.3.1/../../../../arm-none-eabi/lib/thumb/v7-m/nofp\libg.a(libc_a-isattyr.o)
 .ARM.attributes
                0x000009a6       0x2d D:/Embedded/STM32CubeCLT/STM32CubeCLT_1.19.0/GNU-tools-for-STM32/bin/../lib/gcc/arm-none-eabi/13.3.1/../../../../arm-none-eabi/lib/thumb/v7-m/nofp\libg.a(libc_a-sbrkr.o)
 .ARM.attributes
                0x000009d3       0x2d D:/Embedded/STM32CubeCLT/STM32CubeCLT_1.19.0/GNU-tools-for-STM32/bin/../lib/gcc/arm-none-eabi/13.3.1/../../../../arm-none-eabi/lib/thumb/v7-m/nofp\libg.a(libc_a-fini.o)
 .ARM.attributes
                0x00000a00       0x2d D:/Embedded/STM32CubeCLT/STM32CubeCLT_1.19.0/GNU-tools-for-STM32/bin/../lib/gcc/arm-none-eabi/13.3.1/../../../../arm-none-eabi/lib/thumb/v7-m/nofp\libg.a(libc_a-sysconf.o)
 .ARM.attributes
                0x00000a2d       0x2d D:/Embedded/STM32CubeCLT/STM32CubeCLT_1.19.0/GNU-tools-for-STM32/bin/../lib/gcc/arm-none-eabi/13.3.1/../../../../arm-none-eabi/lib/thumb/v7-m/nofp\libg.a(libc_a-memchr-stub.o)
 .ARM.attributes
                0x00000a5a       0x2d D:/Embedded/STM32CubeCLT/STM32CubeCLT_1.19.0/GNU-tools-for-STM32/bin/../lib/gcc/arm-none-eabi/13.3.1/../../../../arm-none-eabi/lib/thumb/v7-m/nofp\libg.a(libc_a-memcpy-stub.o)
 .ARM.attributes
                0x00000a87       0x2d D:/Embedded/STM32CubeCLT/STM32CubeCLT_1.19.0/GNU-tools-for-STM32/bin/../lib/gcc/arm-none-eabi/13.3.1/../../../../arm-none-eabi/lib/thumb/v7-m/nofp\libg.a(libm_a-s_frexp.o)
 .ARM.attributes
                0x00000ab4       0x2d D:/Embedded/STM32CubeCLT/STM32CubeCLT_1.19.0/GNU-tools-for-STM32/bin/../lib/gcc/arm-none-eabi/13.3.1/../../../../arm-none-eabi/lib/thumb/v7-m/nofp\libg.a(libc_a-__atexit.o)
 .ARM.attributes
                0x00000ae1       0x2d D:/Embedded/STM32CubeCLT/STM32CubeCLT_1.19.0/GNU-tools-for-STM32/bin/../lib/gcc/arm-none-eabi/13.3.1/../../../../arm-none-eabi/lib/thumb/v7-m/nofp\libg.a(libc_a-dtoa.o)
 .ARM.attributes
                0x00000b0e       0x2d D:/Embedded/STM32CubeCLT/STM32CubeCLT_1.19.0/GNU-tools-for-STM32/bin/../lib/gcc/arm-none-eabi/13.3.1/../../../../arm-none-eabi/lib/thumb/v7-m/nofp\libg.a(libc_a-mprec.o)
 .ARM.attributes
                0x00000b3b       0x2d D:/Embedded/STM32CubeCLT/STM32CubeCLT_1.19.0/GNU-tools-for-STM32/bin/../lib/gcc/arm-none-eabi/13.3.1/../../../../arm-none-eabi/lib/thumb/v7-m/nofp\libg.a(libc_a-reallocr.o)
 .ARM.attributes
                0x00000b68       0x2d D:/Embedded/STM32CubeCLT/STM32CubeCLT_1.19.0/GNU-tools-for-STM32/bin/../lib/gcc/arm-none-eabi/13.3.1/../../../../arm-none-eabi/lib/thumb/v7-m/nofp\libg.a(libc_a-locale.o)
 .ARM.attributes
                0x00000b95       0x2d D:/Embedded/STM32CubeCLT/STM32CubeCLT_1.19.0/GNU-tools-for-STM32/bin/../lib/gcc/arm-none-eabi/13.3.1/../../../../arm-none-eabi/lib/thumb/v7-m/nofp\libg.a(libc_a-assert.o)
 .ARM.attributes
                0x00000bc2       0x2d D:/Embedded/STM32CubeCLT/STM32CubeCLT_1.19.0/GNU-tools-for-STM32/bin/../lib/gcc/arm-none-eabi/13.3.1/../../../../arm-none-eabi/lib/thumb/v7-m/nofp\libg.a(libc_a-callocr.o)
 .ARM.attributes
                0x00000bef       0x2d D:/Embedded/STM32CubeCLT/STM32CubeCLT_1.19.0/GNU-tools-for-STM32/bin/../lib/gcc/arm-none-eabi/13.3.1/../../../../arm-none-eabi/lib/thumb/v7-m/nofp\libg.a(libc_a-mbtowc_r.o)
 .ARM.attributes
                0x00000c1c       0x2d D:/Embedded/STM32CubeCLT/STM32CubeCLT_1.19.0/GNU-tools-for-STM32/bin/../lib/gcc/arm-none-eabi/13.3.1/../../../../arm-none-eabi/lib/thumb/v7-m/nofp\libg.a(libc_a-wctomb_r.o)
 .ARM.attributes
                0x00000c49       0x2d D:/Embedded/STM32CubeCLT/STM32CubeCLT_1.19.0/GNU-tools-for-STM32/bin/../lib/gcc/arm-none-eabi/13.3.1/../../../../arm-none-eabi/lib/thumb/v7-m/nofp\libg.a(libc_a-ctype_.o)
 .ARM.attributes
                0x00000c76       0x2d D:/Embedded/STM32CubeCLT/STM32CubeCLT_1.19.0/GNU-tools-for-STM32/bin/../lib/gcc/arm-none-eabi/13.3.1/../../../../arm-none-eabi/lib/thumb/v7-m/nofp\libg.a(libc_a-fiprintf.o)
 .ARM.attributes
                0x00000ca3       0x2d D:/Embedded/STM32CubeCLT/STM32CubeCLT_1.19.0/GNU-tools-for-STM32/bin/../lib/gcc/arm-none-eabi/13.3.1/../../../../arm-none-eabi/lib/thumb/v7-m/nofp\libg.a(libc_a-vfiprintf.o)
 .ARM.attributes
                0x00000cd0       0x2d D:/Embedded/STM32CubeCLT/STM32CubeCLT_1.19.0/GNU-tools-for-STM32/bin/../lib/gcc/arm-none-eabi/13.3.1/../../../../arm-none-eabi/lib/thumb/v7-m/nofp\libg.a(libc_a-abort.o)
 .ARM.attributes
                0x00000cfd       0x2d D:/Embedded/STM32CubeCLT/STM32CubeCLT_1.19.0/GNU-tools-for-STM32/bin/../lib/gcc/arm-none-eabi/13.3.1/../../../../arm-none-eabi/lib/thumb/v7-m/nofp\libg.a(libc_a-signal.o)
 .ARM.attributes
                0x00000d2a       0x2d D:/Embedded/STM32CubeCLT/STM32CubeCLT_1.19.0/GNU-tools-for-STM32/bin/../lib/gcc/arm-none-eabi/13.3.1/../../../../arm-none-eabi/lib/thumb/v7-m/nofp\libg.a(libc_a-signalr.o)
 .ARM.attributes
                0x00000d57       0x1d D:/Embedded/STM32CubeCLT/STM32CubeCLT_1.19.0/GNU-tools-for-STM32/bin/../lib/gcc/arm-none-eabi/13.3.1/thumb/v7-m/nofp\libgcc.a(_arm_addsubdf3.o)
 .ARM.attributes
                0x00000d74       0x1d D:/Embedded/STM32CubeCLT/STM32CubeCLT_1.19.0/GNU-tools-for-STM32/bin/../lib/gcc/arm-none-eabi/13.3.1/thumb/v7-m/nofp\libgcc.a(_arm_muldivdf3.o)
 .ARM.attributes
                0x00000d91       0x1d D:/Embedded/STM32CubeCLT/STM32CubeCLT_1.19.0/GNU-tools-for-STM32/bin/../lib/gcc/arm-none-eabi/13.3.1/thumb/v7-m/nofp\libgcc.a(_arm_cmpdf2.o)
 .ARM.attributes
                0x00000dae       0x1d D:/Embedded/STM32CubeCLT/STM32CubeCLT_1.19.0/GNU-tools-for-STM32/bin/../lib/gcc/arm-none-eabi/13.3.1/thumb/v7-m/nofp\libgcc.a(_arm_unorddf2.o)
 .ARM.attributes
                0x00000dcb       0x1d D:/Embedded/STM32CubeCLT/STM32CubeCLT_1.19.0/GNU-tools-for-STM32/bin/../lib/gcc/arm-none-eabi/13.3.1/thumb/v7-m/nofp\libgcc.a(_arm_fixdfsi.o)
 .ARM.attributes
                0x00000de8       0x1d D:/Embedded/STM32CubeCLT/STM32CubeCLT_1.19.0/GNU-tools-for-STM32/bin/../lib/gcc/arm-none-eabi/13.3.1/thumb/v7-m/nofp\libgcc.a(_aeabi_uldivmod.o)
 .ARM.attributes
                0x00000e05       0x2d D:/Embedded/STM32CubeCLT/STM32CubeCLT_1.19.0/GNU-tools-for-STM32/bin/../lib/gcc/arm-none-eabi/13.3.1/thumb/v7-m/nofp\libgcc.a(_udivmoddi4.o)
 .ARM.attributes
                0x00000e32       0x1d D:/Embedded/STM32CubeCLT/STM32CubeCLT_1.19.0/GNU-tools-for-STM32/bin/../lib/gcc/arm-none-eabi/13.3.1/thumb/v7-m/nofp\libgcc.a(_dvmd_tls.o)
 .ARM.attributes
                0x00000e4f       0x1d D:/Embedded/STM32CubeCLT/STM32CubeCLT_1.19.0/GNU-tools-for-STM32/bin/../lib/gcc/arm-none-eabi/13.3.1/thumb/v7-m/nofp/crtn.o
OUTPUT(FPV_ctrl_demo.elf elf32-littlearm)
LOAD linker stubs
LOAD D:/Embedded/STM32CubeCLT/STM32CubeCLT_1.19.0/GNU-tools-for-STM32/bin/../lib/gcc/arm-none-eabi/13.3.1/../../../../arm-none-eabi/lib/thumb/v7-m/nofp\libc.a
LOAD D:/Embedded/STM32CubeCLT/STM32CubeCLT_1.19.0/GNU-tools-for-STM32/bin/../lib/gcc/arm-none-eabi/13.3.1/../../../../arm-none-eabi/lib/thumb/v7-m/nofp\libm.a
LOAD D:/Embedded/STM32CubeCLT/STM32CubeCLT_1.19.0/GNU-tools-for-STM32/bin/../lib/gcc/arm-none-eabi/13.3.1/thumb/v7-m/nofp\libgcc.a

.debug_info     0x00000000    0x2ddc4
 .debug_info    0x00000000      0x2ee CMakeFiles/FPV_ctrl_demo.elf.dir/Core/Src/gpio.c.obj
 .debug_info    0x000002ee      0xd48 CMakeFiles/FPV_ctrl_demo.elf.dir/Core/Src/main.c.obj
 .debug_info    0x00001036      0x1f4 CMakeFiles/FPV_ctrl_demo.elf.dir/Core/Src/stm32f1xx_hal_msp.c.obj
 .debug_info    0x0000122a      0x6b9 CMakeFiles/FPV_ctrl_demo.elf.dir/Core/Src/stm32f1xx_it.c.obj
 .debug_info    0x000018e3      0x6b0 CMakeFiles/FPV_ctrl_demo.elf.dir/Core/Src/syscalls.c.obj
 .debug_info    0x00001f93      0x171 CMakeFiles/FPV_ctrl_demo.elf.dir/Core/Src/sysmem.c.obj
 .debug_info    0x00002104      0x22d CMakeFiles/FPV_ctrl_demo.elf.dir/Core/Src/system_stm32f1xx.c.obj
 .debug_info    0x00002331     0x1233 CMakeFiles/FPV_ctrl_demo.elf.dir/Core/Src/tim.c.obj
 .debug_info    0x00003564      0x80b CMakeFiles/FPV_ctrl_demo.elf.dir/Core/Src/usart.c.obj
 .debug_info    0x00003d6f       0x30 CMakeFiles/FPV_ctrl_demo.elf.dir/Core/Startup/startup_stm32f103c8tx.s.obj
 .debug_info    0x00003d9f      0x7a3 CMakeFiles/FPV_ctrl_demo.elf.dir/Drivers/STM32F1xx_HAL_Driver/Src/stm32f1xx_hal.c.obj
 .debug_info    0x00004542      0xcd9 CMakeFiles/FPV_ctrl_demo.elf.dir/Drivers/STM32F1xx_HAL_Driver/Src/stm32f1xx_hal_cortex.c.obj
 .debug_info    0x0000521b      0x604 CMakeFiles/FPV_ctrl_demo.elf.dir/Drivers/STM32F1xx_HAL_Driver/Src/stm32f1xx_hal_gpio.c.obj
 .debug_info    0x0000581f      0x9c7 CMakeFiles/FPV_ctrl_demo.elf.dir/Drivers/STM32F1xx_HAL_Driver/Src/stm32f1xx_hal_rcc.c.obj
 .debug_info    0x000061e6     0x3be7 CMakeFiles/FPV_ctrl_demo.elf.dir/Drivers/STM32F1xx_HAL_Driver/Src/stm32f1xx_hal_tim.c.obj
 .debug_info    0x00009dcd     0x1aac CMakeFiles/FPV_ctrl_demo.elf.dir/Drivers/STM32F1xx_HAL_Driver/Src/stm32f1xx_hal_tim_ex.c.obj
 .debug_info    0x0000b879     0x407d CMakeFiles/FPV_ctrl_demo.elf.dir/Drivers/STM32F1xx_HAL_Driver/Src/stm32f1xx_hal_uart.c.obj
 .debug_info    0x0000f8f6      0x808 CMakeFiles/FPV_ctrl_demo.elf.dir/UserApp/Src/Motor.c.obj
 .debug_info    0x000100fe     0x114f CMakeFiles/FPV_ctrl_demo.elf.dir/UserApp/Src/retarget.c.obj
 .debug_info    0x0001124d      0xfee D:/Embedded/STM32CubeCLT/STM32CubeCLT_1.19.0/GNU-tools-for-STM32/bin/../lib/gcc/arm-none-eabi/13.3.1/../../../../arm-none-eabi/lib/thumb/v7-m/nofp\libg.a(libc_a-findfp.o)
 .debug_info    0x0001223b      0x80b D:/Embedded/STM32CubeCLT/STM32CubeCLT_1.19.0/GNU-tools-for-STM32/bin/../lib/gcc/arm-none-eabi/13.3.1/../../../../arm-none-eabi/lib/thumb/v7-m/nofp\libg.a(libc_a-fwalk.o)
 .debug_info    0x00012a46      0x87c D:/Embedded/STM32CubeCLT/STM32CubeCLT_1.19.0/GNU-tools-for-STM32/bin/../lib/gcc/arm-none-eabi/13.3.1/../../../../arm-none-eabi/lib/thumb/v7-m/nofp\libg.a(libc_a-printf.o)
 .debug_info    0x000132c2      0x961 D:/Embedded/STM32CubeCLT/STM32CubeCLT_1.19.0/GNU-tools-for-STM32/bin/../lib/gcc/arm-none-eabi/13.3.1/../../../../arm-none-eabi/lib/thumb/v7-m/nofp\libg.a(libc_a-puts.o)
 .debug_info    0x00013c23      0x984 D:/Embedded/STM32CubeCLT/STM32CubeCLT_1.19.0/GNU-tools-for-STM32/bin/../lib/gcc/arm-none-eabi/13.3.1/../../../../arm-none-eabi/lib/thumb/v7-m/nofp\libg.a(libc_a-setvbuf.o)
 .debug_info    0x000145a7      0xacb D:/Embedded/STM32CubeCLT/STM32CubeCLT_1.19.0/GNU-tools-for-STM32/bin/../lib/gcc/arm-none-eabi/13.3.1/../../../../arm-none-eabi/lib/thumb/v7-m/nofp\libg.a(libc_a-stdio.o)
 .debug_info    0x00015072       0xe0 D:/Embedded/STM32CubeCLT/STM32CubeCLT_1.19.0/GNU-tools-for-STM32/bin/../lib/gcc/arm-none-eabi/13.3.1/../../../../arm-none-eabi/lib/thumb/v7-m/nofp\libg.a(libc_a-memset.o)
 .debug_info    0x00015152      0x798 D:/Embedded/STM32CubeCLT/STM32CubeCLT_1.19.0/GNU-tools-for-STM32/bin/../lib/gcc/arm-none-eabi/13.3.1/../../../../arm-none-eabi/lib/thumb/v7-m/nofp\libg.a(libc_a-closer.o)
 .debug_info    0x000158ea      0x850 D:/Embedded/STM32CubeCLT/STM32CubeCLT_1.19.0/GNU-tools-for-STM32/bin/../lib/gcc/arm-none-eabi/13.3.1/../../../../arm-none-eabi/lib/thumb/v7-m/nofp\libg.a(libc_a-reent.o)
 .debug_info    0x0001613a      0x750 D:/Embedded/STM32CubeCLT/STM32CubeCLT_1.19.0/GNU-tools-for-STM32/bin/../lib/gcc/arm-none-eabi/13.3.1/../../../../arm-none-eabi/lib/thumb/v7-m/nofp\libg.a(libc_a-impure.o)
 .debug_info    0x0001688a      0x7e3 D:/Embedded/STM32CubeCLT/STM32CubeCLT_1.19.0/GNU-tools-for-STM32/bin/../lib/gcc/arm-none-eabi/13.3.1/../../../../arm-none-eabi/lib/thumb/v7-m/nofp\libg.a(libc_a-lseekr.o)
 .debug_info    0x0001706d      0x7fa D:/Embedded/STM32CubeCLT/STM32CubeCLT_1.19.0/GNU-tools-for-STM32/bin/../lib/gcc/arm-none-eabi/13.3.1/../../../../arm-none-eabi/lib/thumb/v7-m/nofp\libg.a(libc_a-readr.o)